Component: ARM Compiler 5.05 update 1 (build 106) Tool: armlink [4d0efa]

==============================================================================

Section Cross References

    main.o(i.Gizwits_Init) refers to timer.o(i.TIM3_Int_Init) for TIM3_Int_Init
    main.o(i.Gizwits_Init) refers to usart.o(i.usart3_init) for usart3_init
    main.o(i.Gizwits_Init) refers to gizwits_protocol.o(i.gizwitsInit) for gizwitsInit
    main.o(i.Gizwits_Init) refers to main.o(.data) for currentDataPoint
    main.o(i.main) refers to delay.o(i.delay_init) for delay_init
    main.o(i.main) refers to misc.o(i.NVIC_PriorityGroupConfig) for NVIC_PriorityGroupConfig
    main.o(i.main) refers to usart.o(i.uart_init) for uart_init
    main.o(i.main) refers to timer.o(i.TIM4_PWM_Init) for TIM4_PWM_Init
    main.o(i.main) refers to led.o(i.LED_Init) for LED_Init
    main.o(i.main) refers to key.o(i.KEY_Init) for KEY_Init
    main.o(i.main) refers to main.o(i.Gizwits_Init) for Gizwits_Init
    main.o(i.main) refers to noretval__2printf.o(.text) for __2printf
    main.o(i.main) refers to main.o(i.userHandle) for userHandle
    main.o(i.main) refers to gizwits_protocol.o(i.gizwitsHandle) for gizwitsHandle
    main.o(i.main) refers to key.o(i.KEY_Scan) for KEY_Scan
    main.o(i.main) refers to gizwits_protocol.o(i.gizwitsSetMode) for gizwitsSetMode
    main.o(i.main) refers to main.o(.data) for currentDataPoint
    main.o(i.userHandle) refers to main.o(.data) for currentDataPoint
    system_stm32f10x.o(i.SetSysClock) refers to system_stm32f10x.o(i.SetSysClockTo72) for SetSysClockTo72
    system_stm32f10x.o(i.SystemCoreClockUpdate) refers to system_stm32f10x.o(.data) for SystemCoreClock
    system_stm32f10x.o(i.SystemInit) refers to system_stm32f10x.o(i.SetSysClock) for SetSysClock
    delay.o(i.delay_init) refers to misc.o(i.SysTick_CLKSourceConfig) for SysTick_CLKSourceConfig
    delay.o(i.delay_init) refers to system_stm32f10x.o(.data) for SystemCoreClock
    delay.o(i.delay_init) refers to delay.o(.data) for fac_us
    delay.o(i.delay_ms) refers to delay.o(.data) for fac_ms
    delay.o(i.delay_us) refers to delay.o(.data) for fac_us
    usart.o(i.USART1_IRQHandler) refers (Special) to use_no_semi_2.o(.text) for __use_no_semihosting
    usart.o(i.USART1_IRQHandler) refers to stm32f10x_usart.o(i.USART_GetITStatus) for USART_GetITStatus
    usart.o(i.USART1_IRQHandler) refers to stm32f10x_usart.o(i.USART_ReceiveData) for USART_ReceiveData
    usart.o(i.USART1_IRQHandler) refers to usart.o(.data) for res
    usart.o(i.USART3_IRQHandler) refers (Special) to use_no_semi_2.o(.text) for __use_no_semihosting
    usart.o(i.USART3_IRQHandler) refers to stm32f10x_usart.o(i.USART_GetITStatus) for USART_GetITStatus
    usart.o(i.USART3_IRQHandler) refers to stm32f10x_usart.o(i.USART_ReceiveData) for USART_ReceiveData
    usart.o(i.USART3_IRQHandler) refers to gizwits_protocol.o(i.gizPutData) for gizPutData
    usart.o(i._sys_exit) refers (Special) to use_no_semi_2.o(.text) for __use_no_semihosting
    usart.o(i.fputc) refers (Special) to use_no_semi_2.o(.text) for __use_no_semihosting
    usart.o(i.uart_init) refers (Special) to use_no_semi_2.o(.text) for __use_no_semihosting
    usart.o(i.uart_init) refers to stm32f10x_rcc.o(i.RCC_APB2PeriphClockCmd) for RCC_APB2PeriphClockCmd
    usart.o(i.uart_init) refers to stm32f10x_gpio.o(i.GPIO_Init) for GPIO_Init
    usart.o(i.uart_init) refers to misc.o(i.NVIC_Init) for NVIC_Init
    usart.o(i.uart_init) refers to stm32f10x_usart.o(i.USART_Init) for USART_Init
    usart.o(i.uart_init) refers to stm32f10x_usart.o(i.USART_ITConfig) for USART_ITConfig
    usart.o(i.uart_init) refers to stm32f10x_usart.o(i.USART_Cmd) for USART_Cmd
    usart.o(i.usart3_init) refers (Special) to use_no_semi_2.o(.text) for __use_no_semihosting
    usart.o(i.usart3_init) refers to stm32f10x_rcc.o(i.RCC_APB2PeriphClockCmd) for RCC_APB2PeriphClockCmd
    usart.o(i.usart3_init) refers to stm32f10x_rcc.o(i.RCC_APB1PeriphClockCmd) for RCC_APB1PeriphClockCmd
    usart.o(i.usart3_init) refers to stm32f10x_usart.o(i.USART_DeInit) for USART_DeInit
    usart.o(i.usart3_init) refers to stm32f10x_gpio.o(i.GPIO_Init) for GPIO_Init
    usart.o(i.usart3_init) refers to stm32f10x_usart.o(i.USART_Init) for USART_Init
    usart.o(i.usart3_init) refers to stm32f10x_usart.o(i.USART_Cmd) for USART_Cmd
    usart.o(i.usart3_init) refers to stm32f10x_usart.o(i.USART_ITConfig) for USART_ITConfig
    usart.o(i.usart3_init) refers to misc.o(i.NVIC_Init) for NVIC_Init
    usart.o(.bss) refers (Special) to use_no_semi_2.o(.text) for __use_no_semihosting
    usart.o(.data) refers (Special) to use_no_semi_2.o(.text) for __use_no_semihosting
    startup_stm32f10x_hd.o(STACK) refers (Special) to heapauxi.o(.text) for __use_two_region_memory
    startup_stm32f10x_hd.o(HEAP) refers (Special) to heapauxi.o(.text) for __use_two_region_memory
    startup_stm32f10x_hd.o(RESET) refers (Special) to heapauxi.o(.text) for __use_two_region_memory
[...]
    Removing gizwits_product.o(i.UART_IRQ_FUN), (16 bytes).
    Removing gizwits_protocol.o(i.gizwitsGetNTP), (136 bytes).
    Removing gizwits_protocol.o(i.gizwitsPassthroughData), (248 bytes).
    Removing common.o(i.char2hex), (106 bytes).
    Removing common.o(i.checkStringIsNotZero), (46 bytes).
    Removing common.o(i.exchangeBytes), (26 bytes).
    Removing common.o(i.exchangeWord), (26 bytes).
    Removing common.o(i.get_yeardays), (24 bytes).
    Removing common.o(i.gizProtocolSum), (38 bytes).
    Removing common.o(i.hex2Str), (82 bytes).
    Removing common.o(i.isleap), (52 bytes).
    Removing common.o(i.returnNtp2Wt), (284 bytes).
    Removing common.o(i.returnWeekDay), (156 bytes).
    Removing common.o(i.str2Hex), (80 bytes).
    Removing common.o(.constdata), (48 bytes).
    Removing datapointtools.o(i.gizAcrossByteJudge), (42 bytes).
    Removing datapointtools.o(i.gizByteOrderExchange), (50 bytes).
    Removing datapointtools.o(i.gizStandardCompressValue), (128 bytes).
    Removing datapointtools.o(i.gizStandardDecompressionValue), (194 bytes).
    Removing datapointtools.o(i.gizVarlenCompressValue), (124 bytes).
    Removing datapointtools.o(i.gizVarlenDecompressionValue), (196 bytes).
    Removing datapointtools.o(i.gizX2Y), (12 bytes).
    Removing datapointtools.o(i.gizX2YFloat), (42 bytes).
    Removing datapointtools.o(i.gizY2X), (14 bytes).
    Removing datapointtools.o(i.gizY2XFloat), (42 bytes).
    Removing ringbuffer.o(i.rbCanRead), (56 bytes).
    Removing ringbuffer.o(i.rbCanWrite), (30 bytes).
    Removing ringbuffer.o(i.rbCapacity), (14 bytes).
    Removing ringbuffer.o(i.rbCreate), (22 bytes).
    Removing ringbuffer.o(i.rbDelete), (24 bytes).
    Removing ringbuffer.o(i.rbRead), (162 bytes).
    Removing ringbuffer.o(i.rbWrite), (154 bytes).

483 unused section(s) (total 20386 bytes) removed from the image.

==============================================================================

Image Symbol Table

    Local Symbols

    Symbol Name                              Value     Ov Type        Size  Object(Section)

    ../clib/angel/boardlib.s                 0x00000000   Number         0  boardinit2.o ABSOLUTE
    ../clib/angel/boardlib.s                 0x00000000   Number         0  boardshut.o ABSOLUTE
    ../clib/angel/boardlib.s                 0x00000000   Number         0  boardinit1.o ABSOLUTE
    ../clib/angel/boardlib.s                 0x00000000   Number         0  boardinit3.o ABSOLUTE
    ../clib/angel/handlers.s                 0x00000000   Number         0  __scatter_copy.o ABSOLUTE
    ../clib/angel/handlers.s                 0x00000000   Number         0  __scatter_zi.o ABSOLUTE
    ../clib/angel/kernel.s                   0x00000000   Number         0  __rtentry.o ABSOLUTE
    ../clib/angel/kernel.s                   0x00000000   Number         0  rtexit2.o ABSOLUTE
    ../clib/angel/kernel.s                   0x00000000   Number         0  rtexit.o ABSOLUTE
    ../clib/angel/kernel.s                   0x00000000   Number         0  __rtentry4.o ABSOLUTE
    ../clib/angel/kernel.s                   0x00000000   Number         0  __rtentry2.o ABSOLUTE
    ../clib/angel/rt.s                       0x00000000   Number         0  rt_locale_intlibspace.o ABSOLUTE
    ../clib/angel/rt.s                       0x00000000   Number         0  rt_locale.o ABSOLUTE
    ../clib/angel/rt.s                       0x00000000   Number         0  rt_ctype_table.o ABSOLUTE
    ../clib/angel/rt.s                       0x00000000   Number         0  rt_raise.o ABSOLUTE
    ../clib/angel/scatter.s                  0x00000000   Number         0  __scatter.o ABSOLUTE
    ../clib/angel/startup.s                  0x00000000   Number         0  __main.o ABSOLUTE
    ../clib/angel/sys.s                      0x00000000   Number         0  sys_stackheap_outer.o ABSOLUTE
    ../clib/angel/sys.s                      0x00000000   Number         0  libspace.o ABSOLUTE
    ../clib/angel/sys.s                      0x00000000   Number         0  use_no_semi_2.o ABSOLUTE
    ../clib/angel/sys.s                      0x00000000   Number         0  use_no_semi.o ABSOLUTE
    ../clib/angel/sys.s                      0x00000000   Number         0  indicate_semi.o ABSOLUTE
    ../clib/angel/sysapp.c                   0x00000000   Number         0  sys_command.o ABSOLUTE
    ../clib/angel/sysapp.c                   0x00000000   Number         0  sys_wrch.o ABSOLUTE
    ../clib/armsys.c                         0x00000000   Number         0  no_argv.o ABSOLUTE
    ../clib/armsys.c                         0x00000000   Number         0  _get_argv_nomalloc.o ABSOLUTE
    ../clib/armsys.c                         0x00000000   Number         0  argv_veneer.o ABSOLUTE
    ../clib/armsys.c                         0x00000000   Number         0  argv_veneer.o ABSOLUTE
    ../clib/ctype.c                          0x00000000   Number         0  toupper.o ABSOLUTE
    ../clib/heapalloc.c                      0x00000000   Number         0  hrguard.o ABSOLUTE
    ../clib/heapaux.c                        0x00000000   Number         0  heapauxi.o ABSOLUTE
    ../clib/libinit.s                        0x00000000   Number         0  libshutdown2.o ABSOLUTE
    ../clib/libinit.s                        0x00000000   Number         0  libshutdown.o ABSOLUTE
    ../clib/libinit.s                        0x00000000   Number         0  libinit.o ABSOLUTE
    ../clib/libinit.s                        0x00000000   Number         0  libinit2.o ABSOLUTE
    ../clib/locale.s                         0x00000000   Number         0  lc_ctype_c.o ABSOLUTE
    ../clib/memcpset.s                       0x00000000   Number         0  rt_memcpy_w.o ABSOLUTE
    ../clib/memcpset.s                       0x00000000   Number         0  strcmpv7m.o ABSOLUTE
    ../clib/memcpset.s                       0x00000000   Number         0  rt_memclr_w.o ABSOLUTE
    ../clib/memcpset.s                       0x00000000   Number         0  rt_memclr.o ABSOLUTE
    ../clib/memcpset.s                       0x00000000   Number         0  rt_memcpy_v6.o ABSOLUTE
    ../clib/misc.s                           0x00000000   Number         0  printf_stubs.o ABSOLUTE
    ../clib/printf.c                         0x00000000   Number         0  _printf_char_common.o ABSOLUTE
    ../clib/printf.c                         0x00000000   Number         0  __printf_ss_wp.o ABSOLUTE
    ../clib/printf.c                         0x00000000   Number         0  __printf_flags_ss_wp.o ABSOLUTE
    ../clib/printf.c                         0x00000000   Number         0  __printf_flags_wp.o ABSOLUTE
    ../clib/printf.c                         0x00000000   Number         0  __printf_wp.o ABSOLUTE
    ../clib/printf.c                         0x00000000   Number         0  __printf_flags_ss.o ABSOLUTE
    ../clib/printf.c                         0x00000000   Number         0  __printf_ss.o ABSOLUTE
    ../clib/printf.c                         0x00000000   Number         0  _printf_char_file.o ABSOLUTE
    ../clib/printf.c                         0x00000000   Number         0  _printf_intcommon.o ABSOLUTE
    ../clib/printf.c                         0x00000000   Number         0  __printf_flags.o ABSOLUTE
    ../clib/printf.c                         0x00000000   Number         0  _printf_dec.o ABSOLUTE
    ../clib/printf.c                         0x00000000   Number         0  __printf.o ABSOLUTE
    ../clib/printf.c                         0x00000000   Number         0  noretval__2printf.o ABSOLUTE
    ../clib/printf.c                         0x00000000   Number         0  __2printf.o ABSOLUTE
    ../clib/printf.c                         0x00000000   Number         0  _printf_pad.o ABSOLUTE
    ../clib/printf.c                         0x00000000   Number         0  __printf_nopercent.o ABSOLUTE
    ../clib/printf_percent.s                 0x00000000   Number         0  _printf_percent.o ABSOLUTE
    ../clib/printf_percent.s                 0x00000000   Number         0  _printf_d.o ABSOLUTE
    ../clib/printf_percent.s                 0x00000000   Number         0  _printf_percent_end.o ABSOLUTE
    ../clib/signal.c                         0x00000000   Number         0  defsig_exit.o ABSOLUTE
    ../clib/signal.c                         0x00000000   Number         0  defsig_rtmem_outer.o ABSOLUTE
    ../clib/signal.c                         0x00000000   Number         0  defsig_rtmem_formal.o ABSOLUTE
    ../clib/signal.c                         0x00000000   Number         0  defsig_other.o ABSOLUTE
    ../clib/signal.c                         0x00000000   Number         0  defsig_general.o ABSOLUTE
    ../clib/signal.c                         0x00000000   Number         0  defsig_segv_inner.o ABSOLUTE
    ../clib/signal.c                         0x00000000   Number         0  defsig_cppl_inner.o ABSOLUTE
    ../clib/signal.c                         0x00000000   Number         0  defsig_pvfn_inner.o ABSOLUTE
    ../clib/signal.c                         0x00000000   Number         0  defsig_stak_inner.o ABSOLUTE
    ../clib/signal.c                         0x00000000   Number         0  defsig_rtred_inner.o ABSOLUTE
    ../clib/signal.c                         0x00000000   Number         0  defsig_fpe_inner.o ABSOLUTE
    ../clib/signal.c                         0x00000000   Number         0  defsig_abrt_inner.o ABSOLUTE
    ../clib/signal.c                         0x00000000   Number         0  defsig_rtmem_inner.o ABSOLUTE
    ../clib/signal.c                         0x00000000   Number         0  __raise.o ABSOLUTE
    ../clib/signal.s                         0x00000000   Number         0  defsig.o ABSOLUTE
    ../clib/stdio.c                          0x00000000   Number         0  ferror.o ABSOLUTE
    ../clib/stdio.c                          0x00000000   Number         0  ferror_locked.o ABSOLUTE
    ../clib/stdlib.c                         0x00000000   Number         0  exit.o ABSOLUTE
    ../clib/string.c                         0x00000000   Number         0  strlen.o ABSOLUTE
    ../fplib/faddsub.s                       0x00000000   Number         0  faddsub_clz.o ABSOLUTE
    ../fplib/fdiv.s                          0x00000000   Number         0  fdiv.o ABSOLUTE
    ../fplib/ffixu.s                         0x00000000   Number         0  ffixu.o ABSOLUTE
    ../fplib/fflt.s                          0x00000000   Number         0  fflt_clz.o ABSOLUTE
    ../fplib/fmul.s                          0x00000000   Number         0  fmul.o ABSOLUTE
    ../fplib/fnaninf.s                       0x00000000   Number         0  fnaninf.o ABSOLUTE
    ../fplib/fpinit.s                        0x00000000   Number         0  fpinit.o ABSOLUTE
    ../fplib/fretinf.s                       0x00000000   Number         0  fretinf.o ABSOLUTE
    ../fplib/usenofp.s                       0x00000000   Number         0  usenofp.o ABSOLUTE
    ..\CORE\core_cm3.c                       0x00000000   Number         0  core_cm3.o ABSOLUTE
    ..\CORE\startup_stm32f10x_hd.s           0x00000000   Number         0  startup_stm32f10x_hd.o ABSOLUTE
    ..\FWLIB\src\misc.c                      0x00000000   Number         0  misc.o ABSOLUTE
    ..\FWLIB\src\stm32f10x_adc.c             0x00000000   Number         0  stm32f10x_adc.o ABSOLUTE
    ..\FWLIB\src\stm32f10x_bkp.c             0x00000000   Number         0  stm32f10x_bkp.o ABSOLUTE
    ..\FWLIB\src\stm32f10x_can.c             0x00000000   Number         0  stm32f10x_can.o ABSOLUTE
    ..\FWLIB\src\stm32f10x_cec.c             0x00000000   Number         0  stm32f10x_cec.o ABSOLUTE
    ..\FWLIB\src\stm32f10x_crc.c             0x00000000   Number         0  stm32f10x_crc.o ABSOLUTE
    ..\FWLIB\src\stm32f10x_dac.c             0x00000000   Number         0  stm32f10x_dac.o ABSOLUTE
    ..\FWLIB\src\stm32f10x_dbgmcu.c          0x00000000   Number         0  stm32f10x_dbgmcu.o ABSOLUTE
    ..\FWLIB\src\stm32f10x_dma.c             0x00000000   Number         0  stm32f10x_dma.o ABSOLUTE
    ..\FWLIB\src\stm32f10x_exti.c            0x00000000   Number         0  stm32f10x_exti.o ABSOLUTE
    ..\FWLIB\src\stm32f10x_flash.c           0x00000000   Number         0  stm32f10x_flash.o ABSOLUTE
    ..\FWLIB\src\stm32f10x_fsmc.c            0x00000000   Number         0  stm32f10x_fsmc.o ABSOLUTE
    ..\FWLIB\src\stm32f10x_gpio.c            0x00000000   Number         0  stm32f10x_gpio.o ABSOLUTE
    ..\FWLIB\src\stm32f10x_i2c.c             0x00000000   Number         0  stm32f10x_i2c.o ABSOLUTE
    ..\FWLIB\src\stm32f10x_iwdg.c            0x00000000   Number         0  stm32f10x_iwdg.o ABSOLUTE
    ..\FWLIB\src\stm32f10x_pwr.c             0x00000000   Number         0  stm32f10x_pwr.o ABSOLUTE
    ..\FWLIB\src\stm32f10x_rcc.c             0x00000000   Number         0  stm32f10x_rcc.o ABSOLUTE
    ..\FWLIB\src\stm32f10x_rtc.c             0x00000000   Number         0  stm32f10x_rtc.o ABSOLUTE
    ..\FWLIB\src\stm32f10x_sdio.c            0x00000000   Number         0  stm32f10x_sdio.o ABSOLUTE
    ..\FWLIB\src\stm32f10x_spi.c             0x00000000   Number         0  stm32f10x_spi.o ABSOLUTE
    ..\FWLIB\src\stm32f10x_tim.c             0x00000000   Number         0  stm32f10x_tim.o ABSOLUTE
    ..\FWLIB\src\stm32f10x_usart.c           0x00000000   Number         0  stm32f10x_usart.o ABSOLUTE
    ..\FWLIB\src\stm32f10x_wwdg.c            0x00000000   Number         0  stm32f10x_wwdg.o ABSOLUTE
    ..\HARDWARE\Gizwits\gizwits_product.c    0x00000000   Number         0  gizwits_product.o ABSOLUTE
    ..\HARDWARE\Gizwits\gizwits_protocol.c   0x00000000   Number         0  gizwits_protocol.o ABSOLUTE
    ..\HARDWARE\KEY\key.c                    0x00000000   Number         0  key.o ABSOLUTE
    ..\HARDWARE\LED\led.c                    0x00000000   Number         0  led.o ABSOLUTE
    ..\HARDWARE\PWM\pwm.c                    0x00000000   Number         0  pwm.o ABSOLUTE
    ..\HARDWARE\TIMER\timer.c                0x00000000   Number         0  timer.o ABSOLUTE
    ..\HARDWARE\Utils\common.c               0x00000000   Number         0  common.o ABSOLUTE
    ..\HARDWARE\Utils\dataPointTools.c       0x00000000   Number         0  datapointtools.o ABSOLUTE
    ..\HARDWARE\Utils\ringbuffer.c           0x00000000   Number         0  ringbuffer.o ABSOLUTE
    ..\SYSTEM\delay\delay.c                  0x00000000   Number         0  delay.o ABSOLUTE
    ..\SYSTEM\sys\sys.c                      0x00000000   Number         0  sys.o ABSOLUTE
    ..\SYSTEM\usart\usart.c                  0x00000000   Number         0  usart.o ABSOLUTE
    ..\\CORE\\core_cm3.c                     0x00000000   Number         0  core_cm3.o ABSOLUTE
    ..\\SYSTEM\\sys\\sys.c                   0x00000000   Number         0  sys.o ABSOLUTE
    dc.s                                     0x00000000   Number         0  dc.o ABSOLUTE
    main.c                                   0x00000000   Number         0  main.o ABSOLUTE
    stm32f10x_it.c                           0x00000000   Number         0  stm32f10x_it.o ABSOLUTE
    system_stm32f10x.c                       0x00000000   Number         0  system_stm32f10x.o ABSOLUTE
    RESET                                    0x08000000   Section      304  startup_stm32f10x_hd.o(RESET)
    !!!main                                  0x08000130   Section        8  __main.o(!!!main)
    !!!scatter                               0x08000138   Section       52  __scatter.o(!!!scatter)
    !!handler_copy                           0x0800016c   Section       26  __scatter_copy.o(!!handler_copy)
    !!handler_zi                             0x08000188   Section       28  __scatter_zi.o(!!handler_zi)
    .ARM.Collect$$_printf_percent$$00000000  0x080001a4   Section        0  _printf_percent.o(.ARM.Collect$$_printf_percent$$00000000)
    .ARM.Collect$$_printf_percent$$00000009  0x080001a4   Section        6  _printf_d.o(.ARM.Collect$$_printf_percent$$00000009)
    .ARM.Collect$$_printf_percent$$00000017  0x080001aa   Section        4  _printf_percent_end.o(.ARM.Collect$$_printf_percent$$00000017)
    .ARM.Collect$$libinit$$00000000          0x080001ae   Section        2  libinit.o(.ARM.Collect$$libinit$$00000000)
    .ARM.Collect$$libinit$$00000002          0x080001b0   Section        0  libinit2.o(.ARM.Collect$$libinit$$00000002)
    .ARM.Collect$$libinit$$00000004          0x080001b0   Section        0  libinit2.o(.ARM.Collect$$libinit$$00000004)
    .ARM.Collect$$libinit$$0000000A          0x080001b0   Section        0  libinit2.o(.ARM.Collect$$libinit$$0000000A)
    .ARM.Collect$$libinit$$0000000C          0x080001b0   Section        0  libinit2.o(.ARM.Collect$$libinit$$0000000C)
    .ARM.Collect$$libinit$$0000000E          0x080001b0   Section        0  libinit2.o(.ARM.Collect$$libinit$$0000000E)
    .ARM.Collect$$libinit$$00000011          0x080001b0   Section        0  libinit2.o(.ARM.Collect$$libinit$$00000011)
    .ARM.Collect$$libinit$$00000013          0x080001b0   Section        0  libinit2.o(.ARM.Collect$$libinit$$00000013)
    .ARM.Collect$$libinit$$00000015          0x080001b0   Section        0  libinit2.o(.ARM.Collect$$libinit$$00000015)
    .ARM.Collect$$libinit$$00000017          0x080001b0   Section        0  libinit2.o(.ARM.Collect$$libinit$$00000017)
    .ARM.Collect$$libinit$$00000019          0x080001b0   Section        0  libinit2.o(.ARM.Collect$$libinit$$00000019)
    .ARM.Collect$$libinit$$0000001B          0x080001b0   Section        0  libinit2.o(.ARM.Collect$$libinit$$0000001B)
    .ARM.Collect$$libinit$$0000001D          0x080001b0   Section        0  libinit2.o(.ARM.Collect$$libinit$$0000001D)
    .ARM.Collect$$libinit$$0000001F          0x080001b0   Section        0  libinit2.o(.ARM.Collect$$libinit$$0000001F)
    .ARM.Collect$$libinit$$00000021          0x080001b0   Section        0  libinit2.o(.ARM.Collect$$libinit$$00000021)
    .ARM.Collect$$libinit$$00000023          0x080001b0   Section        0  libinit2.o(.ARM.Collect$$libinit$$00000023)
    .ARM.Collect$$libinit$$00000025          0x080001b0   Section        0  libinit2.o(.ARM.Collect$$libinit$$00000025)
    .ARM.Collect$$libinit$$0000002C          0x080001b0   Section        0  libinit2.o(.ARM.Collect$$libinit$$0000002C)
    .ARM.Collect$$libinit$$0000002E          0x080001b0   Section        0  libinit2.o(.ARM.Collect$$libinit$$0000002E)
    .ARM.Collect$$libinit$$00000030          0x080001b0   Section        0  libinit2.o(.ARM.Collect$$libinit$$00000030)
    .ARM.Collect$$libinit$$00000032          0x080001b0   Section        0  libinit2.o(.ARM.Collect$$libinit$$00000032)
    .ARM.Collect$$libinit$$00000033          0x080001b0   Section        2  libinit2.o(.ARM.Collect$$libinit$$00000033)
    .ARM.Collect$$libshutdown$$00000000      0x080001b2   Section        2  libshutdown.o(.ARM.Collect$$libshutdown$$00000000)
    .ARM.Collect$$libshutdown$$00000003      0x080001b4   Section        0  libshutdown2.o(.ARM.Collect$$libshutdown$$00000003)
    .ARM.Collect$$libshutdown$$00000006      0x080001b4   Section        0  libshutdown2.o(.ARM.Collect$$libshutdown$$00000006)
    .ARM.Collect$$libshutdown$$00000009      0x080001b4   Section        0  libshutdown2.o(.ARM.Collect$$libshutdown$$00000009)
    .ARM.Collect$$libshutdown$$0000000B      0x080001b4   Section        0  libshutdown2.o(.ARM.Collect$$libshutdown$$0000000B)
    .ARM.Collect$$libshutdown$$0000000E      0x080001b4   Section        0  libshutdown2.o(.ARM.Collect$$libshutdown$$0000000E)
    .ARM.Collect$$libshutdown$$0000000F      0x080001b4   Section        2  libshutdown2.o(.ARM.Collect$$libshutdown$$0000000F)
    .ARM.Collect$$rtentry$$00000000          0x080001b6   Section        0  __rtentry.o(.ARM.Collect$$rtentry$$00000000)
    .ARM.Collect$$rtentry$$00000002          0x080001b6   Section        0  __rtentry2.o(.ARM.Collect$$rtentry$$00000002)
    .ARM.Collect$$rtentry$$00000004          0x080001b6   Section        6  __rtentry4.o(.ARM.Collect$$rtentry$$00000004)
    .ARM.Collect$$rtentry$$00000009          0x080001bc   Section        0  __rtentry2.o(.ARM.Collect$$rtentry$$00000009)
    .ARM.Collect$$rtentry$$0000000A          0x080001bc   Section        4  __rtentry2.o(.ARM.Collect$$rtentry$$0000000A)
    .ARM.Collect$$rtentry$$0000000C          0x080001c0   Section        0  __rtentry2.o(.ARM.Collect$$rtentry$$0000000C)
    .ARM.Collect$$rtentry$$0000000D          0x080001c0   Section        8  __rtentry2.o(.ARM.Collect$$rtentry$$0000000D)
    .ARM.Collect$$rtexit$$00000000           0x080001c8   Section        2  rtexit.o(.ARM.Collect$$rtexit$$00000000)
    .ARM.Collect$$rtexit$$00000002           0x080001ca   Section        0  rtexit2.o(.ARM.Collect$$rtexit$$00000002)
    .ARM.Collect$$rtexit$$00000003           0x080001ca   Section        4  rtexit2.o(.ARM.Collect$$rtexit$$00000003)
    .ARM.Collect$$rtexit$$00000004           0x080001ce   Section        6  rtexit2.o(.ARM.Collect$$rtexit$$00000004)
    .text                                    0x080001d4   Section       64  startup_stm32f10x_hd.o(.text)
    .text                                    0x08000214   Section        2  use_no_semi_2.o(.text)
    .text                                    0x08000218   Section        0  noretval__2printf.o(.text)
    .text                                    0x08000230   Section        0  _printf_pad.o(.text)
    .text                                    0x08000280   Section        0  _printf_dec.o(.text)
    .text                                    0x080002f8   Section        0  __printf_flags_wp.o(.text)
    .text                                    0x08000430   Section      138  rt_memcpy_v6.o(.text)
    .text                                    0x080004ba   Section      100  rt_memcpy_w.o(.text)
    .text                                    0x0800051e   Section       68  rt_memclr.o(.text)
    .text                                    0x08000562   Section       78  rt_memclr_w.o(.text)
    .text                                    0x080005b0   Section        0  heapauxi.o(.text)
    .text                                    0x080005b6   Section        2  use_no_semi.o(.text)
    .text                                    0x080005b8   Section        0  _printf_intcommon.o(.text)
    .text                                    0x0800066c   Section        0  _printf_char_file.o(.text)
    .text                                    0x08000690   Section        0  _printf_char_common.o(.text)
    _printf_input_char                       0x08000691   Thumb Code    10  _printf_char_common.o(.text)
    .text                                    0x080006c0   Section        0  ferror.o(.text)
    .text                                    0x080006c8   Section        8  libspace.o(.text)
    .text                                    0x080006d0   Section       74  sys_stackheap_outer.o(.text)
    .text                                    0x0800071a   Section        0  exit.o(.text)
    i.BusFault_Handler                       0x08000726   Section        0  stm32f10x_it.o(i.BusFault_Handler)
    i.DebugMon_Handler                       0x0800072a   Section        0  stm32f10x_it.o(i.DebugMon_Handler)
    i.GPIO_Init                              0x0800072c   Section        0  stm32f10x_gpio.o(i.GPIO_Init)
    i.GPIO_ReadInputDataBit                  0x08000842   Section        0  stm32f10x_gpio.o(i.GPIO_ReadInputDataBit)
    i.GPIO_SetBits                           0x08000854   Section        0  stm32f10x_gpio.o(i.GPIO_SetBits)
    i.Gizwits_Init                           0x08000858   Section        0  main.o(i.Gizwits_Init)
    i.HardFault_Handler                      0x08000880   Section        0  stm32f10x_it.o(i.HardFault_Handler)
    i.KEY_Init                               0x08000884   Section        0  key.o(i.KEY_Init)
    i.KEY_Scan                               0x080008c0   Section        0  key.o(i.KEY_Scan)
    i.LED_Init                               0x08000988   Section        0  led.o(i.LED_Init)
    i.MemManage_Handler                      0x080009d4   Section        0  stm32f10x_it.o(i.MemManage_Handler)
    i.NMI_Handler                            0x080009d8   Section        0  stm32f10x_it.o(i.NMI_Handler)
    i.NVIC_Init                              0x080009dc   Section        0  misc.o(i.NVIC_Init)
    i.NVIC_PriorityGroupConfig               0x08000a4c   Section        0  misc.o(i.NVIC_PriorityGroupConfig)
    i.PendSV_Handler                         0x08000a60   Section        0  stm32f10x_it.o(i.PendSV_Handler)
    i.RCC_APB1PeriphClockCmd                 0x08000a64   Section        0  stm32f10x_rcc.o(i.RCC_APB1PeriphClockCmd)
    i.RCC_APB1PeriphResetCmd                 0x08000a84   Section        0  stm32f10x_rcc.o(i.RCC_APB1PeriphResetCmd)
    i.RCC_APB2PeriphClockCmd                 0x08000aa4   Section        0  stm32f10x_rcc.o(i.RCC_APB2PeriphClockCmd)
    i.RCC_APB2PeriphResetCmd                 0x08000ac4   Section        0  stm32f10x_rcc.o(i.RCC_APB2PeriphResetCmd)
    i.RCC_GetClocksFreq                      0x08000ae4   Section        0  stm32f10x_rcc.o(i.RCC_GetClocksFreq)
    i.SVC_Handler                            0x08000bb8   Section        0  stm32f10x_it.o(i.SVC_Handler)
    i.SetSysClock                            0x08000bba   Section        0  system_stm32f10x.o(i.SetSysClock)
    SetSysClock                              0x08000bbb   Thumb Code     8  system_stm32f10x.o(i.SetSysClock)
    i.SetSysClockTo72                        0x08000bc4   Section        0  system_stm32f10x.o(i.SetSysClockTo72)
    SetSysClockTo72                          0x08000bc5   Thumb Code   214  system_stm32f10x.o(i.SetSysClockTo72)
    i.SysTick_CLKSourceConfig                0x08000ca4   Section        0  misc.o(i.SysTick_CLKSourceConfig)
    i.SysTick_Handler                        0x08000ccc   Section        0  stm32f10x_it.o(i.SysTick_Handler)
    i.SystemInit                             0x08000cd0   Section        0  system_stm32f10x.o(i.SystemInit)
    i.TIM3_IRQHandler                        0x08000d30   Section        0  timer.o(i.TIM3_IRQHandler)
    i.TIM3_Int_Init                          0x08000d50   Section        0  timer.o(i.TIM3_Int_Init)
    i.TIM4_PWM_Init                          0x08000db0   Section        0  timer.o(i.TIM4_PWM_Init)
    i.TIM_ARRPreloadConfig                   0x08000e64   Section        0  stm32f10x_tim.o(i.TIM_ARRPreloadConfig)
    i.TIM_ClearITPendingBit                  0x08000e7c   Section        0  stm32f10x_tim.o(i.TIM_ClearITPendingBit)
    i.TIM_Cmd                                0x08000e82   Section        0  stm32f10x_tim.o(i.TIM_Cmd)
    i.TIM_GetITStatus                        0x08000e9a   Section        0  stm32f10x_tim.o(i.TIM_GetITStatus)
    i.TIM_ITConfig                           0x08000ebc   Section        0  stm32f10x_tim.o(i.TIM_ITConfig)
    i.TIM_OC3Init                            0x08000ed0   Section        0  stm32f10x_tim.o(i.TIM_OC3Init)
    i.TIM_OC3PreloadConfig                   0x08000f70   Section        0  stm32f10x_tim.o(i.TIM_OC3PreloadConfig)
    i.TIM_OC4Init                            0x08000f84   Section        0  stm32f10x_tim.o(i.TIM_OC4Init)
    i.TIM_OC4PreloadConfig                   0x08001000   Section        0  stm32f10x_tim.o(i.TIM_OC4PreloadConfig)
    i.TIM_SetCompare3                        0x0800101a   Section        0  stm32f10x_tim.o(i.TIM_SetCompare3)
    i.TIM_SetCompare4                        0x0800101e   Section        0  stm32f10x_tim.o(i.TIM_SetCompare4)
    i.TIM_TimeBaseInit                       0x08001024   Section        0  stm32f10x_tim.o(i.TIM_TimeBaseInit)
    i.USART1_IRQHandler                      0x080010c8   Section        0  usart.o(i.USART1_IRQHandler)
    i.USART3_IRQHandler                      0x080010f4   Section        0  usart.o(i.USART3_IRQHandler)
    i.USART_Cmd                              0x0800111c   Section        0  stm32f10x_usart.o(i.USART_Cmd)
    i.USART_DeInit                           0x08001134   Section        0  stm32f10x_usart.o(i.USART_DeInit)
    i.USART_GetFlagStatus                    0x080011d0   Section        0  stm32f10x_usart.o(i.USART_GetFlagStatus)
    i.USART_GetITStatus                      0x080011ea   Section        0  stm32f10x_usart.o(i.USART_GetITStatus)
    i.USART_ITConfig                         0x0800123e   Section        0  stm32f10x_usart.o(i.USART_ITConfig)
    i.USART_Init                             0x08001288   Section        0  stm32f10x_usart.o(i.USART_Init)
    i.USART_ReceiveData                      0x08001360   Section        0  stm32f10x_usart.o(i.USART_ReceiveData)
    i.USART_SendData                         0x0800136a   Section        0  stm32f10x_usart.o(i.USART_SendData)
    i.UsageFault_Handler                     0x08001372   Section        0  stm32f10x_it.o(i.UsageFault_Handler)
    i._is_digit                              0x08001376   Section        0  __printf_wp.o(i._is_digit)
    i._sys_exit                              0x08001384   Section        0  usart.o(i._sys_exit)
    i.delay_init                             0x08001388   Section        0  delay.o(i.delay_init)
    i.delay_ms                               0x080013cc   Section        0  delay.o(i.delay_ms)
    i.fputc                                  0x08001418   Section        0  usart.o(i.fputc)
    i.gizAcrossByteJudge                     0x08001434   Section        0  gizwits_protocol.o(i.gizAcrossByteJudge)
    gizAcrossByteJudge                       0x08001435   Thumb Code    42  gizwits_protocol.o(i.gizAcrossByteJudge)
    i.gizByteOrderExchange                   0x08001460   Section        0  gizwits_protocol.o(i.gizByteOrderExchange)
    gizByteOrderExchange                     0x08001461   Thumb Code    64  gizwits_protocol.o(i.gizByteOrderExchange)
    i.gizCheckReport                         0x080014cc   Section        0  gizwits_protocol.o(i.gizCheckReport)
    gizCheckReport                           0x080014cd   Thumb Code    60  gizwits_protocol.o(i.gizCheckReport)
    i.gizCompressValue                       0x0800155c   Section        0  gizwits_protocol.o(i.gizCompressValue)
    gizCompressValue                         0x0800155d   Thumb Code   136  gizwits_protocol.o(i.gizCompressValue)
    i.gizDataPoint2Event                     0x0800160c   Section        0  gizwits_protocol.o(i.gizDataPoint2Event)
    gizDataPoint2Event                       0x0800160d   Thumb Code   112  gizwits_protocol.o(i.gizDataPoint2Event)
    i.gizDataPoints2ReportData               0x080016a8   Section        0  gizwits_protocol.o(i.gizDataPoints2ReportData)
    gizDataPoints2ReportData                 0x080016a9   Thumb Code    66  gizwits_protocol.o(i.gizDataPoints2ReportData)
    i.gizDecompressionValue                  0x0800171c   Section        0  gizwits_protocol.o(i.gizDecompressionValue)
    gizDecompressionValue                    0x0800171d   Thumb Code   202  gizwits_protocol.o(i.gizDecompressionValue)
    i.gizDevReportPolicy                     0x0800184c   Section        0  gizwits_protocol.o(i.gizDevReportPolicy)
    gizDevReportPolicy                       0x0800184d   Thumb Code   118  gizwits_protocol.o(i.gizDevReportPolicy)
    i.gizExchangeWord                        0x08001900   Section        0  gizwits_protocol.o(i.gizExchangeWord)
    gizExchangeWord                          0x08001901   Thumb Code    26  gizwits_protocol.o(i.gizExchangeWord)
    i.gizGetTimerCount                       0x0800191c   Section        0  gizwits_product.o(i.gizGetTimerCount)
    i.gizProtocolAckHandle                   0x08001928   Section        0  gizwits_protocol.o(i.gizProtocolAckHandle)
    gizProtocolAckHandle                     0x08001929   Thumb Code    96  gizwits_protocol.o(i.gizProtocolAckHandle)
    i.gizProtocolCommonAck                   0x080019b8   Section        0  gizwits_protocol.o(i.gizProtocolCommonAck)
    gizProtocolCommonAck                     0x080019b9   Thumb Code    86  gizwits_protocol.o(i.gizProtocolCommonAck)
    i.gizProtocolErrorCmd                    0x08001a5c   Section        0  gizwits_protocol.o(i.gizProtocolErrorCmd)
    gizProtocolErrorCmd                      0x08001a5d   Thumb Code    90  gizwits_protocol.o(i.gizProtocolErrorCmd)
    i.gizProtocolExchangeBytes               0x08001b04   Section        0  gizwits_protocol.o(i.gizProtocolExchangeBytes)
    gizProtocolExchangeBytes                 0x08001b05   Thumb Code    22  gizwits_protocol.o(i.gizProtocolExchangeBytes)
    i.gizProtocolGetDeviceInfo               0x08001b1c   Section        0  gizwits_protocol.o(i.gizProtocolGetDeviceInfo)
    gizProtocolGetDeviceInfo                 0x08001b1d   Thumb Code   182  gizwits_protocol.o(i.gizProtocolGetDeviceInfo)
    i.gizProtocolGetOnePacket                0x08001c9c   Section        0  gizwits_protocol.o(i.gizProtocolGetOnePacket)
    gizProtocolGetOnePacket                  0x08001c9d   Thumb Code   358  gizwits_protocol.o(i.gizProtocolGetOnePacket)
    i.gizProtocolHeadInit                    0x08001e44   Section        0  gizwits_protocol.o(i.gizProtocolHeadInit)
    gizProtocolHeadInit                      0x08001e45   Thumb Code    34  gizwits_protocol.o(i.gizProtocolHeadInit)
    i.gizProtocolIssuedDataAck               0x08001e94   Section        0  gizwits_protocol.o(i.gizProtocolIssuedDataAck)
    gizProtocolIssuedDataAck                 0x08001e95   Thumb Code   202  gizwits_protocol.o(i.gizProtocolIssuedDataAck)
    i.gizProtocolIssuedProcess               0x08001f94   Section        0  gizwits_protocol.o(i.gizProtocolIssuedProcess)
    gizProtocolIssuedProcess                 0x08001f95   Thumb Code   206  gizwits_protocol.o(i.gizProtocolIssuedProcess)
    i.gizProtocolModuleStatus                0x080020a0   Section        0  gizwits_protocol.o(i.gizProtocolModuleStatus)
    gizProtocolModuleStatus                  0x080020a1   Thumb Code   846  gizwits_protocol.o(i.gizProtocolModuleStatus)
    i.gizProtocolNTP                         0x080025c4   Section        0  gizwits_protocol.o(i.gizProtocolNTP)
    gizProtocolNTP                           0x080025c5   Thumb Code   106  gizwits_protocol.o(i.gizProtocolNTP)
    i.gizProtocolReboot                      0x08002650   Section        0  gizwits_protocol.o(i.gizProtocolReboot)
    gizProtocolReboot                        0x08002651   Thumb Code    28  gizwits_protocol.o(i.gizProtocolReboot)
    i.gizProtocolResendData                  0x0800266c   Section        0  gizwits_protocol.o(i.gizProtocolResendData)
    gizProtocolResendData                    0x0800266d   Thumb Code    66  gizwits_protocol.o(i.gizProtocolResendData)
    i.gizProtocolSum                         0x080026f0   Section        0  gizwits_protocol.o(i.gizProtocolSum)
    gizProtocolSum                           0x080026f1   Thumb Code    52  gizwits_protocol.o(i.gizProtocolSum)
    i.gizProtocolWaitAck                     0x0800275c   Section        0  gizwits_protocol.o(i.gizProtocolWaitAck)
    gizProtocolWaitAck                       0x0800275d   Thumb Code    68  gizwits_protocol.o(i.gizProtocolWaitAck)
    i.gizProtocolWaitAckCheck                0x080027c0   Section        0  gizwits_protocol.o(i.gizProtocolWaitAckCheck)
    gizProtocolWaitAckCheck                  0x080027c1   Thumb Code    46  gizwits_protocol.o(i.gizProtocolWaitAckCheck)
    i.gizPutData                             0x0800280c   Section        0  gizwits_protocol.o(i.gizPutData)
    i.gizReportData                          0x08002884   Section        0  gizwits_protocol.o(i.gizReportData)
    gizReportData                            0x08002885   Thumb Code   130  gizwits_protocol.o(i.gizReportData)
    i.gizTimerMs                             0x08002954   Section        0  gizwits_product.o(i.gizTimerMs)
    i.gizX2Y                                 0x08002964   Section        0  gizwits_protocol.o(i.gizX2Y)
    gizX2Y                                   0x08002965   Thumb Code    12  gizwits_protocol.o(i.gizX2Y)
    i.gizY2X                                 0x08002970   Section        0  gizwits_protocol.o(i.gizY2X)
    gizY2X                                   0x08002971   Thumb Code    14  gizwits_protocol.o(i.gizY2X)
    i.gizwitsEventProcess                    0x08002980   Section        0  gizwits_product.o(i.gizwitsEventProcess)
    i.gizwitsHandle                          0x08002b30   Section        0  gizwits_protocol.o(i.gizwitsHandle)
    i.gizwitsInit                            0x08002dc4   Section        0  gizwits_protocol.o(i.gizwitsInit)
    i.gizwitsSetMode                         0x08002df0   Section        0  gizwits_protocol.o(i.gizwitsSetMode)
    i.main                                   0x08003020   Section        0  main.o(i.main)
    i.mcuRestart                             0x08003120   Section        0  gizwits_product.o(i.mcuRestart)
    i.rbCanRead                              0x08003150   Section        0  gizwits_protocol.o(i.rbCanRead)
    rbCanRead                                0x08003151   Thumb Code    62  gizwits_protocol.o(i.rbCanRead)
    i.rbCanWrite                             0x080031ac   Section        0  gizwits_protocol.o(i.rbCanWrite)
    rbCanWrite                               0x080031ad   Thumb Code    36  gizwits_protocol.o(i.rbCanWrite)
    i.rbCapacity                             0x080031ec   Section        0  gizwits_protocol.o(i.rbCapacity)
    rbCapacity                               0x080031ed   Thumb Code    22  gizwits_protocol.o(i.rbCapacity)
    i.rbCreate                               0x08003220   Section        0  gizwits_protocol.o(i.rbCreate)
    rbCreate                                 0x08003221   Thumb Code    26  gizwits_protocol.o(i.rbCreate)
    i.rbRead                                 0x08003258   Section        0  gizwits_protocol.o(i.rbRead)
    rbRead                                   0x08003259   Thumb Code   174  gizwits_protocol.o(i.rbRead)
    i.rbWrite                                0x08003340   Section        0  gizwits_protocol.o(i.rbWrite)
    rbWrite                                  0x08003341   Thumb Code   186  gizwits_protocol.o(i.rbWrite)
    i.uartWrite                              0x08003444   Section        0  gizwits_product.o(i.uartWrite)
    i.uart_init                              0x0800349c   Section        0  usart.o(i.uart_init)
    i.usart3_init                            0x0800353c   Section        0  usart.o(i.usart3_init)
    i.userHandle                             0x080035ec   Section        0  main.o(i.userHandle)
    .constdata                               0x0800360c   Section       17  __printf_flags_wp.o(.constdata)
    maptable                                 0x0800360c   Data          17  __printf_flags_wp.o(.constdata)
    .conststring                             0x08003620   Section       65  gizwits_protocol.o(.conststring)
    .data                                    0x20000000   Section        8  main.o(.data)
    .data                                    0x20000008   Section       20  system_stm32f10x.o(.data)
    .data                                    0x2000001c   Section        4  delay.o(.data)
    fac_us                                   0x2000001c   Data           1  delay.o(.data)
    fac_ms                                   0x2000001e   Data           2  delay.o(.data)
    .data                                    0x20000020   Section       11  usart.o(.data)
    .data                                    0x2000002b   Section       20  stm32f10x_rcc.o(.data)
    APBAHBPrescTable                         0x2000002b   Data          16  stm32f10x_rcc.o(.data)
    ADCPrescTable                            0x2000003b   Data           4  stm32f10x_rcc.o(.data)
    .data                                    0x2000003f   Section        1  key.o(.data)
    key_up                                   0x2000003f   Data           1  key.o(.data)
    .data                                    0x20000040   Section        8  gizwits_product.o(.data)
    timerMsCount                             0x20000044   Data           4  gizwits_product.o(.data)
    .data                                    0x20000048   Section        8  gizwits_protocol.o(.data)
    protocolFlag                             0x20000048   Data           1  gizwits_protocol.o(.data)
    protocolCount                            0x2000004a   Data           2  gizwits_protocol.o(.data)
    lastData                                 0x2000004c   Data           1  gizwits_protocol.o(.data)
    debugCount                               0x2000004d   Data           1  gizwits_protocol.o(.data)
    lastStatus                               0x2000004e   Data           2  gizwits_protocol.o(.data)
    .bss                                     0x20000050   Section     4880  gizwits_protocol.o(.bss)
    rbBuf                                    0x20000bf4   Data        1900  gizwits_protocol.o(.bss)
    .bss                                     0x20001360   Section       96  libspace.o(.bss)
    HEAP                                     0x200013c0   Section      512  startup_stm32f10x_hd.o(HEAP)
    Heap_Mem                                 0x200013c0   Data         512  startup_stm32f10x_hd.o(HEAP)
    STACK                                    0x200015c0   Section     4096  startup_stm32f10x_hd.o(STACK)
    Stack_Mem                                0x200015c0   Data        4096  startup_stm32f10x_hd.o(STACK)
    __initial_sp                             0x200025c0   Data           0  startup_stm32f10x_hd.o(STACK)

    Global Symbols

    Symbol Name                              Value     Ov Type        Size  Object(Section)

    BuildAttributes$$THM_ISAv4$P$D$K$B$S$PE$A:L22UL41UL21$X:L11$S22US41US21$IEEE1$IW$USESV6$~STKCKD$USESV7$~SHL$OSPACE$ROPI$EBA8$UX$STANDARDLIB$REQ8$PRES8$EABIv2 0x00000000   Number         0  anon$$obj.o ABSOLUTE
    __ARM_use_no_argv                        0x00000000   Number         0  main.o ABSOLUTE
    _printf_flags                            0x00000000   Number         0  printf_stubs.o ABSOLUTE
    _printf_return_value                     0x00000000   Number         0  printf_stubs.o ABSOLUTE
    _printf_sizespec                         0x00000000   Number         0  printf_stubs.o ABSOLUTE
    _printf_widthprec                        0x00000000   Number         0  printf_stubs.o ABSOLUTE
    __ARM_exceptions_init                     - Undefined Weak Reference
    __alloca_initialize                       - Undefined Weak Reference
    __arm_preinit_                            - Undefined Weak Reference
    __cpp_initialize__aeabi_                  - Undefined Weak Reference
    __cxa_finalize                            - Undefined Weak Reference
    __sigvec_lookup                           - Undefined Weak Reference
    _atexit_init                              - Undefined Weak Reference
    _call_atexit_fns                          - Undefined Weak Reference
    _clock_init                               - Undefined Weak Reference
    _fp_trap_init                             - Undefined Weak Reference
    _fp_trap_shutdown                         - Undefined Weak Reference
    _get_lc_collate                           - Undefined Weak Reference
    _get_lc_monetary                          - Undefined Weak Reference
    _get_lc_numeric                           - Undefined Weak Reference
    _get_lc_time                              - Undefined Weak Reference
    _getenv_init                              - Undefined Weak Reference
    _handle_redirection                       - Undefined Weak Reference
    _init_alloc                               - Undefined Weak Reference
    _init_user_alloc                          - Undefined Weak Reference
    _initio                                   - Undefined Weak Reference
    _mutex_acquire                            - Undefined Weak Reference
    _mutex_release                            - Undefined Weak Reference
    _printf_truncate_signed                   - Undefined Weak Reference
    _printf_truncate_unsigned                 - Undefined Weak Reference
    _rand_init                                - Undefined Weak Reference
    _signal_finish                            - Undefined Weak Reference
    _signal_init                              - Undefined Weak Reference
    _terminate_alloc                          - Undefined Weak Reference
    _terminate_user_alloc                     - Undefined Weak Reference
    _terminateio                              - Undefined Weak Reference
    __Vectors_Size                           0x00000130   Number         0  startup_stm32f10x_hd.o ABSOLUTE
    __Vectors                                0x08000000   Data           4  startup_stm32f10x_hd.o(RESET)
    __Vectors_End                            0x08000130   Data           0  startup_stm32f10x_hd.o(RESET)
    __main                                   0x08000131   Thumb Code     8  __main.o(!!!main)
    __scatterload                            0x08000139   Thumb Code     0  __scatter.o(!!!scatter)
    __scatterload_rt2                        0x08000139   Thumb Code    44  __scatter.o(!!!scatter)
    __scatterload_rt2_thumb_only             0x08000139   Thumb Code     0  __scatter.o(!!!scatter)
    __scatterload_null                       0x08000147   Thumb Code     0  __scatter.o(!!!scatter)
    __scatterload_copy                       0x0800016d   Thumb Code    26  __scatter_copy.o(!!handler_copy)
    __scatterload_zeroinit                   0x08000189   Thumb Code    28  __scatter_zi.o(!!handler_zi)
    _printf_d                                0x080001a5   Thumb Code     0  _printf_d.o(.ARM.Collect$$_printf_percent$$00000009)
    _printf_percent                          0x080001a5   Thumb Code     0  _printf_percent.o(.ARM.Collect$$_printf_percent$$00000000)
    _printf_percent_end                      0x080001ab   Thumb Code     0  _printf_percent_end.o(.ARM.Collect$$_printf_percent$$00000017)
    __rt_lib_init                            0x080001af   Thumb Code     0  libinit.o(.ARM.Collect$$libinit$$00000000)
    __rt_lib_init_alloca_1                   0x080001b1   Thumb Code     0  libinit2.o(.ARM.Collect$$libinit$$0000002E)
    __rt_lib_init_argv_1                     0x080001b1   Thumb Code     0  libinit2.o(.ARM.Collect$$libinit$$0000002C)
    __rt_lib_init_atexit_1                   0x080001b1   Thumb Code     0  libinit2.o(.ARM.Collect$$libinit$$0000001B)
    __rt_lib_init_clock_1                    0x080001b1   Thumb Code     0  libinit2.o(.ARM.Collect$$libinit$$00000021)
    __rt_lib_init_cpp_1                      0x080001b1   Thumb Code     0  libinit2.o(.ARM.Collect$$libinit$$00000032)
    __rt_lib_init_exceptions_1               0x080001b1   Thumb Code     0  libinit2.o(.ARM.Collect$$libinit$$00000030)
    __rt_lib_init_fp_1                       0x080001b1   Thumb Code     0  libinit2.o(.ARM.Collect$$libinit$$00000002)
    __rt_lib_init_fp_trap_1                  0x080001b1   Thumb Code     0  libinit2.o(.ARM.Collect$$libinit$$0000001F)
    __rt_lib_init_getenv_1                   0x080001b1   Thumb Code     0  libinit2.o(.ARM.Collect$$libinit$$00000023)
    __rt_lib_init_heap_1                     0x080001b1   Thumb Code     0  libinit2.o(.ARM.Collect$$libinit$$0000000A)
    __rt_lib_init_lc_collate_1               0x080001b1   Thumb Code     0  libinit2.o(.ARM.Collect$$libinit$$00000011)
    __rt_lib_init_lc_ctype_1                 0x080001b1   Thumb Code     0  libinit2.o(.ARM.Collect$$libinit$$00000013)
    __rt_lib_init_lc_monetary_1              0x080001b1   Thumb Code     0  libinit2.o(.ARM.Collect$$libinit$$00000015)
    __rt_lib_init_lc_numeric_1               0x080001b1   Thumb Code     0  libinit2.o(.ARM.Collect$$libinit$$00000017)
    __rt_lib_init_lc_time_1                  0x080001b1   Thumb Code     0  libinit2.o(.ARM.Collect$$libinit$$00000019)
    __rt_lib_init_preinit_1                  0x080001b1   Thumb Code     0  libinit2.o(.ARM.Collect$$libinit$$00000004)
    __rt_lib_init_rand_1                     0x080001b1   Thumb Code     0  libinit2.o(.ARM.Collect$$libinit$$0000000E)
    __rt_lib_init_return                     0x080001b1   Thumb Code     0  libinit2.o(.ARM.Collect$$libinit$$00000033)
    __rt_lib_init_signal_1                   0x080001b1   Thumb Code     0  libinit2.o(.ARM.Collect$$libinit$$0000001D)
    __rt_lib_init_stdio_1                    0x080001b1   Thumb Code     0  libinit2.o(.ARM.Collect$$libinit$$00000025)
    __rt_lib_init_user_alloc_1               0x080001b1   Thumb Code     0  libinit2.o(.ARM.Collect$$libinit$$0000000C)
    __rt_lib_shutdown                        0x080001b3   Thumb Code     0  libshutdown.o(.ARM.Collect$$libshutdown$$00000000)
    __rt_lib_shutdown_fp_trap_1              0x080001b5   Thumb Code     0  libshutdown2.o(.ARM.Collect$$libshutdown$$00000006)
    __rt_lib_shutdown_heap_1                 0x080001b5   Thumb Code     0  libshutdown2.o(.ARM.Collect$$libshutdown$$0000000E)
    __rt_lib_shutdown_return                 0x080001b5   Thumb Code     0  libshutdown2.o(.ARM.Collect$$libshutdown$$0000000F)
    __rt_lib_shutdown_signal_1               0x080001b5   Thumb Code     0  libshutdown2.o(.ARM.Collect$$libshutdown$$00000009)
    __rt_lib_shutdown_stdio_1                0x080001b5   Thumb Code     0  libshutdown2.o(.ARM.Collect$$libshutdown$$00000003)
    __rt_lib_shutdown_user_alloc_1           0x080001b5   Thumb Code     0  libshutdown2.o(.ARM.Collect$$libshutdown$$0000000B)
    __rt_entry                               0x080001b7   Thumb Code     0  __rtentry.o(.ARM.Collect$$rtentry$$00000000)
    __rt_entry_presh_1                       0x080001b7   Thumb Code     0  __rtentry2.o(.ARM.Collect$$rtentry$$00000002)
    __rt_entry_sh                            0x080001b7   Thumb Code     0  __rtentry4.o(.ARM.Collect$$rtentry$$00000004)
    __rt_entry_li                            0x080001bd   Thumb Code     0  __rtentry2.o(.ARM.Collect$$rtentry$$0000000A)
    __rt_entry_postsh_1                      0x080001bd   Thumb Code     0  __rtentry2.o(.ARM.Collect$$rtentry$$00000009)
    __rt_entry_main                          0x080001c1   Thumb Code     0  __rtentry2.o(.ARM.Collect$$rtentry$$0000000D)
    __rt_entry_postli_1                      0x080001c1   Thumb Code     0  __rtentry2.o(.ARM.Collect$$rtentry$$0000000C)
    __rt_exit                                0x080001c9   Thumb Code     0  rtexit.o(.ARM.Collect$$rtexit$$00000000)
    __rt_exit_ls                             0x080001cb   Thumb Code     0  rtexit2.o(.ARM.Collect$$rtexit$$00000003)
    __rt_exit_prels_1                        0x080001cb   Thumb Code     0  rtexit2.o(.ARM.Collect$$rtexit$$00000002)
    __rt_exit_exit                           0x080001cf   Thumb Code     0  rtexit2.o(.ARM.Collect$$rtexit$$00000004)
    Reset_Handler                            0x080001d5   Thumb Code     8  startup_stm32f10x_hd.o(.text)
    ADC1_2_IRQHandler                        0x080001ef   Thumb Code     0  startup_stm32f10x_hd.o(.text)
    ADC3_IRQHandler                          0x080001ef   Thumb Code     0  startup_stm32f10x_hd.o(.text)
    CAN1_RX1_IRQHandler                      0x080001ef   Thumb Code     0  startup_stm32f10x_hd.o(.text)
    CAN1_SCE_IRQHandler                      0x080001ef   Thumb Code     0  startup_stm32f10x_hd.o(.text)
    DMA1_Channel1_IRQHandler                 0x080001ef   Thumb Code     0  startup_stm32f10x_hd.o(.text)
    DMA1_Channel2_IRQHandler                 0x080001ef   Thumb Code     0  startup_stm32f10x_hd.o(.text)
    DMA1_Channel3_IRQHandler                 0x080001ef   Thumb Code     0  startup_stm32f10x_hd.o(.text)
    DMA1_Channel4_IRQHandler                 0x080001ef   Thumb Code     0  startup_stm32f10x_hd.o(.text)
    DMA1_Channel5_IRQHandler                 0x080001ef   Thumb Code     0  startup_stm32f10x_hd.o(.text)
    DMA1_Channel6_IRQHandler                 0x080001ef   Thumb Code     0  startup_stm32f10x_hd.o(.text)
    DMA1_Channel7_IRQHandler                 0x080001ef   Thumb Code     0  startup_stm32f10x_hd.o(.text)
    DMA2_Channel1_IRQHandler                 0x080001ef   Thumb Code     0  startup_stm32f10x_hd.o(.text)
    DMA2_Channel2_IRQHandler                 0x080001ef   Thumb Code     0  startup_stm32f10x_hd.o(.text)
    DMA2_Channel3_IRQHandler                 0x080001ef   Thumb Code     0  startup_stm32f10x_hd.o(.text)
    DMA2_Channel4_5_IRQHandler               0x080001ef   Thumb Code     0  startup_stm32f10x_hd.o(.text)
    EXTI0_IRQHandler                         0x080001ef   Thumb Code     0  startup_stm32f10x_hd.o(.text)
    EXTI15_10_IRQHandler                     0x080001ef   Thumb Code     0  startup_stm32f10x_hd.o(.text)
    EXTI1_IRQHandler                         0x080001ef   Thumb Code     0  startup_stm32f10x_hd.o(.text)
    EXTI2_IRQHandler                         0x080001ef   Thumb Code     0  startup_stm32f10x_hd.o(.text)
    EXTI3_IRQHandler                         0x080001ef   Thumb Code     0  startup_stm32f10x_hd.o(.text)
    EXTI4_IRQHandler                         0x080001ef   Thumb Code     0  startup_stm32f10x_hd.o(.text)
    EXTI9_5_IRQHandler                       0x080001ef   Thumb Code     0  startup_stm32f10x_hd.o(.text)
    FLASH_IRQHandler                         0x080001ef   Thumb Code     0  startup_stm32f10x_hd.o(.text)
    FSMC_IRQHandler                          0x080001ef   Thumb Code     0  startup_stm32f10x_hd.o(.text)
    I2C1_ER_IRQHandler                       0x080001ef   Thumb Code     0  startup_stm32f10x_hd.o(.text)
    I2C1_EV_IRQHandler                       0x080001ef   Thumb Code     0  startup_stm32f10x_hd.o(.text)
    I2C2_ER_IRQHandler                       0x080001ef   Thumb Code     0  startup_stm32f10x_hd.o(.text)
    I2C2_EV_IRQHandler                       0x080001ef   Thumb Code     0  startup_stm32f10x_hd.o(.text)
    PVD_IRQHandler                           0x080001ef   Thumb Code     0  startup_stm32f10x_hd.o(.text)
    RCC_IRQHandler                           0x080001ef   Thumb Code     0  startup_stm32f10x_hd.o(.text)
    RTCAlarm_IRQHandler                      0x080001ef   Thumb Code     0  startup_stm32f10x_hd.o(.text)
    RTC_IRQHandler                           0x080001ef   Thumb Code     0  startup_stm32f10x_hd.o(.text)
    SDIO_IRQHandler                          0x080001ef   Thumb Code     0  startup_stm32f10x_hd.o(.text)
    SPI1_IRQHandler                          0x080001ef   Thumb Code     0  startup_stm32f10x_hd.o(.text)
    SPI2_IRQHandler                          0x080001ef   Thumb Code     0  startup_stm32f10x_hd.o(.text)
    SPI3_IRQHandler                          0x080001ef   Thumb Code     0  startup_stm32f10x_hd.o(.text)
    TAMPER_IRQHandler                        0x080001ef   Thumb Code     0  startup_stm32f10x_hd.o(.text)
    TIM1_BRK_IRQHandler                      0x080001ef   Thumb Code     0  startup_stm32f10x_hd.o(.text)
    TIM1_CC_IRQHandler                       0x080001ef   Thumb Code     0  startup_stm32f10x_hd.o(.text)
    TIM1_TRG_COM_IRQHandler                  0x080001ef   Thumb Code     0  startup_stm32f10x_hd.o(.text)
    TIM1_UP_IRQHandler                       0x080001ef   Thumb Code     0  startup_stm32f10x_hd.o(.text)
    TIM2_IRQHandler                          0x080001ef   Thumb Code     0  startup_stm32f10x_hd.o(.text)
    TIM4_IRQHandler                          0x080001ef   Thumb Code     0  startup_stm32f10x_hd.o(.text)
    TIM5_IRQHandler                          0x080001ef   Thumb Code     0  startup_stm32f10x_hd.o(.text)
    TIM6_IRQHandler                          0x080001ef   Thumb Code     0  startup_stm32f10x_hd.o(.text)
    TIM7_IRQHandler                          0x080001ef   Thumb Code     0  startup_stm32f10x_hd.o(.text)
    TIM8_BRK_IRQHandler                      0x080001ef   Thumb Code     0  startup_stm32f10x_hd.o(.text)
    TIM8_CC_IRQHandler                       0x080001ef   Thumb Code     0  startup_stm32f10x_hd.o(.text)
    TIM8_TRG_COM_IRQHandler                  0x080001ef   Thumb Code     0  startup_stm32f10x_hd.o(.text)
    TIM8_UP_IRQHandler                       0x080001ef   Thumb Code     0  startup_stm32f10x_hd.o(.text)
    UART4_IRQHandler                         0x080001ef   Thumb Code     0  startup_stm32f10x_hd.o(.text)
    UART5_IRQHandler                         0x080001ef   Thumb Code     0  startup_stm32f10x_hd.o(.text)
    USART2_IRQHandler                        0x080001ef   Thumb Code     0  startup_stm32f10x_hd.o(.text)
    USBWakeUp_IRQHandler                     0x080001ef   Thumb Code     0  startup_stm32f10x_hd.o(.text)
    USB_HP_CAN1_TX_IRQHandler                0x080001ef   Thumb Code     0  startup_stm32f10x_hd.o(.text)
    USB_LP_CAN1_RX0_IRQHandler               0x080001ef   Thumb Code     0  startup_stm32f10x_hd.o(.text)
    WWDG_IRQHandler                          0x080001ef   Thumb Code     0  startup_stm32f10x_hd.o(.text)
    __user_initial_stackheap                 0x080001f1   Thumb Code     0  startup_stm32f10x_hd.o(.text)
    __use_no_semihosting                     0x08000215   Thumb Code     2  use_no_semi_2.o(.text)
    __2printf                                0x08000219   Thumb Code    20  noretval__2printf.o(.text)
    _printf_pre_padding                      0x08000231   Thumb Code    44  _printf_pad.o(.text)
    _printf_post_padding                     0x0800025d   Thumb Code    34  _printf_pad.o(.text)
    _printf_int_dec                          0x08000281   Thumb Code   104  _printf_dec.o(.text)
    __printf                                 0x080002f9   Thumb Code   308  __printf_flags_wp.o(.text)
    __aeabi_memcpy                           0x08000431   Thumb Code     0  rt_memcpy_v6.o(.text)
    __rt_memcpy                              0x08000431   Thumb Code   138  rt_memcpy_v6.o(.text)
    _memcpy_lastbytes                        0x08000497   Thumb Code     0  rt_memcpy_v6.o(.text)
    __aeabi_memcpy4                          0x080004bb   Thumb Code     0  rt_memcpy_w.o(.text)
    __aeabi_memcpy8                          0x080004bb   Thumb Code     0  rt_memcpy_w.o(.text)
    __rt_memcpy_w                            0x080004bb   Thumb Code   100  rt_memcpy_w.o(.text)
    _memcpy_lastbytes_aligned                0x08000503   Thumb Code     0  rt_memcpy_w.o(.text)
    __aeabi_memclr                           0x0800051f   Thumb Code     0  rt_memclr.o(.text)
    __rt_memclr                              0x0800051f   Thumb Code    68  rt_memclr.o(.text)
    _memset                                  0x08000523   Thumb Code     0  rt_memclr.o(.text)
    __aeabi_memclr4                          0x08000563   Thumb Code     0  rt_memclr_w.o(.text)
    __aeabi_memclr8                          0x08000563   Thumb Code     0  rt_memclr_w.o(.text)
    __rt_memclr_w                            0x08000563   Thumb Code    78  rt_memclr_w.o(.text)
    _memset_w                                0x08000567   Thumb Code     0  rt_memclr_w.o(.text)
    __use_two_region_memory                  0x080005b1   Thumb Code     2  heapauxi.o(.text)
    __rt_heap_escrow$2region                 0x080005b3   Thumb Code     2  heapauxi.o(.text)
    __rt_heap_expand$2region                 0x080005b5   Thumb Code     2  heapauxi.o(.text)
    __I$use$semihosting                      0x080005b7   Thumb Code     0  use_no_semi.o(.text)
    __use_no_semihosting_swi                 0x080005b7   Thumb Code     2  use_no_semi.o(.text)
    _printf_int_common                       0x080005b9   Thumb Code   178  _printf_intcommon.o(.text)
    _printf_char_file                        0x0800066d   Thumb Code    32  _printf_char_file.o(.text)
    _printf_char_common                      0x0800069b   Thumb Code    32  _printf_char_common.o(.text)
    ferror                                   0x080006c1   Thumb Code     8  ferror.o(.text)
    __user_libspace                          0x080006c9   Thumb Code     8  libspace.o(.text)
    __user_perproc_libspace                  0x080006c9   Thumb Code     0  libspace.o(.text)
    __user_perthread_libspace                0x080006c9   Thumb Code     0  libspace.o(.text)
    __user_setup_stackheap                   0x080006d1   Thumb Code    74  sys_stackheap_outer.o(.text)
    exit                                     0x0800071b   Thumb Code    12  exit.o(.text)
    BusFault_Handler                         0x08000727   Thumb Code     4  stm32f10x_it.o(i.BusFault_Handler)
    DebugMon_Handler                         0x0800072b   Thumb Code     2  stm32f10x_it.o(i.DebugMon_Handler)
    GPIO_Init                                0x0800072d   Thumb Code   278  stm32f10x_gpio.o(i.GPIO_Init)
    GPIO_ReadInputDataBit                    0x08000843   Thumb Code    18  stm32f10x_gpio.o(i.GPIO_ReadInputDataBit)
    GPIO_SetBits                             0x08000855   Thumb Code     4  stm32f10x_gpio.o(i.GPIO_SetBits)
    Gizwits_Init                             0x08000859   Thumb Code    34  main.o(i.Gizwits_Init)
    HardFault_Handler                        0x08000881   Thumb Code     4  stm32f10x_it.o(i.HardFault_Handler)
    KEY_Init                                 0x08000885   Thumb Code    52  key.o(i.KEY_Init)
    KEY_Scan                                 0x080008c1   Thumb Code   188  key.o(i.KEY_Scan)
    LED_Init                                 0x08000989   Thumb Code    68  led.o(i.LED_Init)
    MemManage_Handler                        0x080009d5   Thumb Code     4  stm32f10x_it.o(i.MemManage_Handler)
    NMI_Handler                              0x080009d9   Thumb Code     2  stm32f10x_it.o(i.NMI_Handler)
    NVIC_Init                                0x080009dd   Thumb Code   100  misc.o(i.NVIC_Init)
    NVIC_PriorityGroupConfig                 0x08000a4d   Thumb Code    10  misc.o(i.NVIC_PriorityGroupConfig)
    PendSV_Handler                           0x08000a61   Thumb Code     2  stm32f10x_it.o(i.PendSV_Handler)
    RCC_APB1PeriphClockCmd                   0x08000a65   Thumb Code    26  stm32f10x_rcc.o(i.RCC_APB1PeriphClockCmd)
    RCC_APB1PeriphResetCmd                   0x08000a85   Thumb Code    26  stm32f10x_rcc.o(i.RCC_APB1PeriphResetCmd)
    RCC_APB2PeriphClockCmd                   0x08000aa5   Thumb Code    26  stm32f10x_rcc.o(i.RCC_APB2PeriphClockCmd)
    RCC_APB2PeriphResetCmd                   0x08000ac5   Thumb Code    26  stm32f10x_rcc.o(i.RCC_APB2PeriphResetCmd)
    RCC_GetClocksFreq                        0x08000ae5   Thumb Code   192  stm32f10x_rcc.o(i.RCC_GetClocksFreq)
    SVC_Handler                              0x08000bb9   Thumb Code     2  stm32f10x_it.o(i.SVC_Handler)
    SysTick_CLKSourceConfig                  0x08000ca5   Thumb Code    40  misc.o(i.SysTick_CLKSourceConfig)
    SysTick_Handler                          0x08000ccd   Thumb Code     2  stm32f10x_it.o(i.SysTick_Handler)
    SystemInit                               0x08000cd1   Thumb Code    78  system_stm32f10x.o(i.SystemInit)
    TIM3_IRQHandler                          0x08000d31   Thumb Code    26  timer.o(i.TIM3_IRQHandler)
    TIM3_Int_Init                            0x08000d51   Thumb Code    90  timer.o(i.TIM3_Int_Init)
    TIM4_PWM_Init                            0x08000db1   Thumb Code   170  timer.o(i.TIM4_PWM_Init)
    TIM_ARRPreloadConfig                     0x08000e65   Thumb Code    24  stm32f10x_tim.o(i.TIM_ARRPreloadConfig)
    TIM_ClearITPendingBit                    0x08000e7d   Thumb Code     6  stm32f10x_tim.o(i.TIM_ClearITPendingBit)
    TIM_Cmd                                  0x08000e83   Thumb Code    24  stm32f10x_tim.o(i.TIM_Cmd)
    TIM_GetITStatus                          0x08000e9b   Thumb Code    34  stm32f10x_tim.o(i.TIM_GetITStatus)
    TIM_ITConfig                             0x08000ebd   Thumb Code    18  stm32f10x_tim.o(i.TIM_ITConfig)
    TIM_OC3Init                              0x08000ed1   Thumb Code   150  stm32f10x_tim.o(i.TIM_OC3Init)
    TIM_OC3PreloadConfig                     0x08000f71   Thumb Code    18  stm32f10x_tim.o(i.TIM_OC3PreloadConfig)
    TIM_OC4Init                              0x08000f85   Thumb Code   114  stm32f10x_tim.o(i.TIM_OC4Init)
    TIM_OC4PreloadConfig                     0x08001001   Thumb Code    26  stm32f10x_tim.o(i.TIM_OC4PreloadConfig)
    TIM_SetCompare3                          0x0800101b   Thumb Code     4  stm32f10x_tim.o(i.TIM_SetCompare3)
    TIM_SetCompare4                          0x0800101f   Thumb Code     6  stm32f10x_tim.o(i.TIM_SetCompare4)
    TIM_TimeBaseInit                         0x08001025   Thumb Code   122  stm32f10x_tim.o(i.TIM_TimeBaseInit)
    USART1_IRQHandler                        0x080010c9   Thumb Code    32  usart.o(i.USART1_IRQHandler)
    USART3_IRQHandler                        0x080010f5   Thumb Code    34  usart.o(i.USART3_IRQHandler)
    USART_Cmd                                0x0800111d   Thumb Code    24  stm32f10x_usart.o(i.USART_Cmd)
    USART_DeInit                             0x08001135   Thumb Code   134  stm32f10x_usart.o(i.USART_DeInit)
    USART_GetFlagStatus                      0x080011d1   Thumb Code    26  stm32f10x_usart.o(i.USART_GetFlagStatus)
    USART_GetITStatus                        0x080011eb   Thumb Code    84  stm32f10x_usart.o(i.USART_GetITStatus)
    USART_ITConfig                           0x0800123f   Thumb Code    74  stm32f10x_usart.o(i.USART_ITConfig)
    USART_Init                               0x08001289   Thumb Code   210  stm32f10x_usart.o(i.USART_Init)
    USART_ReceiveData                        0x08001361   Thumb Code    10  stm32f10x_usart.o(i.USART_ReceiveData)
    USART_SendData                           0x0800136b   Thumb Code     8  stm32f10x_usart.o(i.USART_SendData)
    UsageFault_Handler                       0x08001373   Thumb Code     4  stm32f10x_it.o(i.UsageFault_Handler)
    _is_digit                                0x08001377   Thumb Code    14  __printf_wp.o(i._is_digit)
    _sys_exit                                0x08001385   Thumb Code     4  usart.o(i._sys_exit)
    delay_init                               0x08001389   Thumb Code    50  delay.o(i.delay_init)
    delay_ms                                 0x080013cd   Thumb Code    72  delay.o(i.delay_ms)
    fputc                                    0x08001419   Thumb Code    24  usart.o(i.fputc)
    gizGetTimerCount                         0x0800191d   Thumb Code     6  gizwits_product.o(i.gizGetTimerCount)
    gizPutData                               0x0800280d   Thumb Code    52  gizwits_protocol.o(i.gizPutData)
    gizTimerMs                               0x08002955   Thumb Code    12  gizwits_product.o(i.gizTimerMs)
    gizwitsEventProcess                      0x08002981   Thumb Code   290  gizwits_product.o(i.gizwitsEventProcess)
    gizwitsHandle                            0x08002b31   Thumb Code   460  gizwits_protocol.o(i.gizwitsHandle)
    gizwitsInit                              0x08002dc5   Thumb Code    32  gizwits_protocol.o(i.gizwitsInit)
    gizwitsSetMode                           0x08002df1   Thumb Code   500  gizwits_protocol.o(i.gizwitsSetMode)
    main                                     0x08003021   Thumb Code   108  main.o(i.main)
    mcuRestart                               0x08003121   Thumb Code    38  gizwits_product.o(i.mcuRestart)
    uartWrite                                0x08003445   Thumb Code    82  gizwits_product.o(i.uartWrite)
    uart_init                                0x0800349d   Thumb Code   152  usart.o(i.uart_init)
    usart3_init                              0x0800353d   Thumb Code   166  usart.o(i.usart3_init)
    userHandle                               0x080035ed   Thumb Code    22  main.o(i.userHandle)
    Region$$Table$$Base                      0x08003664   Number         0  anon$$obj.o(Region$$Table)
    Region$$Table$$Limit                     0x08003684   Number         0  anon$$obj.o(Region$$Table)
    currentDataPoint                         0x20000000   Data           8  main.o(.data)
    SystemCoreClock                          0x20000008   Data           4  system_stm32f10x.o(.data)
    AHBPrescTable                            0x2000000c   Data          16  system_stm32f10x.o(.data)
    l                                        0x20000020   Data           1  usart.o(.data)
    __stdout                                 0x20000024   Data           4  usart.o(.data)
    USART_RX_STA                             0x20000028   Data           2  usart.o(.data)
    res                                      0x2000002a   Data           1  usart.o(.data)
    f                                        0x20000040   Data           1  gizwits_product.o(.data)
    gizwitsProtocol                          0x20000050   Data        2964  gizwits_protocol.o(.bss)
    pRb                                      0x20000be4   Data          16  gizwits_protocol.o(.bss)
    __libspace_start                         0x20001360   Data          96  libspace.o(.bss)
    __temporary_stack_top$libspace           0x200013c0   Data           0  libspace.o(.bss)



==============================================================================

Memory Map of the image

  Image Entry point : 0x080001d5

  Load Region LR_1 (Base: 0x08000000, Size: 0x000036d4, Max: 0xffffffff, ABSOLUTE)

    Execution Region ER_RO (Base: 0x08000000, Size: 0x00003684, Max: 0xffffffff, ABSOLUTE)

    Base Addr    Size         Type   Attr      Idx    E Section Name        Object

    0x08000000   0x00000130   Data   RO          375    RESET               startup_stm32f10x_hd.o
    0x08000130   0x00000008   Code   RO         3934  * !!!main             c_w.l(__main.o)
    0x08000138   0x00000034   Code   RO         4140    !!!scatter          c_w.l(__scatter.o)
    0x0800016c   0x0000001a   Code   RO         4142    !!handler_copy      c_w.l(__scatter_copy.o)
    0x08000186   0x00000002   PAD
    0x08000188   0x0000001c   Code   RO         4144    !!handler_zi        c_w.l(__scatter_zi.o)
    0x080001a4   0x00000000   Code   RO         3921    .ARM.Collect$$_printf_percent$$00000000  c_w.l(_printf_percent.o)
    0x080001a4   0x00000006   Code   RO         3920    .ARM.Collect$$_printf_percent$$00000009  c_w.l(_printf_d.o)
    0x080001aa   0x00000004   Code   RO         3967    .ARM.Collect$$_printf_percent$$00000017  c_w.l(_printf_percent_end.o)
    0x080001ae   0x00000002   Code   RO         4018    .ARM.Collect$$libinit$$00000000  c_w.l(libinit.o)
    0x080001b0   0x00000000   Code   RO         4020    .ARM.Collect$$libinit$$00000002  c_w.l(libinit2.o)
    0x080001b0   0x00000000   Code   RO         4022    .ARM.Collect$$libinit$$00000004  c_w.l(libinit2.o)
    0x080001b0   0x00000000   Code   RO         4025    .ARM.Collect$$libinit$$0000000A  c_w.l(libinit2.o)
    0x080001b0   0x00000000   Code   RO         4027    .ARM.Collect$$libinit$$0000000C  c_w.l(libinit2.o)
    0x080001b0   0x00000000   Code   RO         4029    .ARM.Collect$$libinit$$0000000E  c_w.l(libinit2.o)
    0x080001b0   0x00000000   Code   RO         4032    .ARM.Collect$$libinit$$00000011  c_w.l(libinit2.o)
    0x080001b0   0x00000000   Code   RO         4034    .ARM.Collect$$libinit$$00000013  c_w.l(libinit2.o)
    0x080001b0   0x00000000   Code   RO         4036    .ARM.Collect$$libinit$$00000015  c_w.l(libinit2.o)
    0x080001b0   0x00000000   Code   RO         4038    .ARM.Collect$$libinit$$00000017  c_w.l(libinit2.o)
    0x080001b0   0x00000000   Code   RO         4040    .ARM.Collect$$libinit$$00000019  c_w.l(libinit2.o)
    0x080001b0   0x00000000   Code   RO         4042    .ARM.Collect$$libinit$$0000001B  c_w.l(libinit2.o)
    0x080001b0   0x00000000   Code   RO         4044    .ARM.Collect$$libinit$$0000001D  c_w.l(libinit2.o)
    0x080001b0   0x00000000   Code   RO         4046    .ARM.Collect$$libinit$$0000001F  c_w.l(libinit2.o)
    0x080001b0   0x00000000   Code   RO         4048    .ARM.Collect$$libinit$$00000021  c_w.l(libinit2.o)
    0x080001b0   0x00000000   Code   RO         4050    .ARM.Collect$$libinit$$00000023  c_w.l(libinit2.o)
    0x080001b0   0x00000000   Code   RO         4052    .ARM.Collect$$libinit$$00000025  c_w.l(libinit2.o)
    0x080001b0   0x00000000   Code   RO         4056    .ARM.Collect$$libinit$$0000002C  c_w.l(libinit2.o)
    0x080001b0   0x00000000   Code   RO         4058    .ARM.Collect$$libinit$$0000002E  c_w.l(libinit2.o)
    0x080001b0   0x00000000   Code   RO         4060    .ARM.Collect$$libinit$$00000030  c_w.l(libinit2.o)
    0x080001b0   0x00000000   Code   RO         4062    .ARM.Collect$$libinit$$00000032  c_w.l(libinit2.o)
    0x080001b0   0x00000002   Code   RO         4063    .ARM.Collect$$libinit$$00000033  c_w.l(libinit2.o)
    0x080001b2   0x00000002   Code   RO         4091    .ARM.Collect$$libshutdown$$00000000  c_w.l(libshutdown.o)
    0x080001b4   0x00000000   Code   RO         4101    .ARM.Collect$$libshutdown$$00000003  c_w.l(libshutdown2.o)
    0x080001b4   0x00000000   Code   RO         4104    .ARM.Collect$$libshutdown$$00000006  c_w.l(libshutdown2.o)
    0x080001b4   0x00000000   Code   RO         4107    .ARM.Collect$$libshutdown$$00000009  c_w.l(libshutdown2.o)
    0x080001b4   0x00000000   Code   RO         4109    .ARM.Collect$$libshutdown$$0000000B  c_w.l(libshutdown2.o)
    0x080001b4   0x00000000   Code   RO         4112    .ARM.Collect$$libshutdown$$0000000E  c_w.l(libshutdown2.o)
    0x080001b4   0x00000002   Code   RO         4113    .ARM.Collect$$libshutdown$$0000000F  c_w.l(libshutdown2.o)
    0x080001b6   0x00000000   Code   RO         3960    .ARM.Collect$$rtentry$$00000000  c_w.l(__rtentry.o)
    0x080001b6   0x00000000   Code   RO         3974    .ARM.Collect$$rtentry$$00000002  c_w.l(__rtentry2.o)
    0x080001b6   0x00000006   Code   RO         3986    .ARM.Collect$$rtentry$$00000004  c_w.l(__rtentry4.o)
    0x080001bc   0x00000000   Code   RO         3976    .ARM.Collect$$rtentry$$00000009  c_w.l(__rtentry2.o)
    0x080001bc   0x00000004   Code   RO         3977    .ARM.Collect$$rtentry$$0000000A  c_w.l(__rtentry2.o)
    0x080001c0   0x00000000   Code   RO         3979    .ARM.Collect$$rtentry$$0000000C  c_w.l(__rtentry2.o)
    0x080001c0   0x00000008   Code   RO         3980    .ARM.Collect$$rtentry$$0000000D  c_w.l(__rtentry2.o)
    0x080001c8   0x00000002   Code   RO         4064    .ARM.Collect$$rtexit$$00000000  c_w.l(rtexit.o)
    0x080001ca   0x00000000   Code   RO         4071    .ARM.Collect$$rtexit$$00000002  c_w.l(rtexit2.o)
    0x080001ca   0x00000004   Code   RO         4072    .ARM.Collect$$rtexit$$00000003  c_w.l(rtexit2.o)
    0x080001ce   0x00000006   Code   RO         4073    .ARM.Collect$$rtexit$$00000004  c_w.l(rtexit2.o)
    0x080001d4   0x00000040   Code   RO          376  * .text               startup_stm32f10x_hd.o
    0x08000214   0x00000002   Code   RO         3886    .text               c_w.l(use_no_semi_2.o)
    0x08000216   0x00000002   PAD
    0x08000218   0x00000018   Code   RO         3892    .text               c_w.l(noretval__2printf.o)
    0x08000230   0x0000004e   Code   RO         3896    .text               c_w.l(_printf_pad.o)
    0x0800027e   0x00000002   PAD
    0x08000280   0x00000078   Code   RO         3898    .text               c_w.l(_printf_dec.o)
    0x080002f8   0x00000138   Code   RO         3912    .text               c_w.l(__printf_flags_wp.o)
    0x08000430   0x0000008a   Code   RO         3924    .text               c_w.l(rt_memcpy_v6.o)
    0x080004ba   0x00000064   Code   RO         3926    .text               c_w.l(rt_memcpy_w.o)
    0x0800051e   0x00000044   Code   RO         3928    .text               c_w.l(rt_memclr.o)
    0x08000562   0x0000004e   Code   RO         3930    .text               c_w.l(rt_memclr_w.o)
    0x080005b0   0x00000006   Code   RO         3932    .text               c_w.l(heapauxi.o)
    0x080005b6   0x00000002   Code   RO         3958    .text               c_w.l(use_no_semi.o)
    0x080005b8   0x000000b2   Code   RO         3963    .text               c_w.l(_printf_intcommon.o)
    0x0800066a   0x00000002   PAD
    0x0800066c   0x00000024   Code   RO         3965    .text               c_w.l(_printf_char_file.o)
    0x08000690   0x00000030   Code   RO         3993    .text               c_w.l(_printf_char_common.o)
    0x080006c0   0x00000008   Code   RO         3995    .text               c_w.l(ferror.o)
    0x080006c8   0x00000008   Code   RO         4002    .text               c_w.l(libspace.o)
    0x080006d0   0x0000004a   Code   RO         4005    .text               c_w.l(sys_stackheap_outer.o)
    0x0800071a   0x0000000c   Code   RO         4009    .text               c_w.l(exit.o)
    0x08000726   0x00000004   Code   RO          154    i.BusFault_Handler  stm32f10x_it.o
    0x0800072a   0x00000002   Code   RO          155    i.DebugMon_Handler  stm32f10x_it.o
    0x0800072c   0x00000116   Code   RO         1531    i.GPIO_Init         stm32f10x_gpio.o
    0x08000842   0x00000012   Code   RO         1535    i.GPIO_ReadInputDataBit  stm32f10x_gpio.o
    0x08000854   0x00000004   Code   RO         1539    i.GPIO_SetBits      stm32f10x_gpio.o
    0x08000858   0x00000028   Code   RO            1    i.Gizwits_Init      main.o
    0x08000880   0x00000004   Code   RO          156    i.HardFault_Handler  stm32f10x_it.o
    0x08000884   0x0000003c   Code   RO         3395    i.KEY_Init          key.o
    0x080008c0   0x000000c8   Code   RO         3396    i.KEY_Scan          key.o
    0x08000988   0x0000004c   Code   RO         3347    i.LED_Init          led.o
    0x080009d4   0x00000004   Code   RO          157    i.MemManage_Handler  stm32f10x_it.o
    0x080009d8   0x00000002   Code   RO          158    i.NMI_Handler       stm32f10x_it.o
    0x080009da   0x00000002   PAD
    0x080009dc   0x00000070   Code   RO          380    i.NVIC_Init         misc.o
    0x08000a4c   0x00000014   Code   RO          381    i.NVIC_PriorityGroupConfig  misc.o
    0x08000a60   0x00000002   Code   RO          159    i.PendSV_Handler    stm32f10x_it.o
    0x08000a62   0x00000002   PAD
    0x08000a64   0x00000020   Code   RO         1947    i.RCC_APB1PeriphClockCmd  stm32f10x_rcc.o
    0x08000a84   0x00000020   Code   RO         1948    i.RCC_APB1PeriphResetCmd  stm32f10x_rcc.o
    0x08000aa4   0x00000020   Code   RO         1949    i.RCC_APB2PeriphClockCmd  stm32f10x_rcc.o
    0x08000ac4   0x00000020   Code   RO         1950    i.RCC_APB2PeriphResetCmd  stm32f10x_rcc.o
    0x08000ae4   0x000000d4   Code   RO         1957    i.RCC_GetClocksFreq  stm32f10x_rcc.o
    0x08000bb8   0x00000002   Code   RO          160    i.SVC_Handler       stm32f10x_it.o
    0x08000bba   0x00000008   Code   RO          217    i.SetSysClock       system_stm32f10x.o
    0x08000bc2   0x00000002   PAD
    0x08000bc4   0x000000e0   Code   RO          218    i.SetSysClockTo72   system_stm32f10x.o
    0x08000ca4   0x00000028   Code   RO          384    i.SysTick_CLKSourceConfig  misc.o
    0x08000ccc   0x00000002   Code   RO          161    i.SysTick_Handler   stm32f10x_it.o
    0x08000cce   0x00000002   PAD
    0x08000cd0   0x00000060   Code   RO          220    i.SystemInit        system_stm32f10x.o
    0x08000d30   0x00000020   Code   RO         3371    i.TIM3_IRQHandler   timer.o
    0x08000d50   0x00000060   Code   RO         3372    i.TIM3_Int_Init     timer.o
    0x08000db0   0x000000b4   Code   RO         3373    i.TIM4_PWM_Init     timer.o
    0x08000e64   0x00000018   Code   RO         2569    i.TIM_ARRPreloadConfig  stm32f10x_tim.o
    0x08000e7c   0x00000006   Code   RO         2576    i.TIM_ClearITPendingBit  stm32f10x_tim.o
    0x08000e82   0x00000018   Code   RO         2581    i.TIM_Cmd           stm32f10x_tim.o
    0x08000e9a   0x00000022   Code   RO         2602    i.TIM_GetITStatus   stm32f10x_tim.o
    0x08000ebc   0x00000012   Code   RO         2606    i.TIM_ITConfig      stm32f10x_tim.o
    0x08000ece   0x00000002   PAD
    0x08000ed0   0x000000a0   Code   RO         2620    i.TIM_OC3Init       stm32f10x_tim.o
    0x08000f70   0x00000012   Code   RO         2623    i.TIM_OC3PreloadConfig  stm32f10x_tim.o
    0x08000f82   0x00000002   PAD
    0x08000f84   0x0000007c   Code   RO         2625    i.TIM_OC4Init       stm32f10x_tim.o
    0x08001000   0x0000001a   Code   RO         2627    i.TIM_OC4PreloadConfig  stm32f10x_tim.o
    0x0800101a   0x00000004   Code   RO         2644    i.TIM_SetCompare3   stm32f10x_tim.o
    0x0800101e   0x00000006   Code   RO         2645    i.TIM_SetCompare4   stm32f10x_tim.o
    0x08001024   0x000000a4   Code   RO         2652    i.TIM_TimeBaseInit  stm32f10x_tim.o
    0x080010c8   0x0000002c   Code   RO          306    i.USART1_IRQHandler  usart.o
    0x080010f4   0x00000028   Code   RO          307    i.USART3_IRQHandler  usart.o
    0x0800111c   0x00000018   Code   RO         3117    i.USART_Cmd         stm32f10x_usart.o
    0x08001134   0x0000009c   Code   RO         3119    i.USART_DeInit      stm32f10x_usart.o
    0x080011d0   0x0000001a   Code   RO         3120    i.USART_GetFlagStatus  stm32f10x_usart.o
    0x080011ea   0x00000054   Code   RO         3121    i.USART_GetITStatus  stm32f10x_usart.o
    0x0800123e   0x0000004a   Code   RO         3123    i.USART_ITConfig    stm32f10x_usart.o
    0x08001288   0x000000d8   Code   RO         3124    i.USART_Init        stm32f10x_usart.o
    0x08001360   0x0000000a   Code   RO         3131    i.USART_ReceiveData  stm32f10x_usart.o
    0x0800136a   0x00000008   Code   RO         3134    i.USART_SendData    stm32f10x_usart.o
    0x08001372   0x00000004   Code   RO          162    i.UsageFault_Handler  stm32f10x_it.o
    0x08001376   0x0000000e   Code   RO         3910    i._is_digit         c_w.l(__printf_wp.o)
    0x08001384   0x00000004   Code   RO          308    i._sys_exit         usart.o
    0x08001388   0x00000044   Code   RO          251    i.delay_init        delay.o
    0x080013cc   0x0000004c   Code   RO          252    i.delay_ms          delay.o
    0x08001418   0x0000001c   Code   RO          309    i.fputc             usart.o
    0x08001434   0x0000002a   Code   RO         3470    i.gizAcrossByteJudge  gizwits_protocol.o
    0x0800145e   0x00000002   PAD
    0x08001460   0x0000006c   Code   RO         3471    i.gizByteOrderExchange  gizwits_protocol.o
    0x080014cc   0x00000090   Code   RO         3472    i.gizCheckReport    gizwits_protocol.o
    0x0800155c   0x000000b0   Code   RO         3473    i.gizCompressValue  gizwits_protocol.o
    0x0800160c   0x0000009c   Code   RO         3474    i.gizDataPoint2Event  gizwits_protocol.o
    0x080016a8   0x00000074   Code   RO         3475    i.gizDataPoints2ReportData  gizwits_protocol.o
    0x0800171c   0x00000130   Code   RO         3476    i.gizDecompressionValue  gizwits_protocol.o
    0x0800184c   0x000000b4   Code   RO         3477    i.gizDevReportPolicy  gizwits_protocol.o
    0x08001900   0x0000001a   Code   RO         3478    i.gizExchangeWord   gizwits_protocol.o
    0x0800191a   0x00000002   PAD
    0x0800191c   0x0000000c   Code   RO         3416    i.gizGetTimerCount  gizwits_product.o
    0x08001928   0x00000090   Code   RO         3479    i.gizProtocolAckHandle  gizwits_protocol.o
    0x080019b8   0x000000a4   Code   RO         3480    i.gizProtocolCommonAck  gizwits_protocol.o
    0x08001a5c   0x000000a8   Code   RO         3481    i.gizProtocolErrorCmd  gizwits_protocol.o
    0x08001b04   0x00000016   Code   RO         3482    i.gizProtocolExchangeBytes  gizwits_protocol.o
    0x08001b1a   0x00000002   PAD
    0x08001b1c   0x00000180   Code   RO         3483    i.gizProtocolGetDeviceInfo  gizwits_protocol.o
    0x08001c9c   0x000001a8   Code   RO         3484    i.gizProtocolGetOnePacket  gizwits_protocol.o
    0x08001e44   0x00000050   Code   RO         3485    i.gizProtocolHeadInit  gizwits_protocol.o
    0x08001e94   0x00000100   Code   RO         3486    i.gizProtocolIssuedDataAck  gizwits_protocol.o
    0x08001f94   0x0000010c   Code   RO         3487    i.gizProtocolIssuedProcess  gizwits_protocol.o
    0x080020a0   0x00000524   Code   RO         3488    i.gizProtocolModuleStatus  gizwits_protocol.o
    0x080025c4   0x0000008c   Code   RO         3489    i.gizProtocolNTP    gizwits_protocol.o
    0x08002650   0x0000001c   Code   RO         3490    i.gizProtocolReboot  gizwits_protocol.o
    0x0800266c   0x00000084   Code   RO         3491    i.gizProtocolResendData  gizwits_protocol.o
    0x080026f0   0x0000006c   Code   RO         3492    i.gizProtocolSum    gizwits_protocol.o
    0x0800275c   0x00000064   Code   RO         3493    i.gizProtocolWaitAck  gizwits_protocol.o
    0x080027c0   0x0000004c   Code   RO         3494    i.gizProtocolWaitAckCheck  gizwits_protocol.o
    0x0800280c   0x00000078   Code   RO         3495    i.gizPutData        gizwits_protocol.o
    0x08002884   0x000000d0   Code   RO         3496    i.gizReportData     gizwits_protocol.o
    0x08002954   0x00000010   Code   RO         3417    i.gizTimerMs        gizwits_product.o
    0x08002964   0x0000000c   Code   RO         3497    i.gizX2Y            gizwits_protocol.o
    0x08002970   0x0000000e   Code   RO         3498    i.gizY2X            gizwits_protocol.o
    0x0800297e   0x00000002   PAD
    0x08002980   0x000001b0   Code   RO         3418    i.gizwitsEventProcess  gizwits_product.o
    0x08002b30   0x00000294   Code   RO         3500    i.gizwitsHandle     gizwits_protocol.o
    0x08002dc4   0x0000002c   Code   RO         3501    i.gizwitsInit       gizwits_protocol.o
    0x08002df0   0x00000230   Code   RO         3503    i.gizwitsSetMode    gizwits_protocol.o
    0x08003020   0x00000100   Code   RO            2    i.main              main.o
    0x08003120   0x00000030   Code   RO         3419    i.mcuRestart        gizwits_product.o
    0x08003150   0x0000005c   Code   RO         3504    i.rbCanRead         gizwits_protocol.o
    0x080031ac   0x00000040   Code   RO         3505    i.rbCanWrite        gizwits_protocol.o
    0x080031ec   0x00000034   Code   RO         3506    i.rbCapacity        gizwits_protocol.o
    0x08003220   0x00000038   Code   RO         3507    i.rbCreate          gizwits_protocol.o
    0x08003258   0x000000e8   Code   RO         3508    i.rbRead            gizwits_protocol.o
    0x08003340   0x00000104   Code   RO         3509    i.rbWrite           gizwits_protocol.o
    0x08003444   0x00000058   Code   RO         3420    i.uartWrite         gizwits_product.o
    0x0800349c   0x000000a0   Code   RO          310    i.uart_init         usart.o
    0x0800353c   0x000000b0   Code   RO          311    i.usart3_init       usart.o
    0x080035ec   0x00000020   Code   RO            3    i.userHandle        main.o
    0x0800360c   0x00000011   Data   RO         3913    .constdata          c_w.l(__printf_flags_wp.o)
    0x0800361d   0x00000003   PAD
    0x08003620   0x00000041   Data   RO         3511    .conststring        gizwits_protocol.o
    0x08003661   0x00000003   PAD
    0x08003664   0x00000020   Data   RO         4138    Region$$Table       anon$$obj.o


    Execution Region ER_RW (Base: 0x20000000, Size: 0x00000050, Max: 0xffffffff, ABSOLUTE)

    Base Addr    Size         Type   Attr      Idx    E Section Name        Object

    0x20000000   0x00000008   Data   RW            4    .data               main.o
    0x20000008   0x00000014   Data   RW          221    .data               system_stm32f10x.o
    0x2000001c   0x00000004   Data   RW          254    .data               delay.o
    0x20000020   0x0000000b   Data   RW          313    .data               usart.o
    0x2000002b   0x00000014   Data   RW         1977    .data               stm32f10x_rcc.o
    0x2000003f   0x00000001   Data   RW         3397    .data               key.o
    0x20000040   0x00000008   Data   RW         3421    .data               gizwits_product.o
    0x20000048   0x00000008   Data   RW         3512    .data               gizwits_protocol.o


    Execution Region ER_ZI (Base: 0x20000050, Size: 0x00002570, Max: 0xffffffff, ABSOLUTE)

    Base Addr    Size         Type   Attr      Idx    E Section Name        Object

    0x20000050   0x00001310   Zero   RW         3510    .bss                gizwits_protocol.o
    0x20001360   0x00000060   Zero   RW         4003    .bss                c_w.l(libspace.o)
    0x200013c0   0x00000200   Zero   RW          374    HEAP                startup_stm32f10x_hd.o
    0x200015c0   0x00001000   Zero   RW          373    STACK               startup_stm32f10x_hd.o


==============================================================================

Image component sizes


      Code (inc. data)   RO Data    RW Data    ZI Data      Debug   Object Name

       144         22          0          4          0       1280   delay.o
       596        186          0          8          0      19373   gizwits_product.o
      7436       2422         65          8       4880      28126   gizwits_protocol.o
       260         20          0          1          0       1226   key.o
        76          8          0          0          0        531   led.o
       328        164          0          8          0     260874   main.o
       172         22          0          0          0       2093   misc.o
        64         26        304          0       4608        824   startup_stm32f10x_hd.o
       300          0          0          0          0       3127   stm32f10x_gpio.o
        26          0          0          0          0       3994   stm32f10x_it.o
       340         44          0         20          0       5672   stm32f10x_rcc.o
       608         62          0          0          0       7867   stm32f10x_tim.o
       598         28          0          0          0       6792   stm32f10x_usart.o
         0          0          0          0          0         32   sys.o
       328         28          0         20          0       2297   system_stm32f10x.o
       308         22          0          0          0       1938   timer.o
       452         40          0         11          0       5536   usart.o

    ----------------------------------------------------------------------
     12056       3094        404         80       9488     351582   Object Totals
         0          0         32          0          0          0   (incl. Generated)
        20          0          3          0          0          0   (incl. Padding)

    ----------------------------------------------------------------------

      Code (inc. data)   RO Data    RW Data    ZI Data      Debug   Library Member Name

         8          0          0          0          0         68   __main.o
       312          4         17          0          0         92   __printf_flags_wp.o
        14          0          0          0          0         68   __printf_wp.o
         0          0          0          0          0          0   __rtentry.o
        12          0          0          0          0          0   __rtentry2.o
         6          0          0          0          0          0   __rtentry4.o
        52          8          0          0          0          0   __scatter.o
        26          0          0          0          0          0   __scatter_copy.o
        28          0          0          0          0          0   __scatter_zi.o
        48          6          0          0          0         96   _printf_char_common.o
        36          4          0          0          0         80   _printf_char_file.o
         6          0          0          0          0          0   _printf_d.o
       120         16          0          0          0         92   _printf_dec.o
       178          0          0          0          0         88   _printf_intcommon.o
        78          0          0          0          0        108   _printf_pad.o
         0          0          0          0          0          0   _printf_percent.o
         4          0          0          0          0          0   _printf_percent_end.o
        12          0          0          0          0         72   exit.o
         8          0          0          0          0         68   ferror.o
         6          0          0          0          0        152   heapauxi.o
         2          0          0          0          0          0   libinit.o
         2          0          0          0          0          0   libinit2.o
         2          0          0          0          0          0   libshutdown.o
         2          0          0          0          0          0   libshutdown2.o
         8          4          0          0         96         68   libspace.o
        24          4          0          0          0         84   noretval__2printf.o
        68          0          0          0          0         68   rt_memclr.o
        78          0          0          0          0         80   rt_memclr_w.o
       138          0          0          0          0         68   rt_memcpy_v6.o
       100          0          0          0          0         80   rt_memcpy_w.o
         2          0          0          0          0          0   rtexit.o
        10          0          0          0          0          0   rtexit2.o
        74          0          0          0          0         80   sys_stackheap_outer.o
         2          0          0          0          0         68   use_no_semi.o
         2          0          0          0          0         68   use_no_semi_2.o

    ----------------------------------------------------------------------
      1476         46         20          0         96       1648   Library Totals
         8          0          3          0          0          0   (incl. Padding)

    ----------------------------------------------------------------------

      Code (inc. data)   RO Data    RW Data    ZI Data      Debug   Library Name

      1468         46         17          0         96       1648   c_w.l

    ----------------------------------------------------------------------
      1476         46         20          0         96       1648   Library Totals

    ----------------------------------------------------------------------

==============================================================================


      Code (inc. data)   RO Data    RW Data    ZI Data      Debug   

     13532       3140        424         80       9584     347298   Grand Totals
     13532       3140        424         80       9584     347298   ELF Image Totals
     13532       3140        424         80          0          0   ROM Totals

==============================================================================

    Total RO  Size (Code + RO Data)                13956 (  13.63kB)
    Total RW  Size (RW Data + ZI Data)              9664 (   9.44kB)
    Total ROM Size (Code + RO Data + RW Data)      14036 (  13.71kB)

==============================================================================

