Component: ARM Compiler 5.05 update 1 (build 106) Tool: armlink [4d0efa]

==============================================================================

Section Cross References

    main.o(i.Gizwits_Init) refers to timer.o(i.TIM3_Int_Init) for TIM3_Int_Init
    main.o(i.Gizwits_Init) refers to usart.o(i.usart3_init) for usart3_init
    main.o(i.Gizwits_Init) refers to gizwits_protocol.o(i.gizwitsInit) for gizwitsInit
    main.o(i.Gizwits_Init) refers to main.o(.bss) for currentDataPoint
    main.o(i.main) refers to _printf_percent.o(.ARM.Collect$$_printf_percent$$00000000) for _printf_percent
    main.o(i.main) refers to _printf_c.o(.ARM.Collect$$_printf_percent$$00000013) for _printf_c
    main.o(i.main) refers to _printf_str.o(.text) for _printf_str
    main.o(i.main) refers to delay.o(i.delay_init) for delay_init
    main.o(i.main) refers to misc.o(i.NVIC_PriorityGroupConfig) for NVIC_PriorityGroupConfig
    main.o(i.main) refers to usart.o(i.uart_init) for uart_init
    main.o(i.main) refers to led.o(i.LED_Init) for LED_Init
    main.o(i.main) refers to key.o(i.KEY_Init) for KEY_Init
    main.o(i.main) refers to lcd.o(i.LCD_Init) for LCD_Init
    main.o(i.main) refers to lcd.o(i.LCD_ShowString) for LCD_ShowString
    main.o(i.main) refers to main.o(i.Gizwits_Init) for Gizwits_Init
    main.o(i.main) refers to noretval__2printf.o(.text) for __2printf
    main.o(i.main) refers to main.o(i.userHandle) for userHandle
    main.o(i.main) refers to gizwits_protocol.o(i.gizwitsHandle) for gizwitsHandle
    main.o(i.main) refers to key.o(i.KEY_Scan) for KEY_Scan
    main.o(i.main) refers to gizwits_protocol.o(i.gizwitsSetMode) for gizwitsSetMode
    main.o(i.main) refers to lcd.o(.data) for POINT_COLOR
    main.o(i.main) refers to main.o(.bss) for currentDataPoint
    main.o(i.main) refers to main.o(.data) for wifi_sta
    main.o(i.userHandle) refers to _printf_percent.o(.ARM.Collect$$_printf_percent$$00000000) for _printf_percent
    main.o(i.userHandle) refers to _printf_c.o(.ARM.Collect$$_printf_percent$$00000013) for _printf_c
    main.o(i.userHandle) refers to _printf_str.o(.text) for _printf_str
    main.o(i.userHandle) refers to noretval__2printf.o(.text) for __2printf
    main.o(i.userHandle) refers to lcd.o(i.LCD_ShowString) for LCD_ShowString
    main.o(i.userHandle) refers to main.o(.data) for wifi_sta
    main.o(i.userHandle) refers to main.o(.bss) for read_buff
    system_stm32f10x.o(i.SetSysClock) refers to system_stm32f10x.o(i.SetSysClockTo72) for SetSysClockTo72
    system_stm32f10x.o(i.SystemCoreClockUpdate) refers to system_stm32f10x.o(.data) for SystemCoreClock
    system_stm32f10x.o(i.SystemInit) refers to system_stm32f10x.o(i.SetSysClock) for SetSysClock
    startup_stm32f10x_hd.o(STACK) refers (Special) to heapauxi.o(.text) for __use_two_region_memory
    startup_stm32f10x_hd.o(HEAP) refers (Special) to heapauxi.o(.text) for __use_two_region_memory
    startup_stm32f10x_hd.o(RESET) refers (Special) to heapauxi.o(.text) for __use_two_region_memory
    startup_stm32f10x_hd.o(RESET) refers to startup_stm32f10x_hd.o(STACK) for __initial_sp
    startup_stm32f10x_hd.o(RESET) refers to startup_stm32f10x_hd.o(.text) for Reset_Handler
    startup_stm32f10x_hd.o(RESET) refers to stm32f10x_it.o(i.NMI_Handler) for NMI_Handler
    startup_stm32f10x_hd.o(RESET) refers to stm32f10x_it.o(i.HardFault_Handler) for HardFault_Handler
    startup_stm32f10x_hd.o(RESET) refers to stm32f10x_it.o(i.MemManage_Handler) for MemManage_Handler
    startup_stm32f10x_hd.o(RESET) refers to stm32f10x_it.o(i.BusFault_Handler) for BusFault_Handler
    startup_stm32f10x_hd.o(RESET) refers to stm32f10x_it.o(i.UsageFault_Handler) for UsageFault_Handler
    startup_stm32f10x_hd.o(RESET) refers to stm32f10x_it.o(i.SVC_Handler) for SVC_Handler
    startup_stm32f10x_hd.o(RESET) refers to stm32f10x_it.o(i.DebugMon_Handler) for DebugMon_Handler
    startup_stm32f10x_hd.o(RESET) refers to stm32f10x_it.o(i.PendSV_Handler) for PendSV_Handler
    startup_stm32f10x_hd.o(RESET) refers to stm32f10x_it.o(i.SysTick_Handler) for SysTick_Handler
    startup_stm32f10x_hd.o(RESET) refers to timer.o(i.TIM3_IRQHandler) for TIM3_IRQHandler
    startup_stm32f10x_hd.o(RESET) refers to usart.o(i.USART1_IRQHandler) for USART1_IRQHandler
    startup_stm32f10x_hd.o(RESET) refers to usart.o(i.USART3_IRQHandler) for USART3_IRQHandler
    startup_stm32f10x_hd.o(.text) refers (Special) to heapauxi.o(.text) for __use_two_region_memory
    startup_stm32f10x_hd.o(.text) refers to system_stm32f10x.o(i.SystemInit) for SystemInit
    startup_stm32f10x_hd.o(.text) refers to __main.o(!!!main) for __main
    startup_stm32f10x_hd.o(.text) refers to startup_stm32f10x_hd.o(HEAP) for Heap_Mem
    startup_stm32f10x_hd.o(.text) refers to startup_stm32f10x_hd.o(STACK) for Stack_Mem
    delay.o(i.delay_init) refers to misc.o(i.SysTick_CLKSourceConfig) for SysTick_CLKSourceConfig
    delay.o(i.delay_init) refers to system_stm32f10x.o(.data) for SystemCoreClock
[...]
    ../clib/printf_percent.s                 0x00000000   Number         0  _printf_c.o ABSOLUTE
    ../clib/signal.c                         0x00000000   Number         0  defsig_exit.o ABSOLUTE
    ../clib/signal.c                         0x00000000   Number         0  defsig_rtmem_formal.o ABSOLUTE
    ../clib/signal.c                         0x00000000   Number         0  defsig_rtmem_outer.o ABSOLUTE
    ../clib/signal.c                         0x00000000   Number         0  defsig_other.o ABSOLUTE
    ../clib/signal.c                         0x00000000   Number         0  defsig_segv_inner.o ABSOLUTE
    ../clib/signal.c                         0x00000000   Number         0  defsig_cppl_inner.o ABSOLUTE
    ../clib/signal.c                         0x00000000   Number         0  defsig_pvfn_inner.o ABSOLUTE
    ../clib/signal.c                         0x00000000   Number         0  defsig_stak_inner.o ABSOLUTE
    ../clib/signal.c                         0x00000000   Number         0  defsig_rtred_inner.o ABSOLUTE
    ../clib/signal.c                         0x00000000   Number         0  defsig_fpe_inner.o ABSOLUTE
    ../clib/signal.c                         0x00000000   Number         0  defsig_abrt_inner.o ABSOLUTE
    ../clib/signal.c                         0x00000000   Number         0  defsig_general.o ABSOLUTE
    ../clib/signal.c                         0x00000000   Number         0  __raise.o ABSOLUTE
    ../clib/signal.c                         0x00000000   Number         0  defsig_rtmem_inner.o ABSOLUTE
    ../clib/signal.s                         0x00000000   Number         0  defsig.o ABSOLUTE
    ../clib/stdio.c                          0x00000000   Number         0  ferror.o ABSOLUTE
    ../clib/stdio.c                          0x00000000   Number         0  ferror_locked.o ABSOLUTE
    ../clib/stdlib.c                         0x00000000   Number         0  exit.o ABSOLUTE
    ../clib/string.c                         0x00000000   Number         0  memcmp.o ABSOLUTE
    ../fplib/dfixu.s                         0x00000000   Number         0  dfixu.o ABSOLUTE
    ../fplib/dflt.s                          0x00000000   Number         0  dflt_clz.o ABSOLUTE
    ../fplib/dmul.s                          0x00000000   Number         0  dmul.o ABSOLUTE
    ../fplib/dnaninf.s                       0x00000000   Number         0  dnaninf.o ABSOLUTE
    ../fplib/dretinf.s                       0x00000000   Number         0  dretinf.o ABSOLUTE
    ../fplib/fpinit.s                        0x00000000   Number         0  fpinit.o ABSOLUTE
    ../fplib/usenofp.s                       0x00000000   Number         0  usenofp.o ABSOLUTE
    ..\CORE\core_cm3.c                       0x00000000   Number         0  core_cm3.o ABSOLUTE
    ..\CORE\startup_stm32f10x_hd.s           0x00000000   Number         0  startup_stm32f10x_hd.o ABSOLUTE
    ..\FWLIB\src\misc.c                      0x00000000   Number         0  misc.o ABSOLUTE
    ..\FWLIB\src\stm32f10x_adc.c             0x00000000   Number         0  stm32f10x_adc.o ABSOLUTE
    ..\FWLIB\src\stm32f10x_bkp.c             0x00000000   Number         0  stm32f10x_bkp.o ABSOLUTE
    ..\FWLIB\src\stm32f10x_can.c             0x00000000   Number         0  stm32f10x_can.o ABSOLUTE
    ..\FWLIB\src\stm32f10x_cec.c             0x00000000   Number         0  stm32f10x_cec.o ABSOLUTE
    ..\FWLIB\src\stm32f10x_crc.c             0x00000000   Number         0  stm32f10x_crc.o ABSOLUTE
    ..\FWLIB\src\stm32f10x_dac.c             0x00000000   Number         0  stm32f10x_dac.o ABSOLUTE
    ..\FWLIB\src\stm32f10x_dbgmcu.c          0x00000000   Number         0  stm32f10x_dbgmcu.o ABSOLUTE
    ..\FWLIB\src\stm32f10x_dma.c             0x00000000   Number         0  stm32f10x_dma.o ABSOLUTE
    ..\FWLIB\src\stm32f10x_exti.c            0x00000000   Number         0  stm32f10x_exti.o ABSOLUTE
    ..\FWLIB\src\stm32f10x_flash.c           0x00000000   Number         0  stm32f10x_flash.o ABSOLUTE
    ..\FWLIB\src\stm32f10x_fsmc.c            0x00000000   Number         0  stm32f10x_fsmc.o ABSOLUTE
    ..\FWLIB\src\stm32f10x_gpio.c            0x00000000   Number         0  stm32f10x_gpio.o ABSOLUTE
    ..\FWLIB\src\stm32f10x_i2c.c             0x00000000   Number         0  stm32f10x_i2c.o ABSOLUTE
    ..\FWLIB\src\stm32f10x_iwdg.c            0x00000000   Number         0  stm32f10x_iwdg.o ABSOLUTE
    ..\FWLIB\src\stm32f10x_pwr.c             0x00000000   Number         0  stm32f10x_pwr.o ABSOLUTE
    ..\FWLIB\src\stm32f10x_rcc.c             0x00000000   Number         0  stm32f10x_rcc.o ABSOLUTE
    ..\FWLIB\src\stm32f10x_rtc.c             0x00000000   Number         0  stm32f10x_rtc.o ABSOLUTE
    ..\FWLIB\src\stm32f10x_sdio.c            0x00000000   Number         0  stm32f10x_sdio.o ABSOLUTE
    ..\FWLIB\src\stm32f10x_spi.c             0x00000000   Number         0  stm32f10x_spi.o ABSOLUTE
    ..\FWLIB\src\stm32f10x_tim.c             0x00000000   Number         0  stm32f10x_tim.o ABSOLUTE
    ..\FWLIB\src\stm32f10x_usart.c           0x00000000   Number         0  stm32f10x_usart.o ABSOLUTE
    ..\FWLIB\src\stm32f10x_wwdg.c            0x00000000   Number         0  stm32f10x_wwdg.o ABSOLUTE
    ..\HARDWARE\Gizwits\gizwits_product.c    0x00000000   Number         0  gizwits_product.o ABSOLUTE
    ..\HARDWARE\Gizwits\gizwits_protocol.c   0x00000000   Number         0  gizwits_protocol.o ABSOLUTE
    ..\HARDWARE\KEY\key.c                    0x00000000   Number         0  key.o ABSOLUTE
    ..\HARDWARE\LCD\lcd.c                    0x00000000   Number         0  lcd.o ABSOLUTE
    ..\HARDWARE\LED\led.c                    0x00000000   Number         0  led.o ABSOLUTE
    ..\HARDWARE\TIMER\timer.c                0x00000000   Number         0  timer.o ABSOLUTE
    ..\SYSTEM\delay\delay.c                  0x00000000   Number         0  delay.o ABSOLUTE
    ..\SYSTEM\sys\sys.c                      0x00000000   Number         0  sys.o ABSOLUTE
    ..\SYSTEM\usart\usart.c                  0x00000000   Number         0  usart.o ABSOLUTE
    ..\\CORE\\core_cm3.c                     0x00000000   Number         0  core_cm3.o ABSOLUTE
    ..\\SYSTEM\\sys\\sys.c                   0x00000000   Number         0  sys.o ABSOLUTE
    dc.s                                     0x00000000   Number         0  dc.o ABSOLUTE
    main.c                                   0x00000000   Number         0  main.o ABSOLUTE
    stm32f10x_it.c                           0x00000000   Number         0  stm32f10x_it.o ABSOLUTE
    system_stm32f10x.c                       0x00000000   Number         0  system_stm32f10x.o ABSOLUTE
    RESET                                    0x08000000   Section      304  startup_stm32f10x_hd.o(RESET)
    !!!main                                  0x08000130   Section        8  __main.o(!!!main)
    !!!scatter                               0x08000138   Section       52  __scatter.o(!!!scatter)
    !!handler_copy                           0x0800016c   Section       26  __scatter_copy.o(!!handler_copy)
    !!handler_zi                             0x08000188   Section       28  __scatter_zi.o(!!handler_zi)
    .ARM.Collect$$_printf_percent$$00000000  0x080001a4   Section        0  _printf_percent.o(.ARM.Collect$$_printf_percent$$00000000)
    .ARM.Collect$$_printf_percent$$00000009  0x080001a4   Section        6  _printf_d.o(.ARM.Collect$$_printf_percent$$00000009)
    .ARM.Collect$$_printf_percent$$0000000C  0x080001aa   Section        6  _printf_x.o(.ARM.Collect$$_printf_percent$$0000000C)
    .ARM.Collect$$_printf_percent$$00000013  0x080001b0   Section        6  _printf_c.o(.ARM.Collect$$_printf_percent$$00000013)
    .ARM.Collect$$_printf_percent$$00000017  0x080001b6   Section        4  _printf_percent_end.o(.ARM.Collect$$_printf_percent$$00000017)
    .ARM.Collect$$libinit$$00000000          0x080001ba   Section        2  libinit.o(.ARM.Collect$$libinit$$00000000)
    .ARM.Collect$$libinit$$00000002          0x080001bc   Section        0  libinit2.o(.ARM.Collect$$libinit$$00000002)
    .ARM.Collect$$libinit$$00000004          0x080001bc   Section        0  libinit2.o(.ARM.Collect$$libinit$$00000004)
    .ARM.Collect$$libinit$$0000000A          0x080001bc   Section        0  libinit2.o(.ARM.Collect$$libinit$$0000000A)
    .ARM.Collect$$libinit$$0000000C          0x080001bc   Section        0  libinit2.o(.ARM.Collect$$libinit$$0000000C)
    .ARM.Collect$$libinit$$0000000E          0x080001bc   Section        0  libinit2.o(.ARM.Collect$$libinit$$0000000E)
    .ARM.Collect$$libinit$$00000011          0x080001bc   Section        0  libinit2.o(.ARM.Collect$$libinit$$00000011)
    .ARM.Collect$$libinit$$00000013          0x080001bc   Section        0  libinit2.o(.ARM.Collect$$libinit$$00000013)
    .ARM.Collect$$libinit$$00000015          0x080001bc   Section        0  libinit2.o(.ARM.Collect$$libinit$$00000015)
    .ARM.Collect$$libinit$$00000017          0x080001bc   Section        0  libinit2.o(.ARM.Collect$$libinit$$00000017)
    .ARM.Collect$$libinit$$00000019          0x080001bc   Section        0  libinit2.o(.ARM.Collect$$libinit$$00000019)
    .ARM.Collect$$libinit$$0000001B          0x080001bc   Section        0  libinit2.o(.ARM.Collect$$libinit$$0000001B)
    .ARM.Collect$$libinit$$0000001D          0x080001bc   Section        0  libinit2.o(.ARM.Collect$$libinit$$0000001D)
    .ARM.Collect$$libinit$$0000001F          0x080001bc   Section        0  libinit2.o(.ARM.Collect$$libinit$$0000001F)
    .ARM.Collect$$libinit$$00000021          0x080001bc   Section        0  libinit2.o(.ARM.Collect$$libinit$$00000021)
    .ARM.Collect$$libinit$$00000023          0x080001bc   Section        0  libinit2.o(.ARM.Collect$$libinit$$00000023)
    .ARM.Collect$$libinit$$00000025          0x080001bc   Section        0  libinit2.o(.ARM.Collect$$libinit$$00000025)
    .ARM.Collect$$libinit$$0000002C          0x080001bc   Section        0  libinit2.o(.ARM.Collect$$libinit$$0000002C)
    .ARM.Collect$$libinit$$0000002E          0x080001bc   Section        0  libinit2.o(.ARM.Collect$$libinit$$0000002E)
    .ARM.Collect$$libinit$$00000030          0x080001bc   Section        0  libinit2.o(.ARM.Collect$$libinit$$00000030)
    .ARM.Collect$$libinit$$00000032          0x080001bc   Section        0  libinit2.o(.ARM.Collect$$libinit$$00000032)
    .ARM.Collect$$libinit$$00000033          0x080001bc   Section        2  libinit2.o(.ARM.Collect$$libinit$$00000033)
    .ARM.Collect$$libshutdown$$00000000      0x080001be   Section        2  libshutdown.o(.ARM.Collect$$libshutdown$$00000000)
    .ARM.Collect$$libshutdown$$00000003      0x080001c0   Section        0  libshutdown2.o(.ARM.Collect$$libshutdown$$00000003)
    .ARM.Collect$$libshutdown$$00000006      0x080001c0   Section        0  libshutdown2.o(.ARM.Collect$$libshutdown$$00000006)
    .ARM.Collect$$libshutdown$$00000009      0x080001c0   Section        0  libshutdown2.o(.ARM.Collect$$libshutdown$$00000009)
    .ARM.Collect$$libshutdown$$0000000B      0x080001c0   Section        0  libshutdown2.o(.ARM.Collect$$libshutdown$$0000000B)
    .ARM.Collect$$libshutdown$$0000000E      0x080001c0   Section        0  libshutdown2.o(.ARM.Collect$$libshutdown$$0000000E)
    .ARM.Collect$$libshutdown$$0000000F      0x080001c0   Section        2  libshutdown2.o(.ARM.Collect$$libshutdown$$0000000F)
    .ARM.Collect$$rtentry$$00000000          0x080001c2   Section        0  __rtentry.o(.ARM.Collect$$rtentry$$00000000)
    .ARM.Collect$$rtentry$$00000002          0x080001c2   Section        0  __rtentry2.o(.ARM.Collect$$rtentry$$00000002)
    .ARM.Collect$$rtentry$$00000004          0x080001c2   Section        6  __rtentry4.o(.ARM.Collect$$rtentry$$00000004)
    .ARM.Collect$$rtentry$$00000009          0x080001c8   Section        0  __rtentry2.o(.ARM.Collect$$rtentry$$00000009)
    .ARM.Collect$$rtentry$$0000000A          0x080001c8   Section        4  __rtentry2.o(.ARM.Collect$$rtentry$$0000000A)
    .ARM.Collect$$rtentry$$0000000C          0x080001cc   Section        0  __rtentry2.o(.ARM.Collect$$rtentry$$0000000C)
    .ARM.Collect$$rtentry$$0000000D          0x080001cc   Section        8  __rtentry2.o(.ARM.Collect$$rtentry$$0000000D)
    .ARM.Collect$$rtexit$$00000000           0x080001d4   Section        2  rtexit.o(.ARM.Collect$$rtexit$$00000000)
    .ARM.Collect$$rtexit$$00000002           0x080001d6   Section        0  rtexit2.o(.ARM.Collect$$rtexit$$00000002)
    .ARM.Collect$$rtexit$$00000003           0x080001d6   Section        4  rtexit2.o(.ARM.Collect$$rtexit$$00000003)
    .ARM.Collect$$rtexit$$00000004           0x080001da   Section        6  rtexit2.o(.ARM.Collect$$rtexit$$00000004)
    .text                                    0x080001e0   Section       64  startup_stm32f10x_hd.o(.text)
    .text                                    0x08000220   Section        2  use_no_semi_2.o(.text)
    .text                                    0x08000224   Section        0  noretval__2printf.o(.text)
    .text                                    0x0800023c   Section        0  _printf_pad.o(.text)
    .text                                    0x0800028a   Section        0  _printf_str.o(.text)
    .text                                    0x080002dc   Section        0  _printf_dec.o(.text)
    .text                                    0x08000354   Section        0  _printf_hex_int.o(.text)
    .text                                    0x080003ac   Section        0  __printf_flags_wp.o(.text)
    .text                                    0x080004e4   Section        0  memcmp.o(.text)
    .text                                    0x0800053c   Section      138  rt_memcpy_v6.o(.text)
    .text                                    0x080005c6   Section      100  rt_memcpy_w.o(.text)
    .text                                    0x0800062a   Section       68  rt_memclr.o(.text)
    .text                                    0x0800066e   Section        0  heapauxi.o(.text)
    .text                                    0x08000674   Section        2  use_no_semi.o(.text)
    .text                                    0x08000676   Section        0  _printf_intcommon.o(.text)
    .text                                    0x08000728   Section        0  _printf_char.o(.text)
    .text                                    0x08000754   Section        0  _printf_char_file.o(.text)
    .text                                    0x08000778   Section       78  rt_memclr_w.o(.text)
    .text                                    0x080007c8   Section        0  _printf_char_common.o(.text)
    _printf_input_char                       0x080007c9   Thumb Code    10  _printf_char_common.o(.text)
    .text                                    0x080007f8   Section        0  ferror.o(.text)
    .text                                    0x08000800   Section       74  sys_stackheap_outer.o(.text)
    .text                                    0x0800084a   Section        0  exit.o(.text)
    .text                                    0x08000858   Section        8  libspace.o(.text)
    i.BusFault_Handler                       0x08000860   Section        0  stm32f10x_it.o(i.BusFault_Handler)
    i.DebugMon_Handler                       0x08000864   Section        0  stm32f10x_it.o(i.DebugMon_Handler)
    i.FSMC_NORSRAMCmd                        0x08000868   Section        0  stm32f10x_fsmc.o(i.FSMC_NORSRAMCmd)
    i.FSMC_NORSRAMInit                       0x0800089c   Section        0  stm32f10x_fsmc.o(i.FSMC_NORSRAMInit)
    i.GPIO_Init                              0x08000982   Section        0  stm32f10x_gpio.o(i.GPIO_Init)
    i.GPIO_ReadInputDataBit                  0x08000a98   Section        0  stm32f10x_gpio.o(i.GPIO_ReadInputDataBit)
    i.GPIO_SetBits                           0x08000aaa   Section        0  stm32f10x_gpio.o(i.GPIO_SetBits)
    i.Gizwits_Init                           0x08000ab0   Section        0  main.o(i.Gizwits_Init)
    i.HardFault_Handler                      0x08000ad8   Section        0  stm32f10x_it.o(i.HardFault_Handler)
    i.KEY_Init                               0x08000adc   Section        0  key.o(i.KEY_Init)
    i.KEY_Scan                               0x08000b18   Section        0  key.o(i.KEY_Scan)
    i.LCD_Clear                              0x08000be0   Section        0  lcd.o(i.LCD_Clear)
    i.LCD_Display_Dir                        0x08000c4c   Section        0  lcd.o(i.LCD_Display_Dir)
    i.LCD_Fast_DrawPoint                     0x08000e0c   Section        0  lcd.o(i.LCD_Fast_DrawPoint)
    i.LCD_Init                               0x08000f88   Section        0  lcd.o(i.LCD_Init)
    i.LCD_RD_DATA                            0x080046fc   Section        0  lcd.o(i.LCD_RD_DATA)
    i.LCD_ReadReg                            0x08004710   Section        0  lcd.o(i.LCD_ReadReg)
    i.LCD_SSD_BackLightSet                   0x08004728   Section        0  lcd.o(i.LCD_SSD_BackLightSet)
    i.LCD_Scan_Dir                           0x0800477c   Section        0  lcd.o(i.LCD_Scan_Dir)
    i.LCD_SetCursor                          0x08004a68   Section        0  lcd.o(i.LCD_SetCursor)
    i.LCD_ShowChar                           0x08004c10   Section        0  lcd.o(i.LCD_ShowChar)
    i.LCD_ShowString                         0x08004d38   Section        0  lcd.o(i.LCD_ShowString)
    i.LCD_WR_DATA                            0x08004da0   Section        0  lcd.o(i.LCD_WR_DATA)
    i.LCD_WR_REG                             0x08004dac   Section        0  lcd.o(i.LCD_WR_REG)
    i.LCD_WriteRAM_Prepare                   0x08004db8   Section        0  lcd.o(i.LCD_WriteRAM_Prepare)
    i.LCD_WriteReg                           0x08004dcc   Section        0  lcd.o(i.LCD_WriteReg)
    i.LED_Init                               0x08004ddc   Section        0  led.o(i.LED_Init)
    i.MemManage_Handler                      0x08004e28   Section        0  stm32f10x_it.o(i.MemManage_Handler)
    i.NMI_Handler                            0x08004e2c   Section        0  stm32f10x_it.o(i.NMI_Handler)
    i.NVIC_Init                              0x08004e30   Section        0  misc.o(i.NVIC_Init)
    i.NVIC_PriorityGroupConfig               0x08004ea0   Section        0  misc.o(i.NVIC_PriorityGroupConfig)
    i.PendSV_Handler                         0x08004eb4   Section        0  stm32f10x_it.o(i.PendSV_Handler)
    i.RCC_AHBPeriphClockCmd                  0x08004eb8   Section        0  stm32f10x_rcc.o(i.RCC_AHBPeriphClockCmd)
    i.RCC_APB1PeriphClockCmd                 0x08004ed8   Section        0  stm32f10x_rcc.o(i.RCC_APB1PeriphClockCmd)
    i.RCC_APB1PeriphResetCmd                 0x08004ef8   Section        0  stm32f10x_rcc.o(i.RCC_APB1PeriphResetCmd)
    i.RCC_APB2PeriphClockCmd                 0x08004f18   Section        0  stm32f10x_rcc.o(i.RCC_APB2PeriphClockCmd)
    i.RCC_APB2PeriphResetCmd                 0x08004f38   Section        0  stm32f10x_rcc.o(i.RCC_APB2PeriphResetCmd)
    i.RCC_GetClocksFreq                      0x08004f58   Section        0  stm32f10x_rcc.o(i.RCC_GetClocksFreq)
    i.SVC_Handler                            0x0800502c   Section        0  stm32f10x_it.o(i.SVC_Handler)
    i.SetSysClock                            0x0800502e   Section        0  system_stm32f10x.o(i.SetSysClock)
    SetSysClock                              0x0800502f   Thumb Code     8  system_stm32f10x.o(i.SetSysClock)
    i.SetSysClockTo72                        0x08005038   Section        0  system_stm32f10x.o(i.SetSysClockTo72)
    SetSysClockTo72                          0x08005039   Thumb Code   214  system_stm32f10x.o(i.SetSysClockTo72)
    i.SysTick_CLKSourceConfig                0x08005118   Section        0  misc.o(i.SysTick_CLKSourceConfig)
    i.SysTick_Handler                        0x08005140   Section        0  stm32f10x_it.o(i.SysTick_Handler)
    i.SystemInit                             0x08005144   Section        0  system_stm32f10x.o(i.SystemInit)
    i.TIM3_IRQHandler                        0x080051a4   Section        0  timer.o(i.TIM3_IRQHandler)
    i.TIM3_Int_Init                          0x080051c4   Section        0  timer.o(i.TIM3_Int_Init)
    i.TIM_ClearITPendingBit                  0x08005224   Section        0  stm32f10x_tim.o(i.TIM_ClearITPendingBit)
    i.TIM_Cmd                                0x0800522a   Section        0  stm32f10x_tim.o(i.TIM_Cmd)
    i.TIM_GetITStatus                        0x08005242   Section        0  stm32f10x_tim.o(i.TIM_GetITStatus)
    i.TIM_ITConfig                           0x08005264   Section        0  stm32f10x_tim.o(i.TIM_ITConfig)
    i.TIM_TimeBaseInit                       0x08005278   Section        0  stm32f10x_tim.o(i.TIM_TimeBaseInit)
    i.USART1_IRQHandler                      0x0800531c   Section        0  usart.o(i.USART1_IRQHandler)
    i.USART3_IRQHandler                      0x08005348   Section        0  usart.o(i.USART3_IRQHandler)
    i.USART_Cmd                              0x08005370   Section        0  stm32f10x_usart.o(i.USART_Cmd)
    i.USART_DeInit                           0x08005388   Section        0  stm32f10x_usart.o(i.USART_DeInit)
    i.USART_GetFlagStatus                    0x08005424   Section        0  stm32f10x_usart.o(i.USART_GetFlagStatus)
    i.USART_GetITStatus                      0x0800543e   Section        0  stm32f10x_usart.o(i.USART_GetITStatus)
    i.USART_ITConfig                         0x08005492   Section        0  stm32f10x_usart.o(i.USART_ITConfig)
    i.USART_Init                             0x080054dc   Section        0  stm32f10x_usart.o(i.USART_Init)
    i.USART_ReceiveData                      0x080055b4   Section        0  stm32f10x_usart.o(i.USART_ReceiveData)
    i.USART_SendData                         0x080055be   Section        0  stm32f10x_usart.o(i.USART_SendData)
    i.UsageFault_Handler                     0x080055c6   Section        0  stm32f10x_it.o(i.UsageFault_Handler)
    i._is_digit                              0x080055ca   Section        0  __printf_wp.o(i._is_digit)
    i._sys_exit                              0x080055d8   Section        0  usart.o(i._sys_exit)
    i.delay_init                             0x080055dc   Section        0  delay.o(i.delay_init)
    i.delay_ms                               0x08005620   Section        0  delay.o(i.delay_ms)
    i.delay_us                               0x0800566c   Section        0  delay.o(i.delay_us)
    i.fputc                                  0x080056b8   Section        0  usart.o(i.fputc)
    i.gizCheckReport                         0x080056d4   Section        0  gizwits_protocol.o(i.gizCheckReport)
    gizCheckReport                           0x080056d5   Thumb Code    48  gizwits_protocol.o(i.gizCheckReport)
    i.gizDataPoint2Event                     0x08005740   Section        0  gizwits_protocol.o(i.gizDataPoint2Event)
    gizDataPoint2Event                       0x08005741   Thumb Code    68  gizwits_protocol.o(i.gizDataPoint2Event)
    i.gizDataPoints2ReportData               0x080057b0   Section        0  gizwits_protocol.o(i.gizDataPoints2ReportData)
    gizDataPoints2ReportData                 0x080057b1   Thumb Code    38  gizwits_protocol.o(i.gizDataPoints2ReportData)
    i.gizDevReportPolicy                     0x08005808   Section        0  gizwits_protocol.o(i.gizDevReportPolicy)
    gizDevReportPolicy                       0x08005809   Thumb Code   122  gizwits_protocol.o(i.gizDevReportPolicy)
    i.gizExchangeWord                        0x080058bc   Section        0  gizwits_protocol.o(i.gizExchangeWord)
    gizExchangeWord                          0x080058bd   Thumb Code    26  gizwits_protocol.o(i.gizExchangeWord)
    i.gizGetTimerCount                       0x080058d8   Section        0  gizwits_product.o(i.gizGetTimerCount)
    i.gizProtocolAckHandle                   0x080058e4   Section        0  gizwits_protocol.o(i.gizProtocolAckHandle)
    gizProtocolAckHandle                     0x080058e5   Thumb Code    96  gizwits_protocol.o(i.gizProtocolAckHandle)
    i.gizProtocolCommonAck                   0x08005974   Section        0  gizwits_protocol.o(i.gizProtocolCommonAck)
    gizProtocolCommonAck                     0x08005975   Thumb Code    86  gizwits_protocol.o(i.gizProtocolCommonAck)
    i.gizProtocolErrorCmd                    0x08005a18   Section        0  gizwits_protocol.o(i.gizProtocolErrorCmd)
    gizProtocolErrorCmd                      0x08005a19   Thumb Code    90  gizwits_protocol.o(i.gizProtocolErrorCmd)
    i.gizProtocolExchangeBytes               0x08005ac0   Section        0  gizwits_protocol.o(i.gizProtocolExchangeBytes)
    gizProtocolExchangeBytes                 0x08005ac1   Thumb Code    22  gizwits_protocol.o(i.gizProtocolExchangeBytes)
    i.gizProtocolGetDeviceInfo               0x08005ad8   Section        0  gizwits_protocol.o(i.gizProtocolGetDeviceInfo)
    gizProtocolGetDeviceInfo                 0x08005ad9   Thumb Code   182  gizwits_protocol.o(i.gizProtocolGetDeviceInfo)
    i.gizProtocolGetOnePacket                0x08005c58   Section        0  gizwits_protocol.o(i.gizProtocolGetOnePacket)
    gizProtocolGetOnePacket                  0x08005c59   Thumb Code   358  gizwits_protocol.o(i.gizProtocolGetOnePacket)
    i.gizProtocolHeadInit                    0x08005e00   Section        0  gizwits_protocol.o(i.gizProtocolHeadInit)
    gizProtocolHeadInit                      0x08005e01   Thumb Code    34  gizwits_protocol.o(i.gizProtocolHeadInit)
    i.gizProtocolIssuedDataAck               0x08005e50   Section        0  gizwits_protocol.o(i.gizProtocolIssuedDataAck)
    gizProtocolIssuedDataAck                 0x08005e51   Thumb Code   202  gizwits_protocol.o(i.gizProtocolIssuedDataAck)
    i.gizProtocolIssuedProcess               0x08005f50   Section        0  gizwits_protocol.o(i.gizProtocolIssuedProcess)
    gizProtocolIssuedProcess                 0x08005f51   Thumb Code   214  gizwits_protocol.o(i.gizProtocolIssuedProcess)
    i.gizProtocolModuleStatus                0x08006064   Section        0  gizwits_protocol.o(i.gizProtocolModuleStatus)
    gizProtocolModuleStatus                  0x08006065   Thumb Code   846  gizwits_protocol.o(i.gizProtocolModuleStatus)
    i.gizProtocolNTP                         0x08006588   Section        0  gizwits_protocol.o(i.gizProtocolNTP)
    gizProtocolNTP                           0x08006589   Thumb Code   106  gizwits_protocol.o(i.gizProtocolNTP)
    i.gizProtocolReboot                      0x08006614   Section        0  gizwits_protocol.o(i.gizProtocolReboot)
    gizProtocolReboot                        0x08006615   Thumb Code    28  gizwits_protocol.o(i.gizProtocolReboot)
    i.gizProtocolResendData                  0x08006630   Section        0  gizwits_protocol.o(i.gizProtocolResendData)
    gizProtocolResendData                    0x08006631   Thumb Code    66  gizwits_protocol.o(i.gizProtocolResendData)
    i.gizProtocolSum                         0x080066b4   Section        0  gizwits_protocol.o(i.gizProtocolSum)
    gizProtocolSum                           0x080066b5   Thumb Code    52  gizwits_protocol.o(i.gizProtocolSum)
    i.gizProtocolWaitAck                     0x08006720   Section        0  gizwits_protocol.o(i.gizProtocolWaitAck)
    gizProtocolWaitAck                       0x08006721   Thumb Code    68  gizwits_protocol.o(i.gizProtocolWaitAck)
    i.gizProtocolWaitAckCheck                0x08006784   Section        0  gizwits_protocol.o(i.gizProtocolWaitAckCheck)
    gizProtocolWaitAckCheck                  0x08006785   Thumb Code    46  gizwits_protocol.o(i.gizProtocolWaitAckCheck)
    i.gizPutData                             0x080067d0   Section        0  gizwits_protocol.o(i.gizPutData)
    i.gizReportData                          0x08006848   Section        0  gizwits_protocol.o(i.gizReportData)
    gizReportData                            0x08006849   Thumb Code   134  gizwits_protocol.o(i.gizReportData)
    i.gizTimerMs                             0x0800691c   Section        0  gizwits_product.o(i.gizTimerMs)
    i.gizwitsEventProcess                    0x0800692c   Section        0  gizwits_product.o(i.gizwitsEventProcess)
    i.gizwitsHandle                          0x08006a70   Section        0  gizwits_protocol.o(i.gizwitsHandle)
    i.gizwitsInit                            0x08006d04   Section        0  gizwits_protocol.o(i.gizwitsInit)
    i.gizwitsSetMode                         0x08006d30   Section        0  gizwits_protocol.o(i.gizwitsSetMode)
    i.main                                   0x08006f60   Section        0  main.o(i.main)
    i.mcuRestart                             0x08007258   Section        0  gizwits_product.o(i.mcuRestart)
    i.rbCanRead                              0x08007288   Section        0  gizwits_protocol.o(i.rbCanRead)
    rbCanRead                                0x08007289   Thumb Code    62  gizwits_protocol.o(i.rbCanRead)
    i.rbCanWrite                             0x080072e4   Section        0  gizwits_protocol.o(i.rbCanWrite)
    rbCanWrite                               0x080072e5   Thumb Code    36  gizwits_protocol.o(i.rbCanWrite)
    i.rbCapacity                             0x08007324   Section        0  gizwits_protocol.o(i.rbCapacity)
    rbCapacity                               0x08007325   Thumb Code    22  gizwits_protocol.o(i.rbCapacity)
    i.rbCreate                               0x08007358   Section        0  gizwits_protocol.o(i.rbCreate)
    rbCreate                                 0x08007359   Thumb Code    26  gizwits_protocol.o(i.rbCreate)
    i.rbRead                                 0x08007390   Section        0  gizwits_protocol.o(i.rbRead)
    rbRead                                   0x08007391   Thumb Code   174  gizwits_protocol.o(i.rbRead)
    i.rbWrite                                0x08007478   Section        0  gizwits_protocol.o(i.rbWrite)
    rbWrite                                  0x08007479   Thumb Code   186  gizwits_protocol.o(i.rbWrite)
    i.uartWrite                              0x0800757c   Section        0  gizwits_product.o(i.uartWrite)
    i.uart_init                              0x080075d4   Section        0  usart.o(i.uart_init)
    i.usart3_init                            0x08007674   Section        0  usart.o(i.usart3_init)
    i.userHandle                             0x08007724   Section        0  main.o(i.userHandle)
    x$fpl$dfixu                              0x08007798   Section       90  dfixu.o(x$fpl$dfixu)
    x$fpl$dfltu                              0x080077f2   Section       38  dflt_clz.o(x$fpl$dfltu)
    x$fpl$dmul                               0x08007818   Section      340  dmul.o(x$fpl$dmul)
    x$fpl$dnaninf                            0x0800796c   Section      156  dnaninf.o(x$fpl$dnaninf)
    x$fpl$dretinf                            0x08007a08   Section       12  dretinf.o(x$fpl$dretinf)
    .constdata                               0x08007a14   Section     6080  lcd.o(.constdata)
    x$fpl$usenofp                            0x08007a14   Section        0  usenofp.o(x$fpl$usenofp)
    .constdata                               0x080091d4   Section       40  _printf_hex_int.o(.constdata)
    uc_hextab                                0x080091d4   Data          20  _printf_hex_int.o(.constdata)
    lc_hextab                                0x080091e8   Data          20  _printf_hex_int.o(.constdata)
    .constdata                               0x080091fc   Section       17  __printf_flags_wp.o(.constdata)
    maptable                                 0x080091fc   Data          17  __printf_flags_wp.o(.constdata)
    .conststring                             0x08009210   Section       65  gizwits_protocol.o(.conststring)
    .data                                    0x20000000   Section       12  main.o(.data)
    .data                                    0x2000000c   Section       20  system_stm32f10x.o(.data)
    .data                                    0x20000020   Section        4  delay.o(.data)
    fac_us                                   0x20000020   Data           1  delay.o(.data)
    fac_ms                                   0x20000022   Data           2  delay.o(.data)
    .data                                    0x20000024   Section       11  usart.o(.data)
    .data                                    0x2000002f   Section       20  stm32f10x_rcc.o(.data)
    APBAHBPrescTable                         0x2000002f   Data          16  stm32f10x_rcc.o(.data)
    ADCPrescTable                            0x2000003f   Data           4  stm32f10x_rcc.o(.data)
    .data                                    0x20000043   Section        1  key.o(.data)
    key_up                                   0x20000043   Data           1  key.o(.data)
    .data                                    0x20000044   Section        4  gizwits_product.o(.data)
    timerMsCount                             0x20000044   Data           4  gizwits_product.o(.data)
    .data                                    0x20000048   Section        8  gizwits_protocol.o(.data)
    protocolFlag                             0x20000048   Data           1  gizwits_protocol.o(.data)
    protocolCount                            0x2000004a   Data           2  gizwits_protocol.o(.data)
    lastData                                 0x2000004c   Data           1  gizwits_protocol.o(.data)
    debugCount                               0x2000004d   Data           1  gizwits_protocol.o(.data)
    lastStatus                               0x2000004e   Data           2  gizwits_protocol.o(.data)
    .data                                    0x20000050   Section        4  lcd.o(.data)
    .bss                                     0x20000054   Section       21  main.o(.bss)
    .bss                                     0x20000069   Section     4879  gizwits_protocol.o(.bss)
    rbBuf                                    0x20000c0c   Data        1900  gizwits_protocol.o(.bss)
    .bss                                     0x20001378   Section       14  lcd.o(.bss)
    .bss                                     0x20001388   Section       96  libspace.o(.bss)
    HEAP                                     0x200013e8   Section      512  startup_stm32f10x_hd.o(HEAP)
    Heap_Mem                                 0x200013e8   Data         512  startup_stm32f10x_hd.o(HEAP)
    STACK                                    0x200015e8   Section     4096  startup_stm32f10x_hd.o(STACK)
    Stack_Mem                                0x200015e8   Data        4096  startup_stm32f10x_hd.o(STACK)
    __initial_sp                             0x200025e8   Data           0  startup_stm32f10x_hd.o(STACK)

    Global Symbols

    Symbol Name                              Value     Ov Type        Size  Object(Section)

    BuildAttributes$$THM_ISAv4$P$D$K$B$S$PE$A:L22UL41UL21$X:L11$S22US41US21$IEEE1$IW$USESV6$~STKCKD$USESV7$~SHL$OSPACE$ROPI$EBA8$UX$STANDARDLIB$REQ8$PRES8$EABIv2 0x00000000   Number         0  anon$$obj.o ABSOLUTE
    __ARM_use_no_argv                        0x00000000   Number         0  main.o ABSOLUTE
    _printf_flags                            0x00000000   Number         0  printf_stubs.o ABSOLUTE
    _printf_return_value                     0x00000000   Number         0  printf_stubs.o ABSOLUTE
    _printf_sizespec                         0x00000000   Number         0  printf_stubs.o ABSOLUTE
    _printf_widthprec                        0x00000000   Number         0  printf_stubs.o ABSOLUTE
    __ARM_exceptions_init                     - Undefined Weak Reference
    __alloca_initialize                       - Undefined Weak Reference
    __arm_preinit_                            - Undefined Weak Reference
    __cpp_initialize__aeabi_                  - Undefined Weak Reference
    __cxa_finalize                            - Undefined Weak Reference
    __rt_locale                               - Undefined Weak Reference
    __sigvec_lookup                           - Undefined Weak Reference
    _atexit_init                              - Undefined Weak Reference
    _call_atexit_fns                          - Undefined Weak Reference
    _clock_init                               - Undefined Weak Reference
    _fp_trap_init                             - Undefined Weak Reference
    _fp_trap_shutdown                         - Undefined Weak Reference
    _get_lc_collate                           - Undefined Weak Reference
    _get_lc_ctype                             - Undefined Weak Reference
    _get_lc_monetary                          - Undefined Weak Reference
    _get_lc_numeric                           - Undefined Weak Reference
    _get_lc_time                              - Undefined Weak Reference
    _getenv_init                              - Undefined Weak Reference
    _handle_redirection                       - Undefined Weak Reference
    _init_alloc                               - Undefined Weak Reference
    _init_user_alloc                          - Undefined Weak Reference
    _initio                                   - Undefined Weak Reference
    _mutex_acquire                            - Undefined Weak Reference
    _mutex_release                            - Undefined Weak Reference
    _printf_mbtowc                            - Undefined Weak Reference
    _printf_truncate_signed                   - Undefined Weak Reference
    _printf_truncate_unsigned                 - Undefined Weak Reference
    _rand_init                                - Undefined Weak Reference
    _signal_finish                            - Undefined Weak Reference
    _signal_init                              - Undefined Weak Reference
    _terminate_alloc                          - Undefined Weak Reference
    _terminate_user_alloc                     - Undefined Weak Reference
    _terminateio                              - Undefined Weak Reference
    __Vectors_Size                           0x00000130   Number         0  startup_stm32f10x_hd.o ABSOLUTE
    __Vectors                                0x08000000   Data           4  startup_stm32f10x_hd.o(RESET)
    __Vectors_End                            0x08000130   Data           0  startup_stm32f10x_hd.o(RESET)
    __main                                   0x08000131   Thumb Code     8  __main.o(!!!main)
    __scatterload                            0x08000139   Thumb Code     0  __scatter.o(!!!scatter)
    __scatterload_rt2                        0x08000139   Thumb Code    44  __scatter.o(!!!scatter)
    __scatterload_rt2_thumb_only             0x08000139   Thumb Code     0  __scatter.o(!!!scatter)
    __scatterload_null                       0x08000147   Thumb Code     0  __scatter.o(!!!scatter)
    __scatterload_copy                       0x0800016d   Thumb Code    26  __scatter_copy.o(!!handler_copy)
    __scatterload_zeroinit                   0x08000189   Thumb Code    28  __scatter_zi.o(!!handler_zi)
    _printf_d                                0x080001a5   Thumb Code     0  _printf_d.o(.ARM.Collect$$_printf_percent$$00000009)
    _printf_percent                          0x080001a5   Thumb Code     0  _printf_percent.o(.ARM.Collect$$_printf_percent$$00000000)
    _printf_x                                0x080001ab   Thumb Code     0  _printf_x.o(.ARM.Collect$$_printf_percent$$0000000C)
    _printf_c                                0x080001b1   Thumb Code     0  _printf_c.o(.ARM.Collect$$_printf_percent$$00000013)
    _printf_percent_end                      0x080001b7   Thumb Code     0  _printf_percent_end.o(.ARM.Collect$$_printf_percent$$00000017)
    __rt_lib_init                            0x080001bb   Thumb Code     0  libinit.o(.ARM.Collect$$libinit$$00000000)
    __rt_lib_init_alloca_1                   0x080001bd   Thumb Code     0  libinit2.o(.ARM.Collect$$libinit$$0000002E)
    __rt_lib_init_argv_1                     0x080001bd   Thumb Code     0  libinit2.o(.ARM.Collect$$libinit$$0000002C)
    __rt_lib_init_atexit_1                   0x080001bd   Thumb Code     0  libinit2.o(.ARM.Collect$$libinit$$0000001B)
    __rt_lib_init_clock_1                    0x080001bd   Thumb Code     0  libinit2.o(.ARM.Collect$$libinit$$00000021)
    __rt_lib_init_cpp_1                      0x080001bd   Thumb Code     0  libinit2.o(.ARM.Collect$$libinit$$00000032)
    __rt_lib_init_exceptions_1               0x080001bd   Thumb Code     0  libinit2.o(.ARM.Collect$$libinit$$00000030)
    __rt_lib_init_fp_1                       0x080001bd   Thumb Code     0  libinit2.o(.ARM.Collect$$libinit$$00000002)
    __rt_lib_init_fp_trap_1                  0x080001bd   Thumb Code     0  libinit2.o(.ARM.Collect$$libinit$$0000001F)
    __rt_lib_init_getenv_1                   0x080001bd   Thumb Code     0  libinit2.o(.ARM.Collect$$libinit$$00000023)
    __rt_lib_init_heap_1                     0x080001bd   Thumb Code     0  libinit2.o(.ARM.Collect$$libinit$$0000000A)
    __rt_lib_init_lc_collate_1               0x080001bd   Thumb Code     0  libinit2.o(.ARM.Collect$$libinit$$00000011)
    __rt_lib_init_lc_ctype_1                 0x080001bd   Thumb Code     0  libinit2.o(.ARM.Collect$$libinit$$00000013)
    __rt_lib_init_lc_monetary_1              0x080001bd   Thumb Code     0  libinit2.o(.ARM.Collect$$libinit$$00000015)
    __rt_lib_init_lc_numeric_1               0x080001bd   Thumb Code     0  libinit2.o(.ARM.Collect$$libinit$$00000017)
    __rt_lib_init_lc_time_1                  0x080001bd   Thumb Code     0  libinit2.o(.ARM.Collect$$libinit$$00000019)
    __rt_lib_init_preinit_1                  0x080001bd   Thumb Code     0  libinit2.o(.ARM.Collect$$libinit$$00000004)
    __rt_lib_init_rand_1                     0x080001bd   Thumb Code     0  libinit2.o(.ARM.Collect$$libinit$$0000000E)
    __rt_lib_init_return                     0x080001bd   Thumb Code     0  libinit2.o(.ARM.Collect$$libinit$$00000033)
    __rt_lib_init_signal_1                   0x080001bd   Thumb Code     0  libinit2.o(.ARM.Collect$$libinit$$0000001D)
    __rt_lib_init_stdio_1                    0x080001bd   Thumb Code     0  libinit2.o(.ARM.Collect$$libinit$$00000025)
    __rt_lib_init_user_alloc_1               0x080001bd   Thumb Code     0  libinit2.o(.ARM.Collect$$libinit$$0000000C)
    __rt_lib_shutdown                        0x080001bf   Thumb Code     0  libshutdown.o(.ARM.Collect$$libshutdown$$00000000)
    __rt_lib_shutdown_fp_trap_1              0x080001c1   Thumb Code     0  libshutdown2.o(.ARM.Collect$$libshutdown$$00000006)
    __rt_lib_shutdown_heap_1                 0x080001c1   Thumb Code     0  libshutdown2.o(.ARM.Collect$$libshutdown$$0000000E)
    __rt_lib_shutdown_return                 0x080001c1   Thumb Code     0  libshutdown2.o(.ARM.Collect$$libshutdown$$0000000F)
    __rt_lib_shutdown_signal_1               0x080001c1   Thumb Code     0  libshutdown2.o(.ARM.Collect$$libshutdown$$00000009)
    __rt_lib_shutdown_stdio_1                0x080001c1   Thumb Code     0  libshutdown2.o(.ARM.Collect$$libshutdown$$00000003)
    __rt_lib_shutdown_user_alloc_1           0x080001c1   Thumb Code     0  libshutdown2.o(.ARM.Collect$$libshutdown$$0000000B)
    __rt_entry                               0x080001c3   Thumb Code     0  __rtentry.o(.ARM.Collect$$rtentry$$00000000)
    __rt_entry_presh_1                       0x080001c3   Thumb Code     0  __rtentry2.o(.ARM.Collect$$rtentry$$00000002)
    __rt_entry_sh                            0x080001c3   Thumb Code     0  __rtentry4.o(.ARM.Collect$$rtentry$$00000004)
    __rt_entry_li                            0x080001c9   Thumb Code     0  __rtentry2.o(.ARM.Collect$$rtentry$$0000000A)
    __rt_entry_postsh_1                      0x080001c9   Thumb Code     0  __rtentry2.o(.ARM.Collect$$rtentry$$00000009)
    __rt_entry_main                          0x080001cd   Thumb Code     0  __rtentry2.o(.ARM.Collect$$rtentry$$0000000D)
    __rt_entry_postli_1                      0x080001cd   Thumb Code     0  __rtentry2.o(.ARM.Collect$$rtentry$$0000000C)
    __rt_exit                                0x080001d5   Thumb Code     0  rtexit.o(.ARM.Collect$$rtexit$$00000000)
    __rt_exit_ls                             0x080001d7   Thumb Code     0  rtexit2.o(.ARM.Collect$$rtexit$$00000003)
    __rt_exit_prels_1                        0x080001d7   Thumb Code     0  rtexit2.o(.ARM.Collect$$rtexit$$00000002)
    __rt_exit_exit                           0x080001db   Thumb Code     0  rtexit2.o(.ARM.Collect$$rtexit$$00000004)
    Reset_Handler                            0x080001e1   Thumb Code     8  startup_stm32f10x_hd.o(.text)
    ADC1_2_IRQHandler                        0x080001fb   Thumb Code     0  startup_stm32f10x_hd.o(.text)
    ADC3_IRQHandler                          0x080001fb   Thumb Code     0  startup_stm32f10x_hd.o(.text)
    CAN1_RX1_IRQHandler                      0x080001fb   Thumb Code     0  startup_stm32f10x_hd.o(.text)
    CAN1_SCE_IRQHandler                      0x080001fb   Thumb Code     0  startup_stm32f10x_hd.o(.text)
    DMA1_Channel1_IRQHandler                 0x080001fb   Thumb Code     0  startup_stm32f10x_hd.o(.text)
    DMA1_Channel2_IRQHandler                 0x080001fb   Thumb Code     0  startup_stm32f10x_hd.o(.text)
    DMA1_Channel3_IRQHandler                 0x080001fb   Thumb Code     0  startup_stm32f10x_hd.o(.text)
    DMA1_Channel4_IRQHandler                 0x080001fb   Thumb Code     0  startup_stm32f10x_hd.o(.text)
    DMA1_Channel5_IRQHandler                 0x080001fb   Thumb Code     0  startup_stm32f10x_hd.o(.text)
    DMA1_Channel6_IRQHandler                 0x080001fb   Thumb Code     0  startup_stm32f10x_hd.o(.text)
    DMA1_Channel7_IRQHandler                 0x080001fb   Thumb Code     0  startup_stm32f10x_hd.o(.text)
    DMA2_Channel1_IRQHandler                 0x080001fb   Thumb Code     0  startup_stm32f10x_hd.o(.text)
    DMA2_Channel2_IRQHandler                 0x080001fb   Thumb Code     0  startup_stm32f10x_hd.o(.text)
    DMA2_Channel3_IRQHandler                 0x080001fb   Thumb Code     0  startup_stm32f10x_hd.o(.text)
    DMA2_Channel4_5_IRQHandler               0x080001fb   Thumb Code     0  startup_stm32f10x_hd.o(.text)
    EXTI0_IRQHandler                         0x080001fb   Thumb Code     0  startup_stm32f10x_hd.o(.text)
    EXTI15_10_IRQHandler                     0x080001fb   Thumb Code     0  startup_stm32f10x_hd.o(.text)
    EXTI1_IRQHandler                         0x080001fb   Thumb Code     0  startup_stm32f10x_hd.o(.text)
    EXTI2_IRQHandler                         0x080001fb   Thumb Code     0  startup_stm32f10x_hd.o(.text)
    EXTI3_IRQHandler                         0x080001fb   Thumb Code     0  startup_stm32f10x_hd.o(.text)
    EXTI4_IRQHandler                         0x080001fb   Thumb Code     0  startup_stm32f10x_hd.o(.text)
    EXTI9_5_IRQHandler                       0x080001fb   Thumb Code     0  startup_stm32f10x_hd.o(.text)
    FLASH_IRQHandler                         0x080001fb   Thumb Code     0  startup_stm32f10x_hd.o(.text)
    FSMC_IRQHandler                          0x080001fb   Thumb Code     0  startup_stm32f10x_hd.o(.text)
    I2C1_ER_IRQHandler                       0x080001fb   Thumb Code     0  startup_stm32f10x_hd.o(.text)
    I2C1_EV_IRQHandler                       0x080001fb   Thumb Code     0  startup_stm32f10x_hd.o(.text)
    I2C2_ER_IRQHandler                       0x080001fb   Thumb Code     0  startup_stm32f10x_hd.o(.text)
    I2C2_EV_IRQHandler                       0x080001fb   Thumb Code     0  startup_stm32f10x_hd.o(.text)
    PVD_IRQHandler                           0x080001fb   Thumb Code     0  startup_stm32f10x_hd.o(.text)
    RCC_IRQHandler                           0x080001fb   Thumb Code     0  startup_stm32f10x_hd.o(.text)
    RTCAlarm_IRQHandler                      0x080001fb   Thumb Code     0  startup_stm32f10x_hd.o(.text)
    RTC_IRQHandler                           0x080001fb   Thumb Code     0  startup_stm32f10x_hd.o(.text)
    SDIO_IRQHandler                          0x080001fb   Thumb Code     0  startup_stm32f10x_hd.o(.text)
    SPI1_IRQHandler                          0x080001fb   Thumb Code     0  startup_stm32f10x_hd.o(.text)
    SPI2_IRQHandler                          0x080001fb   Thumb Code     0  startup_stm32f10x_hd.o(.text)
    SPI3_IRQHandler                          0x080001fb   Thumb Code     0  startup_stm32f10x_hd.o(.text)
    TAMPER_IRQHandler                        0x080001fb   Thumb Code     0  startup_stm32f10x_hd.o(.text)
    TIM1_BRK_IRQHandler                      0x080001fb   Thumb Code     0  startup_stm32f10x_hd.o(.text)
    TIM1_CC_IRQHandler                       0x080001fb   Thumb Code     0  startup_stm32f10x_hd.o(.text)
    TIM1_TRG_COM_IRQHandler                  0x080001fb   Thumb Code     0  startup_stm32f10x_hd.o(.text)
    TIM1_UP_IRQHandler                       0x080001fb   Thumb Code     0  startup_stm32f10x_hd.o(.text)
    TIM2_IRQHandler                          0x080001fb   Thumb Code     0  startup_stm32f10x_hd.o(.text)
    TIM4_IRQHandler                          0x080001fb   Thumb Code     0  startup_stm32f10x_hd.o(.text)
    TIM5_IRQHandler                          0x080001fb   Thumb Code     0  startup_stm32f10x_hd.o(.text)
    TIM6_IRQHandler                          0x080001fb   Thumb Code     0  startup_stm32f10x_hd.o(.text)
    TIM7_IRQHandler                          0x080001fb   Thumb Code     0  startup_stm32f10x_hd.o(.text)
    TIM8_BRK_IRQHandler                      0x080001fb   Thumb Code     0  startup_stm32f10x_hd.o(.text)
    TIM8_CC_IRQHandler                       0x080001fb   Thumb Code     0  startup_stm32f10x_hd.o(.text)
    TIM8_TRG_COM_IRQHandler                  0x080001fb   Thumb Code     0  startup_stm32f10x_hd.o(.text)
    TIM8_UP_IRQHandler                       0x080001fb   Thumb Code     0  startup_stm32f10x_hd.o(.text)
    UART4_IRQHandler                         0x080001fb   Thumb Code     0  startup_stm32f10x_hd.o(.text)
    UART5_IRQHandler                         0x080001fb   Thumb Code     0  startup_stm32f10x_hd.o(.text)
    USART2_IRQHandler                        0x080001fb   Thumb Code     0  startup_stm32f10x_hd.o(.text)
    USBWakeUp_IRQHandler                     0x080001fb   Thumb Code     0  startup_stm32f10x_hd.o(.text)
    USB_HP_CAN1_TX_IRQHandler                0x080001fb   Thumb Code     0  startup_stm32f10x_hd.o(.text)
    USB_LP_CAN1_RX0_IRQHandler               0x080001fb   Thumb Code     0  startup_stm32f10x_hd.o(.text)
    WWDG_IRQHandler                          0x080001fb   Thumb Code     0  startup_stm32f10x_hd.o(.text)
    __user_initial_stackheap                 0x080001fd   Thumb Code     0  startup_stm32f10x_hd.o(.text)
    __use_no_semihosting                     0x08000221   Thumb Code     2  use_no_semi_2.o(.text)
    __2printf                                0x08000225   Thumb Code    20  noretval__2printf.o(.text)
    _printf_pre_padding                      0x0800023d   Thumb Code    44  _printf_pad.o(.text)
    _printf_post_padding                     0x08000269   Thumb Code    34  _printf_pad.o(.text)
    _printf_str                              0x0800028b   Thumb Code    82  _printf_str.o(.text)
    _printf_int_dec                          0x080002dd   Thumb Code   104  _printf_dec.o(.text)
    _printf_int_hex                          0x08000355   Thumb Code    84  _printf_hex_int.o(.text)
    _printf_longlong_hex                     0x08000355   Thumb Code     0  _printf_hex_int.o(.text)
    __printf                                 0x080003ad   Thumb Code   308  __printf_flags_wp.o(.text)
    memcmp                                   0x080004e5   Thumb Code    88  memcmp.o(.text)
    __aeabi_memcpy                           0x0800053d   Thumb Code     0  rt_memcpy_v6.o(.text)
    __rt_memcpy                              0x0800053d   Thumb Code   138  rt_memcpy_v6.o(.text)
    _memcpy_lastbytes                        0x080005a3   Thumb Code     0  rt_memcpy_v6.o(.text)
    __aeabi_memcpy4                          0x080005c7   Thumb Code     0  rt_memcpy_w.o(.text)
    __aeabi_memcpy8                          0x080005c7   Thumb Code     0  rt_memcpy_w.o(.text)
    __rt_memcpy_w                            0x080005c7   Thumb Code   100  rt_memcpy_w.o(.text)
    _memcpy_lastbytes_aligned                0x0800060f   Thumb Code     0  rt_memcpy_w.o(.text)
    __aeabi_memclr                           0x0800062b   Thumb Code     0  rt_memclr.o(.text)
    __rt_memclr                              0x0800062b   Thumb Code    68  rt_memclr.o(.text)
    _memset                                  0x0800062f   Thumb Code     0  rt_memclr.o(.text)
    __use_two_region_memory                  0x0800066f   Thumb Code     2  heapauxi.o(.text)
    __rt_heap_escrow$2region                 0x08000671   Thumb Code     2  heapauxi.o(.text)
    __rt_heap_expand$2region                 0x08000673   Thumb Code     2  heapauxi.o(.text)
    __I$use$semihosting                      0x08000675   Thumb Code     0  use_no_semi.o(.text)
    __use_no_semihosting_swi                 0x08000675   Thumb Code     2  use_no_semi.o(.text)
    _printf_int_common                       0x08000677   Thumb Code   178  _printf_intcommon.o(.text)
    _printf_cs_common                        0x08000729   Thumb Code    20  _printf_char.o(.text)
    _printf_char                             0x0800073d   Thumb Code    16  _printf_char.o(.text)
    _printf_string                           0x0800074d   Thumb Code     8  _printf_char.o(.text)
    _printf_char_file                        0x08000755   Thumb Code    32  _printf_char_file.o(.text)
    __aeabi_memclr4                          0x08000779   Thumb Code     0  rt_memclr_w.o(.text)
    __aeabi_memclr8                          0x08000779   Thumb Code     0  rt_memclr_w.o(.text)
    __rt_memclr_w                            0x08000779   Thumb Code    78  rt_memclr_w.o(.text)
    _memset_w                                0x0800077d   Thumb Code     0  rt_memclr_w.o(.text)
    _printf_char_common                      0x080007d3   Thumb Code    32  _printf_char_common.o(.text)
    ferror                                   0x080007f9   Thumb Code     8  ferror.o(.text)
    __user_setup_stackheap                   0x08000801   Thumb Code    74  sys_stackheap_outer.o(.text)
    exit                                     0x0800084b   Thumb Code    12  exit.o(.text)
    __user_libspace                          0x08000859   Thumb Code     8  libspace.o(.text)
    __user_perproc_libspace                  0x08000859   Thumb Code     0  libspace.o(.text)
    __user_perthread_libspace                0x08000859   Thumb Code     0  libspace.o(.text)
    BusFault_Handler                         0x08000861   Thumb Code     4  stm32f10x_it.o(i.BusFault_Handler)
    DebugMon_Handler                         0x08000865   Thumb Code     2  stm32f10x_it.o(i.DebugMon_Handler)
    FSMC_NORSRAMCmd                          0x08000869   Thumb Code    46  stm32f10x_fsmc.o(i.FSMC_NORSRAMCmd)
    FSMC_NORSRAMInit                         0x0800089d   Thumb Code   230  stm32f10x_fsmc.o(i.FSMC_NORSRAMInit)
    GPIO_Init                                0x08000983   Thumb Code   278  stm32f10x_gpio.o(i.GPIO_Init)
    GPIO_ReadInputDataBit                    0x08000a99   Thumb Code    18  stm32f10x_gpio.o(i.GPIO_ReadInputDataBit)
    GPIO_SetBits                             0x08000aab   Thumb Code     4  stm32f10x_gpio.o(i.GPIO_SetBits)
    Gizwits_Init                             0x08000ab1   Thumb Code    36  main.o(i.Gizwits_Init)
    HardFault_Handler                        0x08000ad9   Thumb Code     4  stm32f10x_it.o(i.HardFault_Handler)
    KEY_Init                                 0x08000add   Thumb Code    52  key.o(i.KEY_Init)
    KEY_Scan                                 0x08000b19   Thumb Code   188  key.o(i.KEY_Scan)
    LCD_Clear                                0x08000be1   Thumb Code   100  lcd.o(i.LCD_Clear)
    LCD_Display_Dir                          0x08000c4d   Thumb Code   444  lcd.o(i.LCD_Display_Dir)
    LCD_Fast_DrawPoint                       0x08000e0d   Thumb Code   370  lcd.o(i.LCD_Fast_DrawPoint)
    LCD_Init                                 0x08000f89   Thumb Code 14186  lcd.o(i.LCD_Init)
    LCD_RD_DATA                              0x080046fd   Thumb Code    14  lcd.o(i.LCD_RD_DATA)
    LCD_ReadReg                              0x08004711   Thumb Code    22  lcd.o(i.LCD_ReadReg)
    LCD_SSD_BackLightSet                     0x08004729   Thumb Code    80  lcd.o(i.LCD_SSD_BackLightSet)
    LCD_Scan_Dir                             0x0800477d   Thumb Code   744  lcd.o(i.LCD_Scan_Dir)
    LCD_SetCursor                            0x08004a69   Thumb Code   418  lcd.o(i.LCD_SetCursor)
    LCD_ShowChar                             0x08004c11   Thumb Code   272  lcd.o(i.LCD_ShowChar)
    LCD_ShowString                           0x08004d39   Thumb Code   102  lcd.o(i.LCD_ShowString)
    LCD_WR_DATA                              0x08004da1   Thumb Code     6  lcd.o(i.LCD_WR_DATA)
    LCD_WR_REG                               0x08004dad   Thumb Code     6  lcd.o(i.LCD_WR_REG)
    LCD_WriteRAM_Prepare                     0x08004db9   Thumb Code    10  lcd.o(i.LCD_WriteRAM_Prepare)
    LCD_WriteReg                             0x08004dcd   Thumb Code    10  lcd.o(i.LCD_WriteReg)
    LED_Init                                 0x08004ddd   Thumb Code    68  led.o(i.LED_Init)
    MemManage_Handler                        0x08004e29   Thumb Code     4  stm32f10x_it.o(i.MemManage_Handler)
    NMI_Handler                              0x08004e2d   Thumb Code     2  stm32f10x_it.o(i.NMI_Handler)
    NVIC_Init                                0x08004e31   Thumb Code   100  misc.o(i.NVIC_Init)
    NVIC_PriorityGroupConfig                 0x08004ea1   Thumb Code    10  misc.o(i.NVIC_PriorityGroupConfig)
    PendSV_Handler                           0x08004eb5   Thumb Code     2  stm32f10x_it.o(i.PendSV_Handler)
    RCC_AHBPeriphClockCmd                    0x08004eb9   Thumb Code    26  stm32f10x_rcc.o(i.RCC_AHBPeriphClockCmd)
    RCC_APB1PeriphClockCmd                   0x08004ed9   Thumb Code    26  stm32f10x_rcc.o(i.RCC_APB1PeriphClockCmd)
    RCC_APB1PeriphResetCmd                   0x08004ef9   Thumb Code    26  stm32f10x_rcc.o(i.RCC_APB1PeriphResetCmd)
    RCC_APB2PeriphClockCmd                   0x08004f19   Thumb Code    26  stm32f10x_rcc.o(i.RCC_APB2PeriphClockCmd)
    RCC_APB2PeriphResetCmd                   0x08004f39   Thumb Code    26  stm32f10x_rcc.o(i.RCC_APB2PeriphResetCmd)
    RCC_GetClocksFreq                        0x08004f59   Thumb Code   192  stm32f10x_rcc.o(i.RCC_GetClocksFreq)
    SVC_Handler                              0x0800502d   Thumb Code     2  stm32f10x_it.o(i.SVC_Handler)
    SysTick_CLKSourceConfig                  0x08005119   Thumb Code    40  misc.o(i.SysTick_CLKSourceConfig)
    SysTick_Handler                          0x08005141   Thumb Code     2  stm32f10x_it.o(i.SysTick_Handler)
    SystemInit                               0x08005145   Thumb Code    78  system_stm32f10x.o(i.SystemInit)
    TIM3_IRQHandler                          0x080051a5   Thumb Code    26  timer.o(i.TIM3_IRQHandler)
    TIM3_Int_Init                            0x080051c5   Thumb Code    90  timer.o(i.TIM3_Int_Init)
    TIM_ClearITPendingBit                    0x08005225   Thumb Code     6  stm32f10x_tim.o(i.TIM_ClearITPendingBit)
    TIM_Cmd                                  0x0800522b   Thumb Code    24  stm32f10x_tim.o(i.TIM_Cmd)
    TIM_GetITStatus                          0x08005243   Thumb Code    34  stm32f10x_tim.o(i.TIM_GetITStatus)
    TIM_ITConfig                             0x08005265   Thumb Code    18  stm32f10x_tim.o(i.TIM_ITConfig)
    TIM_TimeBaseInit                         0x08005279   Thumb Code   122  stm32f10x_tim.o(i.TIM_TimeBaseInit)
    USART1_IRQHandler                        0x0800531d   Thumb Code    32  usart.o(i.USART1_IRQHandler)
    USART3_IRQHandler                        0x08005349   Thumb Code    34  usart.o(i.USART3_IRQHandler)
    USART_Cmd                                0x08005371   Thumb Code    24  stm32f10x_usart.o(i.USART_Cmd)
    USART_DeInit                             0x08005389   Thumb Code   134  stm32f10x_usart.o(i.USART_DeInit)
    USART_GetFlagStatus                      0x08005425   Thumb Code    26  stm32f10x_usart.o(i.USART_GetFlagStatus)
    USART_GetITStatus                        0x0800543f   Thumb Code    84  stm32f10x_usart.o(i.USART_GetITStatus)
    USART_ITConfig                           0x08005493   Thumb Code    74  stm32f10x_usart.o(i.USART_ITConfig)
    USART_Init                               0x080054dd   Thumb Code   210  stm32f10x_usart.o(i.USART_Init)
    USART_ReceiveData                        0x080055b5   Thumb Code    10  stm32f10x_usart.o(i.USART_ReceiveData)
    USART_SendData                           0x080055bf   Thumb Code     8  stm32f10x_usart.o(i.USART_SendData)
    UsageFault_Handler                       0x080055c7   Thumb Code     4  stm32f10x_it.o(i.UsageFault_Handler)
    _is_digit                                0x080055cb   Thumb Code    14  __printf_wp.o(i._is_digit)
    _sys_exit                                0x080055d9   Thumb Code     4  usart.o(i._sys_exit)
    delay_init                               0x080055dd   Thumb Code    50  delay.o(i.delay_init)
    delay_ms                                 0x08005621   Thumb Code    72  delay.o(i.delay_ms)
    delay_us                                 0x0800566d   Thumb Code    72  delay.o(i.delay_us)
    fputc                                    0x080056b9   Thumb Code    24  usart.o(i.fputc)
    gizGetTimerCount                         0x080058d9   Thumb Code     6  gizwits_product.o(i.gizGetTimerCount)
    gizPutData                               0x080067d1   Thumb Code    52  gizwits_protocol.o(i.gizPutData)
    gizTimerMs                               0x0800691d   Thumb Code    12  gizwits_product.o(i.gizTimerMs)
    gizwitsEventProcess                      0x0800692d   Thumb Code   210  gizwits_product.o(i.gizwitsEventProcess)
    gizwitsHandle                            0x08006a71   Thumb Code   460  gizwits_protocol.o(i.gizwitsHandle)
    gizwitsInit                              0x08006d05   Thumb Code    32  gizwits_protocol.o(i.gizwitsInit)
    gizwitsSetMode                           0x08006d31   Thumb Code   500  gizwits_protocol.o(i.gizwitsSetMode)
    main                                     0x08006f61   Thumb Code   434  main.o(i.main)
    mcuRestart                               0x08007259   Thumb Code    38  gizwits_product.o(i.mcuRestart)
    uartWrite                                0x0800757d   Thumb Code    82  gizwits_product.o(i.uartWrite)
    uart_init                                0x080075d5   Thumb Code   152  usart.o(i.uart_init)
    usart3_init                              0x08007675   Thumb Code   166  usart.o(i.usart3_init)
    userHandle                               0x08007725   Thumb Code    80  main.o(i.userHandle)
    __aeabi_d2uiz                            0x08007799   Thumb Code     0  dfixu.o(x$fpl$dfixu)
    _dfixu                                   0x08007799   Thumb Code    90  dfixu.o(x$fpl$dfixu)
    __aeabi_ui2d                             0x080077f3   Thumb Code     0  dflt_clz.o(x$fpl$dfltu)
    _dfltu                                   0x080077f3   Thumb Code    38  dflt_clz.o(x$fpl$dfltu)
    __aeabi_dmul                             0x08007819   Thumb Code     0  dmul.o(x$fpl$dmul)
    _dmul                                    0x08007819   Thumb Code   332  dmul.o(x$fpl$dmul)
    __fpl_dnaninf                            0x0800796d   Thumb Code   156  dnaninf.o(x$fpl$dnaninf)
    __fpl_dretinf                            0x08007a09   Thumb Code    12  dretinf.o(x$fpl$dretinf)
    __I$use$fp                               0x08007a14   Number         0  usenofp.o(x$fpl$usenofp)
    asc2_1206                                0x08007a14   Data        1140  lcd.o(.constdata)
    asc2_1608                                0x08007e88   Data        1520  lcd.o(.constdata)
    asc2_2412                                0x08008478   Data        3420  lcd.o(.constdata)
    Region$$Table$$Base                      0x08009254   Number         0  anon$$obj.o(Region$$Table)
    Region$$Table$$Limit                     0x08009274   Number         0  anon$$obj.o(Region$$Table)
    send_buff                                0x20000000   Data          10  main.o(.data)
    read_sta                                 0x2000000a   Data           1  main.o(.data)
    wifi_sta                                 0x2000000b   Data           1  main.o(.data)
    SystemCoreClock                          0x2000000c   Data           4  system_stm32f10x.o(.data)
    AHBPrescTable                            0x20000010   Data          16  system_stm32f10x.o(.data)
    l                                        0x20000024   Data           1  usart.o(.data)
    __stdout                                 0x20000028   Data           4  usart.o(.data)
    USART_RX_STA                             0x2000002c   Data           2  usart.o(.data)
    res                                      0x2000002e   Data           1  usart.o(.data)
    POINT_COLOR                              0x20000050   Data           2  lcd.o(.data)
    BACK_COLOR                               0x20000052   Data           2  lcd.o(.data)
    read_buff                                0x20000054   Data          11  main.o(.bss)
    currentDataPoint                         0x2000005f   Data          10  main.o(.bss)
    gizwitsProtocol                          0x20000069   Data        2963  gizwits_protocol.o(.bss)
    pRb                                      0x20000bfc   Data          16  gizwits_protocol.o(.bss)
    lcddev                                   0x20001378   Data          14  lcd.o(.bss)
    __libspace_start                         0x20001388   Data          96  libspace.o(.bss)
    __temporary_stack_top$libspace           0x200013e8   Data           0  libspace.o(.bss)



==============================================================================

Memory Map of the image

  Image Entry point : 0x08000131

  Load Region LR_IROM1 (Base: 0x08000000, Size: 0x000092c8, Max: 0x00040000, ABSOLUTE)

    Execution Region ER_IROM1 (Base: 0x08000000, Size: 0x00009274, Max: 0x00040000, ABSOLUTE)

    Base Addr    Size         Type   Attr      Idx    E Section Name        Object

    0x08000000   0x00000130   Data   RO          269    RESET               startup_stm32f10x_hd.o
    0x08000130   0x00000008   Code   RO         3935  * !!!main             c_w.l(__main.o)
    0x08000138   0x00000034   Code   RO         4123    !!!scatter          c_w.l(__scatter.o)
    0x0800016c   0x0000001a   Code   RO         4125    !!handler_copy      c_w.l(__scatter_copy.o)
    0x08000186   0x00000002   PAD
    0x08000188   0x0000001c   Code   RO         4127    !!handler_zi        c_w.l(__scatter_zi.o)
    0x080001a4   0x00000000   Code   RO         3924    .ARM.Collect$$_printf_percent$$00000000  c_w.l(_printf_percent.o)
    0x080001a4   0x00000006   Code   RO         3923    .ARM.Collect$$_printf_percent$$00000009  c_w.l(_printf_d.o)
    0x080001aa   0x00000006   Code   RO         3922    .ARM.Collect$$_printf_percent$$0000000C  c_w.l(_printf_x.o)
    0x080001b0   0x00000006   Code   RO         3921    .ARM.Collect$$_printf_percent$$00000013  c_w.l(_printf_c.o)
    0x080001b6   0x00000004   Code   RO         3958    .ARM.Collect$$_printf_percent$$00000017  c_w.l(_printf_percent_end.o)
    0x080001ba   0x00000002   Code   RO         3998    .ARM.Collect$$libinit$$00000000  c_w.l(libinit.o)
    0x080001bc   0x00000000   Code   RO         4005    .ARM.Collect$$libinit$$00000002  c_w.l(libinit2.o)
    0x080001bc   0x00000000   Code   RO         4007    .ARM.Collect$$libinit$$00000004  c_w.l(libinit2.o)
    0x080001bc   0x00000000   Code   RO         4010    .ARM.Collect$$libinit$$0000000A  c_w.l(libinit2.o)
    0x080001bc   0x00000000   Code   RO         4012    .ARM.Collect$$libinit$$0000000C  c_w.l(libinit2.o)
    0x080001bc   0x00000000   Code   RO         4014    .ARM.Collect$$libinit$$0000000E  c_w.l(libinit2.o)
    0x080001bc   0x00000000   Code   RO         4017    .ARM.Collect$$libinit$$00000011  c_w.l(libinit2.o)
    0x080001bc   0x00000000   Code   RO         4019    .ARM.Collect$$libinit$$00000013  c_w.l(libinit2.o)
    0x080001bc   0x00000000   Code   RO         4021    .ARM.Collect$$libinit$$00000015  c_w.l(libinit2.o)
    0x080001bc   0x00000000   Code   RO         4023    .ARM.Collect$$libinit$$00000017  c_w.l(libinit2.o)
    0x080001bc   0x00000000   Code   RO         4025    .ARM.Collect$$libinit$$00000019  c_w.l(libinit2.o)
    0x080001bc   0x00000000   Code   RO         4027    .ARM.Collect$$libinit$$0000001B  c_w.l(libinit2.o)
    0x080001bc   0x00000000   Code   RO         4029    .ARM.Collect$$libinit$$0000001D  c_w.l(libinit2.o)
    0x080001bc   0x00000000   Code   RO         4031    .ARM.Collect$$libinit$$0000001F  c_w.l(libinit2.o)
    0x080001bc   0x00000000   Code   RO         4033    .ARM.Collect$$libinit$$00000021  c_w.l(libinit2.o)
    0x080001bc   0x00000000   Code   RO         4035    .ARM.Collect$$libinit$$00000023  c_w.l(libinit2.o)
    0x080001bc   0x00000000   Code   RO         4037    .ARM.Collect$$libinit$$00000025  c_w.l(libinit2.o)
    0x080001bc   0x00000000   Code   RO         4041    .ARM.Collect$$libinit$$0000002C  c_w.l(libinit2.o)
    0x080001bc   0x00000000   Code   RO         4043    .ARM.Collect$$libinit$$0000002E  c_w.l(libinit2.o)
    0x080001bc   0x00000000   Code   RO         4045    .ARM.Collect$$libinit$$00000030  c_w.l(libinit2.o)
    0x080001bc   0x00000000   Code   RO         4047    .ARM.Collect$$libinit$$00000032  c_w.l(libinit2.o)
    0x080001bc   0x00000002   Code   RO         4048    .ARM.Collect$$libinit$$00000033  c_w.l(libinit2.o)
    0x080001be   0x00000002   Code   RO         4066    .ARM.Collect$$libshutdown$$00000000  c_w.l(libshutdown.o)
    0x080001c0   0x00000000   Code   RO         4077    .ARM.Collect$$libshutdown$$00000003  c_w.l(libshutdown2.o)
    0x080001c0   0x00000000   Code   RO         4080    .ARM.Collect$$libshutdown$$00000006  c_w.l(libshutdown2.o)
    0x080001c0   0x00000000   Code   RO         4083    .ARM.Collect$$libshutdown$$00000009  c_w.l(libshutdown2.o)
    0x080001c0   0x00000000   Code   RO         4085    .ARM.Collect$$libshutdown$$0000000B  c_w.l(libshutdown2.o)
    0x080001c0   0x00000000   Code   RO         4088    .ARM.Collect$$libshutdown$$0000000E  c_w.l(libshutdown2.o)
    0x080001c0   0x00000002   Code   RO         4089    .ARM.Collect$$libshutdown$$0000000F  c_w.l(libshutdown2.o)
    0x080001c2   0x00000000   Code   RO         3951    .ARM.Collect$$rtentry$$00000000  c_w.l(__rtentry.o)
    0x080001c2   0x00000000   Code   RO         3967    .ARM.Collect$$rtentry$$00000002  c_w.l(__rtentry2.o)
    0x080001c2   0x00000006   Code   RO         3979    .ARM.Collect$$rtentry$$00000004  c_w.l(__rtentry4.o)
    0x080001c8   0x00000000   Code   RO         3969    .ARM.Collect$$rtentry$$00000009  c_w.l(__rtentry2.o)
    0x080001c8   0x00000004   Code   RO         3970    .ARM.Collect$$rtentry$$0000000A  c_w.l(__rtentry2.o)
    0x080001cc   0x00000000   Code   RO         3972    .ARM.Collect$$rtentry$$0000000C  c_w.l(__rtentry2.o)
    0x080001cc   0x00000008   Code   RO         3973    .ARM.Collect$$rtentry$$0000000D  c_w.l(__rtentry2.o)
    0x080001d4   0x00000002   Code   RO         4002    .ARM.Collect$$rtexit$$00000000  c_w.l(rtexit.o)
    0x080001d6   0x00000000   Code   RO         4050    .ARM.Collect$$rtexit$$00000002  c_w.l(rtexit2.o)
    0x080001d6   0x00000004   Code   RO         4051    .ARM.Collect$$rtexit$$00000003  c_w.l(rtexit2.o)
    0x080001da   0x00000006   Code   RO         4052    .ARM.Collect$$rtexit$$00000004  c_w.l(rtexit2.o)
    0x080001e0   0x00000040   Code   RO          270    .text               startup_stm32f10x_hd.o
    0x08000220   0x00000002   Code   RO         3866    .text               c_w.l(use_no_semi_2.o)
    0x08000222   0x00000002   PAD
    0x08000224   0x00000018   Code   RO         3870    .text               c_w.l(noretval__2printf.o)
    0x0800023c   0x0000004e   Code   RO         3874    .text               c_w.l(_printf_pad.o)
    0x0800028a   0x00000052   Code   RO         3876    .text               c_w.l(_printf_str.o)
    0x080002dc   0x00000078   Code   RO         3878    .text               c_w.l(_printf_dec.o)
    0x08000354   0x00000058   Code   RO         3883    .text               c_w.l(_printf_hex_int.o)
    0x080003ac   0x00000138   Code   RO         3913    .text               c_w.l(__printf_flags_wp.o)
    0x080004e4   0x00000058   Code   RO         3925    .text               c_w.l(memcmp.o)
    0x0800053c   0x0000008a   Code   RO         3927    .text               c_w.l(rt_memcpy_v6.o)
    0x080005c6   0x00000064   Code   RO         3929    .text               c_w.l(rt_memcpy_w.o)
    0x0800062a   0x00000044   Code   RO         3931    .text               c_w.l(rt_memclr.o)
    0x0800066e   0x00000006   Code   RO         3933    .text               c_w.l(heapauxi.o)
    0x08000674   0x00000002   Code   RO         3949    .text               c_w.l(use_no_semi.o)
    0x08000676   0x000000b2   Code   RO         3952    .text               c_w.l(_printf_intcommon.o)
    0x08000728   0x0000002c   Code   RO         3954    .text               c_w.l(_printf_char.o)
    0x08000754   0x00000024   Code   RO         3956    .text               c_w.l(_printf_char_file.o)
    0x08000778   0x0000004e   Code   RO         3959    .text               c_w.l(rt_memclr_w.o)
    0x080007c6   0x00000002   PAD
    0x080007c8   0x00000030   Code   RO         3981    .text               c_w.l(_printf_char_common.o)
    0x080007f8   0x00000008   Code   RO         3983    .text               c_w.l(ferror.o)
    0x08000800   0x0000004a   Code   RO         3987    .text               c_w.l(sys_stackheap_outer.o)
    0x0800084a   0x0000000c   Code   RO         3991    .text               c_w.l(exit.o)
    0x08000856   0x00000002   PAD
    0x08000858   0x00000008   Code   RO         3999    .text               c_w.l(libspace.o)
    0x08000860   0x00000004   Code   RO          159    i.BusFault_Handler  stm32f10x_it.o
    0x08000864   0x00000002   Code   RO          160    i.DebugMon_Handler  stm32f10x_it.o
    0x08000866   0x00000002   PAD
    0x08000868   0x00000034   Code   RO         1421    i.FSMC_NORSRAMCmd   stm32f10x_fsmc.o
    0x0800089c   0x000000e6   Code   RO         1423    i.FSMC_NORSRAMInit  stm32f10x_fsmc.o
    0x08000982   0x00000116   Code   RO         1536    i.GPIO_Init         stm32f10x_gpio.o
    0x08000a98   0x00000012   Code   RO         1540    i.GPIO_ReadInputDataBit  stm32f10x_gpio.o
    0x08000aaa   0x00000004   Code   RO         1544    i.GPIO_SetBits      stm32f10x_gpio.o
    0x08000aae   0x00000002   PAD
    0x08000ab0   0x00000028   Code   RO            1    i.Gizwits_Init      main.o
    0x08000ad8   0x00000004   Code   RO          161    i.HardFault_Handler  stm32f10x_it.o
    0x08000adc   0x0000003c   Code   RO         3388    i.KEY_Init          key.o
    0x08000b18   0x000000c8   Code   RO         3389    i.KEY_Scan          key.o
    0x08000be0   0x0000006c   Code   RO         3655    i.LCD_Clear         lcd.o
    0x08000c4c   0x000001c0   Code   RO         3659    i.LCD_Display_Dir   lcd.o
    0x08000e0c   0x0000017c   Code   RO         3664    i.LCD_Fast_DrawPoint  lcd.o
    0x08000f88   0x00003774   Code   RO         3666    i.LCD_Init          lcd.o
    0x080046fc   0x00000014   Code   RO         3668    i.LCD_RD_DATA       lcd.o
    0x08004710   0x00000016   Code   RO         3670    i.LCD_ReadReg       lcd.o
    0x08004726   0x00000002   PAD
    0x08004728   0x00000054   Code   RO         3671    i.LCD_SSD_BackLightSet  lcd.o
    0x0800477c   0x000002ec   Code   RO         3672    i.LCD_Scan_Dir      lcd.o
    0x08004a68   0x000001a8   Code   RO         3673    i.LCD_SetCursor     lcd.o
    0x08004c10   0x00000128   Code   RO         3675    i.LCD_ShowChar      lcd.o
    0x08004d38   0x00000066   Code   RO         3677    i.LCD_ShowString    lcd.o
    0x08004d9e   0x00000002   PAD
    0x08004da0   0x0000000c   Code   RO         3679    i.LCD_WR_DATA       lcd.o
    0x08004dac   0x0000000c   Code   RO         3680    i.LCD_WR_REG        lcd.o
    0x08004db8   0x00000014   Code   RO         3682    i.LCD_WriteRAM_Prepare  lcd.o
    0x08004dcc   0x00000010   Code   RO         3683    i.LCD_WriteReg      lcd.o
    0x08004ddc   0x0000004c   Code   RO         3376    i.LED_Init          led.o
    0x08004e28   0x00000004   Code   RO          162    i.MemManage_Handler  stm32f10x_it.o
    0x08004e2c   0x00000002   Code   RO          163    i.NMI_Handler       stm32f10x_it.o
    0x08004e2e   0x00000002   PAD
    0x08004e30   0x00000070   Code   RO          385    i.NVIC_Init         misc.o
    0x08004ea0   0x00000014   Code   RO          386    i.NVIC_PriorityGroupConfig  misc.o
    0x08004eb4   0x00000002   Code   RO          164    i.PendSV_Handler    stm32f10x_it.o
    0x08004eb6   0x00000002   PAD
    0x08004eb8   0x00000020   Code   RO         1951    i.RCC_AHBPeriphClockCmd  stm32f10x_rcc.o
    0x08004ed8   0x00000020   Code   RO         1952    i.RCC_APB1PeriphClockCmd  stm32f10x_rcc.o
    0x08004ef8   0x00000020   Code   RO         1953    i.RCC_APB1PeriphResetCmd  stm32f10x_rcc.o
    0x08004f18   0x00000020   Code   RO         1954    i.RCC_APB2PeriphClockCmd  stm32f10x_rcc.o
    0x08004f38   0x00000020   Code   RO         1955    i.RCC_APB2PeriphResetCmd  stm32f10x_rcc.o
    0x08004f58   0x000000d4   Code   RO         1962    i.RCC_GetClocksFreq  stm32f10x_rcc.o
    0x0800502c   0x00000002   Code   RO          165    i.SVC_Handler       stm32f10x_it.o
    0x0800502e   0x00000008   Code   RO          222    i.SetSysClock       system_stm32f10x.o
    0x08005036   0x00000002   PAD
    0x08005038   0x000000e0   Code   RO          223    i.SetSysClockTo72   system_stm32f10x.o
    0x08005118   0x00000028   Code   RO          389    i.SysTick_CLKSourceConfig  misc.o
    0x08005140   0x00000002   Code   RO          166    i.SysTick_Handler   stm32f10x_it.o
    0x08005142   0x00000002   PAD
    0x08005144   0x00000060   Code   RO          225    i.SystemInit        system_stm32f10x.o
    0x080051a4   0x00000020   Code   RO         3352    i.TIM3_IRQHandler   timer.o
    0x080051c4   0x00000060   Code   RO         3353    i.TIM3_Int_Init     timer.o
    0x08005224   0x00000006   Code   RO         2581    i.TIM_ClearITPendingBit  stm32f10x_tim.o
    0x0800522a   0x00000018   Code   RO         2586    i.TIM_Cmd           stm32f10x_tim.o
    0x08005242   0x00000022   Code   RO         2607    i.TIM_GetITStatus   stm32f10x_tim.o
    0x08005264   0x00000012   Code   RO         2611    i.TIM_ITConfig      stm32f10x_tim.o
    0x08005276   0x00000002   PAD
    0x08005278   0x000000a4   Code   RO         2657    i.TIM_TimeBaseInit  stm32f10x_tim.o
    0x0800531c   0x0000002c   Code   RO          300    i.USART1_IRQHandler  usart.o
    0x08005348   0x00000028   Code   RO          301    i.USART3_IRQHandler  usart.o
    0x08005370   0x00000018   Code   RO         3122    i.USART_Cmd         stm32f10x_usart.o
    0x08005388   0x0000009c   Code   RO         3124    i.USART_DeInit      stm32f10x_usart.o
    0x08005424   0x0000001a   Code   RO         3125    i.USART_GetFlagStatus  stm32f10x_usart.o
    0x0800543e   0x00000054   Code   RO         3126    i.USART_GetITStatus  stm32f10x_usart.o
    0x08005492   0x0000004a   Code   RO         3128    i.USART_ITConfig    stm32f10x_usart.o
    0x080054dc   0x000000d8   Code   RO         3129    i.USART_Init        stm32f10x_usart.o
    0x080055b4   0x0000000a   Code   RO         3136    i.USART_ReceiveData  stm32f10x_usart.o
    0x080055be   0x00000008   Code   RO         3139    i.USART_SendData    stm32f10x_usart.o
    0x080055c6   0x00000004   Code   RO          167    i.UsageFault_Handler  stm32f10x_it.o
    0x080055ca   0x0000000e   Code   RO         3911    i._is_digit         c_w.l(__printf_wp.o)
    0x080055d8   0x00000004   Code   RO          302    i._sys_exit         usart.o
    0x080055dc   0x00000044   Code   RO          274    i.delay_init        delay.o
    0x08005620   0x0000004c   Code   RO          275    i.delay_ms          delay.o
    0x0800566c   0x0000004c   Code   RO          276    i.delay_us          delay.o
    0x080056b8   0x0000001c   Code   RO          303    i.fputc             usart.o
    0x080056d4   0x0000006c   Code   RO         3463    i.gizCheckReport    gizwits_protocol.o
    0x08005740   0x00000070   Code   RO         3464    i.gizDataPoint2Event  gizwits_protocol.o
    0x080057b0   0x00000058   Code   RO         3465    i.gizDataPoints2ReportData  gizwits_protocol.o
    0x08005808   0x000000b4   Code   RO         3466    i.gizDevReportPolicy  gizwits_protocol.o
    0x080058bc   0x0000001a   Code   RO         3467    i.gizExchangeWord   gizwits_protocol.o
    0x080058d6   0x00000002   PAD
    0x080058d8   0x0000000c   Code   RO         3409    i.gizGetTimerCount  gizwits_product.o
    0x080058e4   0x00000090   Code   RO         3468    i.gizProtocolAckHandle  gizwits_protocol.o
    0x08005974   0x000000a4   Code   RO         3469    i.gizProtocolCommonAck  gizwits_protocol.o
    0x08005a18   0x000000a8   Code   RO         3470    i.gizProtocolErrorCmd  gizwits_protocol.o
    0x08005ac0   0x00000016   Code   RO         3471    i.gizProtocolExchangeBytes  gizwits_protocol.o
    0x08005ad6   0x00000002   PAD
    0x08005ad8   0x00000180   Code   RO         3472    i.gizProtocolGetDeviceInfo  gizwits_protocol.o
    0x08005c58   0x000001a8   Code   RO         3473    i.gizProtocolGetOnePacket  gizwits_protocol.o
    0x08005e00   0x00000050   Code   RO         3474    i.gizProtocolHeadInit  gizwits_protocol.o
    0x08005e50   0x00000100   Code   RO         3475    i.gizProtocolIssuedDataAck  gizwits_protocol.o
    0x08005f50   0x00000114   Code   RO         3476    i.gizProtocolIssuedProcess  gizwits_protocol.o
    0x08006064   0x00000524   Code   RO         3477    i.gizProtocolModuleStatus  gizwits_protocol.o
    0x08006588   0x0000008c   Code   RO         3478    i.gizProtocolNTP    gizwits_protocol.o
    0x08006614   0x0000001c   Code   RO         3479    i.gizProtocolReboot  gizwits_protocol.o
    0x08006630   0x00000084   Code   RO         3480    i.gizProtocolResendData  gizwits_protocol.o
    0x080066b4   0x0000006c   Code   RO         3481    i.gizProtocolSum    gizwits_protocol.o
    0x08006720   0x00000064   Code   RO         3482    i.gizProtocolWaitAck  gizwits_protocol.o
    0x08006784   0x0000004c   Code   RO         3483    i.gizProtocolWaitAckCheck  gizwits_protocol.o
    0x080067d0   0x00000078   Code   RO         3484    i.gizPutData        gizwits_protocol.o
    0x08006848   0x000000d4   Code   RO         3485    i.gizReportData     gizwits_protocol.o
    0x0800691c   0x00000010   Code   RO         3410    i.gizTimerMs        gizwits_product.o
    0x0800692c   0x00000144   Code   RO         3411    i.gizwitsEventProcess  gizwits_product.o
    0x08006a70   0x00000294   Code   RO         3487    i.gizwitsHandle     gizwits_protocol.o
    0x08006d04   0x0000002c   Code   RO         3488    i.gizwitsInit       gizwits_protocol.o
    0x08006d30   0x00000230   Code   RO         3490    i.gizwitsSetMode    gizwits_protocol.o
    0x08006f60   0x000002f8   Code   RO            2    i.main              main.o
    0x08007258   0x00000030   Code   RO         3412    i.mcuRestart        gizwits_product.o
    0x08007288   0x0000005c   Code   RO         3491    i.rbCanRead         gizwits_protocol.o
    0x080072e4   0x00000040   Code   RO         3492    i.rbCanWrite        gizwits_protocol.o
    0x08007324   0x00000034   Code   RO         3493    i.rbCapacity        gizwits_protocol.o
    0x08007358   0x00000038   Code   RO         3494    i.rbCreate          gizwits_protocol.o
    0x08007390   0x000000e8   Code   RO         3495    i.rbRead            gizwits_protocol.o
    0x08007478   0x00000104   Code   RO         3496    i.rbWrite           gizwits_protocol.o
    0x0800757c   0x00000058   Code   RO         3413    i.uartWrite         gizwits_product.o
    0x080075d4   0x000000a0   Code   RO          304    i.uart_init         usart.o
    0x08007674   0x000000b0   Code   RO          305    i.usart3_init       usart.o
    0x08007724   0x00000074   Code   RO            3    i.userHandle        main.o
    0x08007798   0x0000005a   Code   RO         3937    x$fpl$dfixu         fz_ws.l(dfixu.o)
    0x080077f2   0x00000026   Code   RO         3941    x$fpl$dfltu         fz_ws.l(dflt_clz.o)
    0x08007818   0x00000154   Code   RO         3947    x$fpl$dmul          fz_ws.l(dmul.o)
    0x0800796c   0x0000009c   Code   RO         3961    x$fpl$dnaninf       fz_ws.l(dnaninf.o)
    0x08007a08   0x0000000c   Code   RO         3963    x$fpl$dretinf       fz_ws.l(dretinf.o)
    0x08007a14   0x00000000   Code   RO         3965    x$fpl$usenofp       fz_ws.l(usenofp.o)
    0x08007a14   0x000017c0   Data   RO         3686    .constdata          lcd.o
    0x080091d4   0x00000028   Data   RO         3884    .constdata          c_w.l(_printf_hex_int.o)
    0x080091fc   0x00000011   Data   RO         3914    .constdata          c_w.l(__printf_flags_wp.o)
    0x0800920d   0x00000003   PAD
    0x08009210   0x00000041   Data   RO         3498    .conststring        gizwits_protocol.o
    0x08009251   0x00000003   PAD
    0x08009254   0x00000020   Data   RO         4121    Region$$Table       anon$$obj.o


    Execution Region RW_IRAM1 (Base: 0x20000000, Size: 0x000025e8, Max: 0x00010000, ABSOLUTE)

    Base Addr    Size         Type   Attr      Idx    E Section Name        Object

    0x20000000   0x0000000c   Data   RW            5    .data               main.o
    0x2000000c   0x00000014   Data   RW          226    .data               system_stm32f10x.o
    0x20000020   0x00000004   Data   RW          277    .data               delay.o
    0x20000024   0x0000000b   Data   RW          307    .data               usart.o
    0x2000002f   0x00000014   Data   RW         1982    .data               stm32f10x_rcc.o
    0x20000043   0x00000001   Data   RW         3390    .data               key.o
    0x20000044   0x00000004   Data   RW         3414    .data               gizwits_product.o
    0x20000048   0x00000008   Data   RW         3499    .data               gizwits_protocol.o
    0x20000050   0x00000004   Data   RW         3687    .data               lcd.o
    0x20000054   0x00000015   Zero   RW            4    .bss                main.o
    0x20000069   0x0000130f   Zero   RW         3497    .bss                gizwits_protocol.o
    0x20001378   0x0000000e   Zero   RW         3685    .bss                lcd.o
    0x20001386   0x00000002   PAD
    0x20001388   0x00000060   Zero   RW         4000    .bss                c_w.l(libspace.o)
    0x200013e8   0x00000200   Zero   RW          268    HEAP                startup_stm32f10x_hd.o
    0x200015e8   0x00001000   Zero   RW          267    STACK               startup_stm32f10x_hd.o


==============================================================================

Image component sizes


      Code (inc. data)   RO Data    RW Data    ZI Data      Debug   Object Name

         0          0          0          0          0         32   core_cm3.o
       220         26          0          4          0       1907   delay.o
       488        158          0          4          0      19501   gizwits_product.o
      6684       2208         65          8       4879      24226   gizwits_protocol.o
       260         20          0          1          0       1266   key.o
     16888        184       6080          4         14      21119   lcd.o
        76          8          0          0          0        551   led.o
       916        366          0         12         21     269856   main.o
       172         22          0          0          0       2177   misc.o
        64         26        304          0       4608        844   startup_stm32f10x_hd.o
       282          6          0          0          0       1905   stm32f10x_fsmc.o
       300          0          0          0          0       3211   stm32f10x_gpio.o
        26          0          0          0          0       4186   stm32f10x_it.o
       372         50          0         20          0       6416   stm32f10x_rcc.o
       246         42          0          0          0       3726   stm32f10x_tim.o
       598         28          0          0          0       6972   stm32f10x_usart.o
       328         28          0         20          0       2405   system_stm32f10x.o
       128         12          0          0          0       1210   timer.o
       452         40          0         11          0       5704   usart.o

    ----------------------------------------------------------------------
     28522       3224       6484         84       9524     377214   Object Totals
         0          0         32          0          0          0   (incl. Generated)
        22          0          3          0          2          0   (incl. Padding)

    ----------------------------------------------------------------------

      Code (inc. data)   RO Data    RW Data    ZI Data      Debug   Library Member Name

         8          0          0          0          0         68   __main.o
       312          4         17          0          0         92   __printf_flags_wp.o
        14          0          0          0          0         68   __printf_wp.o
         0          0          0          0          0          0   __rtentry.o
        12          0          0          0          0          0   __rtentry2.o
         6          0          0          0          0          0   __rtentry4.o
        52          8          0          0          0          0   __scatter.o
        26          0          0          0          0          0   __scatter_copy.o
        28          0          0          0          0          0   __scatter_zi.o
         6          0          0          0          0          0   _printf_c.o
        44          0          0          0          0        108   _printf_char.o
        48          6          0          0          0         96   _printf_char_common.o
        36          4          0          0          0         80   _printf_char_file.o
         6          0          0          0          0          0   _printf_d.o
       120         16          0          0          0         92   _printf_dec.o
        88          4         40          0          0         88   _printf_hex_int.o
       178          0          0          0          0         88   _printf_intcommon.o
        78          0          0          0          0        108   _printf_pad.o
         0          0          0          0          0          0   _printf_percent.o
         4          0          0          0          0          0   _printf_percent_end.o
        82          0          0          0          0         80   _printf_str.o
         6          0          0          0          0          0   _printf_x.o
        12          0          0          0          0         72   exit.o
         8          0          0          0          0         68   ferror.o
         6          0          0          0          0        152   heapauxi.o
         2          0          0          0          0          0   libinit.o
         2          0          0          0          0          0   libinit2.o
         2          0          0          0          0          0   libshutdown.o
         2          0          0          0          0          0   libshutdown2.o
         8          4          0          0         96         68   libspace.o
        88          0          0          0          0         76   memcmp.o
        24          4          0          0          0         84   noretval__2printf.o
        68          0          0          0          0         68   rt_memclr.o
        78          0          0          0          0         80   rt_memclr_w.o
       138          0          0          0          0         68   rt_memcpy_v6.o
       100          0          0          0          0         80   rt_memcpy_w.o
         2          0          0          0          0          0   rtexit.o
        10          0          0          0          0          0   rtexit2.o
        74          0          0          0          0         80   sys_stackheap_outer.o
         2          0          0          0          0         68   use_no_semi.o
         2          0          0          0          0         68   use_no_semi_2.o
        90          4          0          0          0         92   dfixu.o
        38          0          0          0          0         68   dflt_clz.o
       340         12          0          0          0        104   dmul.o
       156          4          0          0          0         92   dnaninf.o
        12          0          0          0          0         68   dretinf.o
         0          0          0          0          0          0   usenofp.o

    ----------------------------------------------------------------------
      2426         70         60          0         96       2424   Library Totals
         8          0          3          0          0          0   (incl. Padding)

    ----------------------------------------------------------------------

      Code (inc. data)   RO Data    RW Data    ZI Data      Debug   Library Name

      1782         50         57          0         96       2000   c_w.l
       636         20          0          0          0        424   fz_ws.l

    ----------------------------------------------------------------------
      2426         70         60          0         96       2424   Library Totals

    ----------------------------------------------------------------------

==============================================================================


      Code (inc. data)   RO Data    RW Data    ZI Data      Debug   

     30948       3294       6544         84       9620     373030   Grand Totals
     30948       3294       6544         84       9620     373030   ELF Image Totals
     30948       3294       6544         84          0          0   ROM Totals

==============================================================================

    Total RO  Size (Code + RO Data)                37492 (  36.61kB)
    Total RW  Size (RW Data + ZI Data)              9704 (   9.48kB)
    Total ROM Size (Code + RO Data + RW Data)      37576 (  36.70kB)

==============================================================================

